../My_Libraries/src/ST7735.c:109:6:ST7735_init	8	static
../My_Libraries/src/ST7735.c:212:6:ST7735_Write	24	static
../My_Libraries/src/ST7735.c:235:6:ST7735_Reset	8	static
../My_Libraries/src/ST7735.c:244:6:ST7735_Word_Write	16	static
../My_Libraries/src/ST7735.c:251:6:ST7735_Data_Write	16	static
../My_Libraries/src/ST7735.c:258:6:ST7735_Data_Write_4k	16	static
../My_Libraries/src/ST7735.c:266:6:ST7735_Set_Addr_Window	24	static
../My_Libraries/src/ST7735.c:289:6:ST7735_RAM_Address_Set	8	static
../My_Libraries/src/ST7735.c:295:6:ST7735_Invert_Display	16	static
../My_Libraries/src/ST7735.c:308:14:ST7735_Swap_Colour	16	static
../My_Libraries/src/ST7735.c:314:14:ST7735_Color565	16	static
../My_Libraries/src/ST7735.c:320:6:ST7735_Set_Rotation	16	static
../My_Libraries/src/ST7735.c:358:6:TFT_fill	24	static
../My_Libraries/src/ST7735.c:375:6:Draw_Pixel	16	static
../My_Libraries/src/ST7735.c:382:6:Draw_Line	48	static
../My_Libraries/src/ST7735.c:453:6:Draw_Rectangle	40	static
../My_Libraries/src/ST7735.c:512:6:Draw_Circle	56	static
../My_Libraries/src/ST7735.c:554:6:Draw_Font_Pixel	32	static
../My_Libraries/src/ST7735.c:567:6:print_char	24	static
../My_Libraries/src/ST7735.c:616:6:print_str	24	static
../My_Libraries/src/ST7735.c:626:6:print_C	32	static
../My_Libraries/src/ST7735.c:664:6:print_I	32	static
../My_Libraries/src/ST7735.c:724:6:print_D	32	static
../My_Libraries/src/ST7735.c:749:6:print_F	48	static
