Archive member included to satisfy reference by file (symbol)

d:/st/stm32cubeide_1.7.0/stm32cubeide/plugins/com.st.stm32cube.ide.mcu.externaltools.gnu-tools-for-stm32.9-2020-q2-update.win32_2.0.0.202105311346/tools/bin/../lib/gcc/arm-none-eabi/9.3.1/../../../../arm-none-eabi/lib/thumb/v7e-m+fp/hard\libc_nano.a(lib_a-errno.o)
                              ./Core/Src/syscalls.o (__errno)
d:/st/stm32cubeide_1.7.0/stm32cubeide/plugins/com.st.stm32cube.ide.mcu.externaltools.gnu-tools-for-stm32.9-2020-q2-update.win32_2.0.0.202105311346/tools/bin/../lib/gcc/arm-none-eabi/9.3.1/../../../../arm-none-eabi/lib/thumb/v7e-m+fp/hard\libc_nano.a(lib_a-exit.o)
                              d:/st/stm32cubeide_1.7.0/stm32cubeide/plugins/com.st.stm32cube.ide.mcu.externaltools.gnu-tools-for-stm32.9-2020-q2-update.win32_2.0.0.202105311346/tools/bin/../lib/gcc/arm-none-eabi/9.3.1/../../../../arm-none-eabi/lib/thumb/v7e-m+fp/hard/crt0.o (exit)
d:/st/stm32cubeide_1.7.0/stm32cubeide/plugins/com.st.stm32cube.ide.mcu.externaltools.gnu-tools-for-stm32.9-2020-q2-update.win32_2.0.0.202105311346/tools/bin/../lib/gcc/arm-none-eabi/9.3.1/../../../../arm-none-eabi/lib/thumb/v7e-m+fp/hard\libc_nano.a(lib_a-impure.o)
                              d:/st/stm32cubeide_1.7.0/stm32cubeide/plugins/com.st.stm32cube.ide.mcu.externaltools.gnu-tools-for-stm32.9-2020-q2-update.win32_2.0.0.202105311346/tools/bin/../lib/gcc/arm-none-eabi/9.3.1/../../../../arm-none-eabi/lib/thumb/v7e-m+fp/hard\libc_nano.a(lib_a-exit.o) (_global_impure_ptr)
d:/st/stm32cubeide_1.7.0/stm32cubeide/plugins/com.st.stm32cube.ide.mcu.externaltools.gnu-tools-for-stm32.9-2020-q2-update.win32_2.0.0.202105311346/tools/bin/../lib/gcc/arm-none-eabi/9.3.1/../../../../arm-none-eabi/lib/thumb/v7e-m+fp/hard\libc_nano.a(lib_a-init.o)
                              d:/st/stm32cubeide_1.7.0/stm32cubeide/plugins/com.st.stm32cube.ide.mcu.externaltools.gnu-tools-for-stm32.9-2020-q2-update.win32_2.0.0.202105311346/tools/bin/../lib/gcc/arm-none-eabi/9.3.1/../../../../arm-none-eabi/lib/thumb/v7e-m+fp/hard/crt0.o (__libc_init_array)
d:/st/stm32cubeide_1.7.0/stm32cubeide/plugins/com.st.stm32cube.ide.mcu.externaltools.gnu-tools-for-stm32.9-2020-q2-update.win32_2.0.0.202105311346/tools/bin/../lib/gcc/arm-none-eabi/9.3.1/../../../../arm-none-eabi/lib/thumb/v7e-m+fp/hard\libc_nano.a(lib_a-memset.o)
                              d:/st/stm32cubeide_1.7.0/stm32cubeide/plugins/com.st.stm32cube.ide.mcu.externaltools.gnu-tools-for-stm32.9-2020-q2-update.win32_2.0.0.202105311346/tools/bin/../lib/gcc/arm-none-eabi/9.3.1/../../../../arm-none-eabi/lib/thumb/v7e-m+fp/hard/crt0.o (memset)
d:/st/stm32cubeide_1.7.0/stm32cubeide/plugins/com.st.stm32cube.ide.mcu.externaltools.gnu-tools-for-stm32.9-2020-q2-update.win32_2.0.0.202105311346/tools/bin/../lib/gcc/arm-none-eabi/9.3.1/thumb/v7e-m+fp/hard\libgcc.a(_arm_muldf3.o)
                              ./My_Libraries/AMG8833.o (__aeabi_dmul)
d:/st/stm32cubeide_1.7.0/stm32cubeide/plugins/com.st.stm32cube.ide.mcu.externaltools.gnu-tools-for-stm32.9-2020-q2-update.win32_2.0.0.202105311346/tools/bin/../lib/gcc/arm-none-eabi/9.3.1/thumb/v7e-m+fp/hard\libgcc.a(_arm_addsubdf3.o)
                              ./My_Libraries/AMG8833.o (__aeabi_dadd)
d:/st/stm32cubeide_1.7.0/stm32cubeide/plugins/com.st.stm32cube.ide.mcu.externaltools.gnu-tools-for-stm32.9-2020-q2-update.win32_2.0.0.202105311346/tools/bin/../lib/gcc/arm-none-eabi/9.3.1/thumb/v7e-m+fp/hard\libgcc.a(_arm_truncdfsf2.o)
                              ./My_Libraries/AMG8833.o (__aeabi_d2f)
d:/st/stm32cubeide_1.7.0/stm32cubeide/plugins/com.st.stm32cube.ide.mcu.externaltools.gnu-tools-for-stm32.9-2020-q2-update.win32_2.0.0.202105311346/tools/bin/../lib/gcc/arm-none-eabi/9.3.1/thumb/v7e-m+fp/hard\libgcc.a(_aeabi_uldivmod.o)
                              ./Drivers/STM32F4xx_HAL_Driver/Src/stm32f4xx_hal_rcc.o (__aeabi_uldivmod)
d:/st/stm32cubeide_1.7.0/stm32cubeide/plugins/com.st.stm32cube.ide.mcu.externaltools.gnu-tools-for-stm32.9-2020-q2-update.win32_2.0.0.202105311346/tools/bin/../lib/gcc/arm-none-eabi/9.3.1/thumb/v7e-m+fp/hard\libgcc.a(_udivmoddi4.o)
                              d:/st/stm32cubeide_1.7.0/stm32cubeide/plugins/com.st.stm32cube.ide.mcu.externaltools.gnu-tools-for-stm32.9-2020-q2-update.win32_2.0.0.202105311346/tools/bin/../lib/gcc/arm-none-eabi/9.3.1/thumb/v7e-m+fp/hard\libgcc.a(_aeabi_uldivmod.o) (__udivmoddi4)
d:/st/stm32cubeide_1.7.0/stm32cubeide/plugins/com.st.stm32cube.ide.mcu.externaltools.gnu-tools-for-stm32.9-2020-q2-update.win32_2.0.0.202105311346/tools/bin/../lib/gcc/arm-none-eabi/9.3.1/thumb/v7e-m+fp/hard\libgcc.a(_dvmd_tls.o)
                              d:/st/stm32cubeide_1.7.0/stm32cubeide/plugins/com.st.stm32cube.ide.mcu.externaltools.gnu-tools-for-stm32.9-2020-q2-update.win32_2.0.0.202105311346/tools/bin/../lib/gcc/arm-none-eabi/9.3.1/thumb/v7e-m+fp/hard\libgcc.a(_aeabi_uldivmod.o) (__aeabi_ldiv0)

Allocating common symbols
Common symbol       size              file
[...]
Memory Configuration

Name             Origin             Length             Attributes
CCMRAM           0x0000000010000000 0x0000000000010000 xrw
RAM              0x0000000020000000 0x0000000000030000 xrw
FLASH            0x0000000008000000 0x0000000000200000 xr
*default*        0x0000000000000000 0xffffffffffffffff

Linker script and memory map

LOAD d:/st/stm32cubeide_1.7.0/stm32cubeide/plugins/com.st.stm32cube.ide.mcu.externaltools.gnu-tools-for-stm32.9-2020-q2-update.win32_2.0.0.202105311346/tools/bin/../lib/gcc/arm-none-eabi/9.3.1/thumb/v7e-m+fp/hard/crti.o
LOAD d:/st/stm32cubeide_1.7.0/stm32cubeide/plugins/com.st.stm32cube.ide.mcu.externaltools.gnu-tools-for-stm32.9-2020-q2-update.win32_2.0.0.202105311346/tools/bin/../lib/gcc/arm-none-eabi/9.3.1/thumb/v7e-m+fp/hard/crtbegin.o
LOAD d:/st/stm32cubeide_1.7.0/stm32cubeide/plugins/com.st.stm32cube.ide.mcu.externaltools.gnu-tools-for-stm32.9-2020-q2-update.win32_2.0.0.202105311346/tools/bin/../lib/gcc/arm-none-eabi/9.3.1/../../../../arm-none-eabi/lib/thumb/v7e-m+fp/hard/crt0.o
LOAD ./Core/Src/main.o
LOAD ./Core/Src/stm32f4xx_hal_msp.o
LOAD ./Core/Src/stm32f4xx_it.o
LOAD ./Core/Src/syscalls.o
LOAD ./Core/Src/sysmem.o
LOAD ./Core/Src/system_stm32f4xx.o
LOAD ./Core/Startup/startup_stm32f429zitx.o
LOAD ./Drivers/STM32F4xx_HAL_Driver/Src/stm32f4xx_hal.o
LOAD ./Drivers/STM32F4xx_HAL_Driver/Src/stm32f4xx_hal_cortex.o
LOAD ./Drivers/STM32F4xx_HAL_Driver/Src/stm32f4xx_hal_dma.o
LOAD ./Drivers/STM32F4xx_HAL_Driver/Src/stm32f4xx_hal_dma_ex.o
LOAD ./Drivers/STM32F4xx_HAL_Driver/Src/stm32f4xx_hal_exti.o
LOAD ./Drivers/STM32F4xx_HAL_Driver/Src/stm32f4xx_hal_flash.o
LOAD ./Drivers/STM32F4xx_HAL_Driver/Src/stm32f4xx_hal_flash_ex.o
LOAD ./Drivers/STM32F4xx_HAL_Driver/Src/stm32f4xx_hal_flash_ramfunc.o
LOAD ./Drivers/STM32F4xx_HAL_Driver/Src/stm32f4xx_hal_gpio.o
LOAD ./Drivers/STM32F4xx_HAL_Driver/Src/stm32f4xx_hal_i2c.o
LOAD ./Drivers/STM32F4xx_HAL_Driver/Src/stm32f4xx_hal_i2c_ex.o
LOAD ./Drivers/STM32F4xx_HAL_Driver/Src/stm32f4xx_hal_pwr.o
LOAD ./Drivers/STM32F4xx_HAL_Driver/Src/stm32f4xx_hal_pwr_ex.o
LOAD ./Drivers/STM32F4xx_HAL_Driver/Src/stm32f4xx_hal_rcc.o
LOAD ./Drivers/STM32F4xx_HAL_Driver/Src/stm32f4xx_hal_rcc_ex.o
LOAD ./Drivers/STM32F4xx_HAL_Driver/Src/stm32f4xx_hal_spi.o
LOAD ./Drivers/STM32F4xx_HAL_Driver/Src/stm32f4xx_hal_tim.o
LOAD ./Drivers/STM32F4xx_HAL_Driver/Src/stm32f4xx_hal_tim_ex.o
LOAD ./My_Libraries/AMG8833.o
LOAD ./My_Libraries/ILI9341.o
LOAD ./My_Libraries/font.o
START GROUP
LOAD d:/st/stm32cubeide_1.7.0/stm32cubeide/plugins/com.st.stm32cube.ide.mcu.externaltools.gnu-tools-for-stm32.9-2020-q2-update.win32_2.0.0.202105311346/tools/bin/../lib/gcc/arm-none-eabi/9.3.1/../../../../arm-none-eabi/lib/thumb/v7e-m+fp/hard\libc_nano.a
LOAD d:/st/stm32cubeide_1.7.0/stm32cubeide/plugins/com.st.stm32cube.ide.mcu.externaltools.gnu-tools-for-stm32.9-2020-q2-update.win32_2.0.0.202105311346/tools/bin/../lib/gcc/arm-none-eabi/9.3.1/../../../../arm-none-eabi/lib/thumb/v7e-m+fp/hard\libm.a
END GROUP
START GROUP
LOAD d:/st/stm32cubeide_1.7.0/stm32cubeide/plugins/com.st.stm32cube.ide.mcu.externaltools.gnu-tools-for-stm32.9-2020-q2-update.win32_2.0.0.202105311346/tools/bin/../lib/gcc/arm-none-eabi/9.3.1/thumb/v7e-m+fp/hard\libgcc.a
LOAD d:/st/stm32cubeide_1.7.0/stm32cubeide/plugins/com.st.stm32cube.ide.mcu.externaltools.gnu-tools-for-stm32.9-2020-q2-update.win32_2.0.0.202105311346/tools/bin/../lib/gcc/arm-none-eabi/9.3.1/../../../../arm-none-eabi/lib/thumb/v7e-m+fp/hard\libc_nano.a
END GROUP
START GROUP
LOAD d:/st/stm32cubeide_1.7.0/stm32cubeide/plugins/com.st.stm32cube.ide.mcu.externaltools.gnu-tools-for-stm32.9-2020-q2-update.win32_2.0.0.202105311346/tools/bin/../lib/gcc/arm-none-eabi/9.3.1/thumb/v7e-m+fp/hard\libgcc.a
LOAD d:/st/stm32cubeide_1.7.0/stm32cubeide/plugins/com.st.stm32cube.ide.mcu.externaltools.gnu-tools-for-stm32.9-2020-q2-update.win32_2.0.0.202105311346/tools/bin/../lib/gcc/arm-none-eabi/9.3.1/../../../../arm-none-eabi/lib/thumb/v7e-m+fp/hard\libc_nano.a
LOAD d:/st/stm32cubeide_1.7.0/stm32cubeide/plugins/com.st.stm32cube.ide.mcu.externaltools.gnu-tools-for-stm32.9-2020-q2-update.win32_2.0.0.202105311346/tools/bin/../lib/gcc/arm-none-eabi/9.3.1/../../../../arm-none-eabi/lib/thumb/v7e-m+fp/hard\libnosys.a
END GROUP
START GROUP
LOAD d:/st/stm32cubeide_1.7.0/stm32cubeide/plugins/com.st.stm32cube.ide.mcu.externaltools.gnu-tools-for-stm32.9-2020-q2-update.win32_2.0.0.202105311346/tools/bin/../lib/gcc/arm-none-eabi/9.3.1/thumb/v7e-m+fp/hard\libgcc.a
LOAD d:/st/stm32cubeide_1.7.0/stm32cubeide/plugins/com.st.stm32cube.ide.mcu.externaltools.gnu-tools-for-stm32.9-2020-q2-update.win32_2.0.0.202105311346/tools/bin/../lib/gcc/arm-none-eabi/9.3.1/../../../../arm-none-eabi/lib/thumb/v7e-m+fp/hard\libc_nano.a
LOAD d:/st/stm32cubeide_1.7.0/stm32cubeide/plugins/com.st.stm32cube.ide.mcu.externaltools.gnu-tools-for-stm32.9-2020-q2-update.win32_2.0.0.202105311346/tools/bin/../lib/gcc/arm-none-eabi/9.3.1/../../../../arm-none-eabi/lib/thumb/v7e-m+fp/hard\libnosys.a
END GROUP
LOAD d:/st/stm32cubeide_1.7.0/stm32cubeide/plugins/com.st.stm32cube.ide.mcu.externaltools.gnu-tools-for-stm32.9-2020-q2-update.win32_2.0.0.202105311346/tools/bin/../lib/gcc/arm-none-eabi/9.3.1/thumb/v7e-m+fp/hard/crtend.o
LOAD d:/st/stm32cubeide_1.7.0/stm32cubeide/plugins/com.st.stm32cube.ide.mcu.externaltools.gnu-tools-for-stm32.9-2020-q2-update.win32_2.0.0.202105311346/tools/bin/../lib/gcc/arm-none-eabi/9.3.1/thumb/v7e-m+fp/hard/crtn.o
                0x0000000020030000                _estack = (ORIGIN (RAM) + LENGTH (RAM))
                0x0000000000000200                _Min_Heap_Size = 0x200
                0x0000000000000400                _Min_Stack_Size = 0x400

.isr_vector     0x0000000008000000      0x1ac
                0x0000000008000000                . = ALIGN (0x4)
 *(.isr_vector)
 .isr_vector    0x0000000008000000      0x1ac ./Core/Startup/startup_stm32f429zitx.o
                0x0000000008000000                g_pfnVectors
                0x00000000080001ac                . = ALIGN (0x4)

.text           0x00000000080001ac     0x47e8
                0x00000000080001ac                . = ALIGN (0x4)
 *(.text)
 .text          0x00000000080001ac       0x40 d:/st/stm32cubeide_1.7.0/stm32cubeide/plugins/com.st.stm32cube.ide.mcu.externaltools.gnu-tools-for-stm32.9-2020-q2-update.win32_2.0.0.202105311346/tools/bin/../lib/gcc/arm-none-eabi/9.3.1/thumb/v7e-m+fp/hard/crtbegin.o
 .text          0x00000000080001ec       0x30 d:/st/stm32cubeide_1.7.0/stm32cubeide/plugins/com.st.stm32cube.ide.mcu.externaltools.gnu-tools-for-stm32.9-2020-q2-update.win32_2.0.0.202105311346/tools/bin/../lib/gcc/arm-none-eabi/9.3.1/thumb/v7e-m+fp/hard\libgcc.a(_aeabi_uldivmod.o)
                0x00000000080001ec                __aeabi_uldivmod
 .text          0x000000000800021c      0x2c4 d:/st/stm32cubeide_1.7.0/stm32cubeide/plugins/com.st.stm32cube.ide.mcu.externaltools.gnu-tools-for-stm32.9-2020-q2-update.win32_2.0.0.202105311346/tools/bin/../lib/gcc/arm-none-eabi/9.3.1/thumb/v7e-m+fp/hard\libgcc.a(_udivmoddi4.o)
                0x000000000800021c                __udivmoddi4
 .text          0x00000000080004e0        0x4 d:/st/stm32cubeide_1.7.0/stm32cubeide/plugins/com.st.stm32cube.ide.mcu.externaltools.gnu-tools-for-stm32.9-2020-q2-update.win32_2.0.0.202105311346/tools/bin/../lib/gcc/arm-none-eabi/9.3.1/thumb/v7e-m+fp/hard\libgcc.a(_dvmd_tls.o)
                0x00000000080004e0                __aeabi_idiv0
                0x00000000080004e0                __aeabi_ldiv0
 *(.text*)
 .text.main     0x00000000080004e4      0x614 ./Core/Src/main.o
                0x00000000080004e4                main
 .text.SystemClock_Config
                0x0000000008000af8       0xd4 ./Core/Src/main.o
                0x0000000008000af8                SystemClock_Config
 .text.MX_I2C2_Init
                0x0000000008000bcc       0x80 ./Core/Src/main.o
 .text.MX_SPI5_Init
                0x0000000008000c4c       0x70 ./Core/Src/main.o
 .text.MX_GPIO_Init
                0x0000000008000cbc      0x150 ./Core/Src/main.o
 .text.Error_Handler
                0x0000000008000e0c        0xa ./Core/Src/main.o
                0x0000000008000e0c                Error_Handler
 *fill*         0x0000000008000e16        0x2 
 .text.HAL_MspInit
                0x0000000008000e18       0x50 ./Core/Src/stm32f4xx_hal_msp.o
                0x0000000008000e18                HAL_MspInit
 .text.HAL_I2C_MspInit
                0x0000000008000e68       0x90 ./Core/Src/stm32f4xx_hal_msp.o
                0x0000000008000e68                HAL_I2C_MspInit
 .text.HAL_SPI_MspInit
                0x0000000008000ef8       0x90 ./Core/Src/stm32f4xx_hal_msp.o
                0x0000000008000ef8                HAL_SPI_MspInit
 .text.NMI_Handler
                0x0000000008000f88        0x6 ./Core/Src/stm32f4xx_it.o
                0x0000000008000f88                NMI_Handler
 .text.HardFault_Handler
                0x0000000008000f8e        0x6 ./Core/Src/stm32f4xx_it.o
                0x0000000008000f8e                HardFault_Handler
 .text.MemManage_Handler
                0x0000000008000f94        0x6 ./Core/Src/stm32f4xx_it.o
                0x0000000008000f94                MemManage_Handler
 .text.BusFault_Handler
                0x0000000008000f9a        0x6 ./Core/Src/stm32f4xx_it.o
                0x0000000008000f9a                BusFault_Handler
 .text.UsageFault_Handler
                0x0000000008000fa0        0x6 ./Core/Src/stm32f4xx_it.o
                0x0000000008000fa0                UsageFault_Handler
 .text.SVC_Handler
                0x0000000008000fa6        0xe ./Core/Src/stm32f4xx_it.o
                0x0000000008000fa6                SVC_Handler
 .text.DebugMon_Handler
                0x0000000008000fb4        0xe ./Core/Src/stm32f4xx_it.o
                0x0000000008000fb4                DebugMon_Handler
 .text.PendSV_Handler
                0x0000000008000fc2        0xe ./Core/Src/stm32f4xx_it.o
                0x0000000008000fc2                PendSV_Handler
 .text.SysTick_Handler
                0x0000000008000fd0        0xc ./Core/Src/stm32f4xx_it.o
                0x0000000008000fd0                SysTick_Handler
 .text.SystemInit
                0x0000000008000fdc       0x24 ./Core/Src/system_stm32f4xx.o
                0x0000000008000fdc                SystemInit
 .text.Reset_Handler
                0x0000000008001000       0x50 ./Core/Startup/startup_stm32f429zitx.o
                0x0000000008001000                Reset_Handler
 .text.Default_Handler
                0x0000000008001050        0x2 ./Core/Startup/startup_stm32f429zitx.o
                0x0000000008001050                RTC_Alarm_IRQHandler
                0x0000000008001050                HASH_RNG_IRQHandler
                0x0000000008001050                EXTI2_IRQHandler
                0x0000000008001050                TIM8_CC_IRQHandler
                0x0000000008001050                UART8_IRQHandler
                0x0000000008001050                SPI4_IRQHandler
                0x0000000008001050                TIM1_CC_IRQHandler
                0x0000000008001050                DMA2_Stream5_IRQHandler
                0x0000000008001050                DMA1_Stream5_IRQHandler
                0x0000000008001050                PVD_IRQHandler
                0x0000000008001050                SDIO_IRQHandler
                0x0000000008001050                TAMP_STAMP_IRQHandler
                0x0000000008001050                CAN2_RX1_IRQHandler
                0x0000000008001050                EXTI3_IRQHandler
                0x0000000008001050                TIM8_TRG_COM_TIM14_IRQHandler
                0x0000000008001050                TIM1_UP_TIM10_IRQHandler
                0x0000000008001050                TIM8_UP_TIM13_IRQHandler
                0x0000000008001050                I2C3_ER_IRQHandler
                0x0000000008001050                EXTI0_IRQHandler
                0x0000000008001050                I2C2_EV_IRQHandler
                0x0000000008001050                DMA1_Stream2_IRQHandler
                0x0000000008001050                CAN1_RX0_IRQHandler
                0x0000000008001050                FPU_IRQHandler
                0x0000000008001050                OTG_HS_WKUP_IRQHandler
                0x0000000008001050                LTDC_ER_IRQHandler
                0x0000000008001050                CAN2_SCE_IRQHandler
                0x0000000008001050                DMA2_Stream2_IRQHandler
                0x0000000008001050                SPI1_IRQHandler
                0x0000000008001050                TIM6_DAC_IRQHandler
                0x0000000008001050                TIM1_BRK_TIM9_IRQHandler
                0x0000000008001050                DCMI_IRQHandler
                0x0000000008001050                CAN2_RX0_IRQHandler
                0x0000000008001050                DMA2_Stream3_IRQHandler
                0x0000000008001050                USART6_IRQHandler
                0x0000000008001050                USART3_IRQHandler
                0x0000000008001050                CAN1_RX1_IRQHandler
                0x0000000008001050                UART5_IRQHandler
                0x0000000008001050                DMA2_Stream0_IRQHandler
                0x0000000008001050                TIM4_IRQHandler
                0x0000000008001050                I2C1_EV_IRQHandler
                0x0000000008001050                DMA1_Stream6_IRQHandler
                0x0000000008001050                DMA1_Stream1_IRQHandler
                0x0000000008001050                UART4_IRQHandler
                0x0000000008001050                TIM3_IRQHandler
                0x0000000008001050                RCC_IRQHandler
                0x0000000008001050                TIM8_BRK_TIM12_IRQHandler
                0x0000000008001050                Default_Handler
                0x0000000008001050                EXTI15_10_IRQHandler
                0x0000000008001050                ADC_IRQHandler
                0x0000000008001050                DMA1_Stream7_IRQHandler
                0x0000000008001050                SPI5_IRQHandler
                0x0000000008001050                TIM7_IRQHandler
                0x0000000008001050                CAN2_TX_IRQHandler
                0x0000000008001050                TIM5_IRQHandler
                0x0000000008001050                DMA2_Stream7_IRQHandler
                0x0000000008001050                I2C3_EV_IRQHandler
                0x0000000008001050                EXTI9_5_IRQHandler
                0x0000000008001050                RTC_WKUP_IRQHandler
                0x0000000008001050                LTDC_IRQHandler
                0x0000000008001050                ETH_WKUP_IRQHandler
                0x0000000008001050                SPI2_IRQHandler
                0x0000000008001050                OTG_HS_EP1_IN_IRQHandler
                0x0000000008001050                DMA1_Stream0_IRQHandler
                0x0000000008001050                CAN1_TX_IRQHandler
                0x0000000008001050                EXTI4_IRQHandler
                0x0000000008001050                ETH_IRQHandler
                0x0000000008001050                OTG_HS_EP1_OUT_IRQHandler
                0x0000000008001050                WWDG_IRQHandler
                0x0000000008001050                SPI6_IRQHandler
                0x0000000008001050                TIM2_IRQHandler
                0x0000000008001050                OTG_FS_WKUP_IRQHandler
                0x0000000008001050                TIM1_TRG_COM_TIM11_IRQHandler
                0x0000000008001050                OTG_HS_IRQHandler
                0x0000000008001050                DMA2D_IRQHandler
                0x0000000008001050                EXTI1_IRQHandler
                0x0000000008001050                UART7_IRQHandler
                0x0000000008001050                USART2_IRQHandler
                0x0000000008001050                I2C2_ER_IRQHandler
                0x0000000008001050                DMA2_Stream1_IRQHandler
                0x0000000008001050                CAN1_SCE_IRQHandler
                0x0000000008001050                FLASH_IRQHandler
                0x0000000008001050                DMA2_Stream4_IRQHandler
                0x0000000008001050                USART1_IRQHandler
                0x0000000008001050                OTG_FS_IRQHandler
                0x0000000008001050                SPI3_IRQHandler
                0x0000000008001050                DMA1_Stream4_IRQHandler
                0x0000000008001050                I2C1_ER_IRQHandler
                0x0000000008001050                FMC_IRQHandler
                0x0000000008001050                DMA2_Stream6_IRQHandler
                0x0000000008001050                SAI1_IRQHandler
                0x0000000008001050                DMA1_Stream3_IRQHandler
 *fill*         0x0000000008001052        0x2 
 .text.HAL_Init
                0x0000000008001054       0x44 ./Drivers/STM32F4xx_HAL_Driver/Src/stm32f4xx_hal.o
                0x0000000008001054                HAL_Init
 .text.HAL_InitTick
                0x0000000008001098       0x60 ./Drivers/STM32F4xx_HAL_Driver/Src/stm32f4xx_hal.o
                0x0000000008001098                HAL_InitTick
 .text.HAL_IncTick
                0x00000000080010f8       0x28 ./Drivers/STM32F4xx_HAL_Driver/Src/stm32f4xx_hal.o
                0x00000000080010f8                HAL_IncTick
 .text.HAL_GetTick
                0x0000000008001120       0x18 ./Drivers/STM32F4xx_HAL_Driver/Src/stm32f4xx_hal.o
                0x0000000008001120                HAL_GetTick
 .text.HAL_Delay
                0x0000000008001138       0x48 ./Drivers/STM32F4xx_HAL_Driver/Src/stm32f4xx_hal.o
                0x0000000008001138                HAL_Delay
 .text.__NVIC_SetPriorityGrouping
                0x0000000008001180       0x48 ./Drivers/STM32F4xx_HAL_Driver/Src/stm32f4xx_hal_cortex.o
 .text.__NVIC_GetPriorityGrouping
                0x00000000080011c8       0x1c ./Drivers/STM32F4xx_HAL_Driver/Src/stm32f4xx_hal_cortex.o
 .text.__NVIC_SetPriority
                0x00000000080011e4       0x54 ./Drivers/STM32F4xx_HAL_Driver/Src/stm32f4xx_hal_cortex.o
 .text.NVIC_EncodePriority
                0x0000000008001238       0x66 ./Drivers/STM32F4xx_HAL_Driver/Src/stm32f4xx_hal_cortex.o
 *fill*         0x000000000800129e        0x2 
 .text.SysTick_Config
                0x00000000080012a0       0x44 ./Drivers/STM32F4xx_HAL_Driver/Src/stm32f4xx_hal_cortex.o
 .text.HAL_NVIC_SetPriorityGrouping
                0x00000000080012e4       0x16 ./Drivers/STM32F4xx_HAL_Driver/Src/stm32f4xx_hal_cortex.o
                0x00000000080012e4                HAL_NVIC_SetPriorityGrouping
 .text.HAL_NVIC_SetPriority
                0x00000000080012fa       0x38 ./Drivers/STM32F4xx_HAL_Driver/Src/stm32f4xx_hal_cortex.o
                0x00000000080012fa                HAL_NVIC_SetPriority
 .text.HAL_SYSTICK_Config
                0x0000000008001332       0x18 ./Drivers/STM32F4xx_HAL_Driver/Src/stm32f4xx_hal_cortex.o
                0x0000000008001332                HAL_SYSTICK_Config
 *fill*         0x000000000800134a        0x2 
 .text.HAL_GPIO_Init
                0x000000000800134c      0x358 ./Drivers/STM32F4xx_HAL_Driver/Src/stm32f4xx_hal_gpio.o
                0x000000000800134c                HAL_GPIO_Init
 .text.HAL_GPIO_ReadPin
                0x00000000080016a4       0x30 ./Drivers/STM32F4xx_HAL_Driver/Src/stm32f4xx_hal_gpio.o
                0x00000000080016a4                HAL_GPIO_ReadPin
 .text.HAL_GPIO_WritePin
                0x00000000080016d4       0x32 ./Drivers/STM32F4xx_HAL_Driver/Src/stm32f4xx_hal_gpio.o
                0x00000000080016d4                HAL_GPIO_WritePin
 *fill*         0x0000000008001706        0x2 
 .text.HAL_I2C_Init
                0x0000000008001708      0x288 ./Drivers/STM32F4xx_HAL_Driver/Src/stm32f4xx_hal_i2c.o
                0x0000000008001708                HAL_I2C_Init
 .text.HAL_I2C_Master_Transmit
                0x0000000008001990      0x1fc ./Drivers/STM32F4xx_HAL_Driver/Src/stm32f4xx_hal_i2c.o
                0x0000000008001990                HAL_I2C_Master_Transmit
 .text.HAL_I2C_Master_Receive
                0x0000000008001b8c      0x44c ./Drivers/STM32F4xx_HAL_Driver/Src/stm32f4xx_hal_i2c.o
                0x0000000008001b8c                HAL_I2C_Master_Receive
 .text.I2C_MasterRequestWrite
                0x0000000008001fd8      0x104 ./Drivers/STM32F4xx_HAL_Driver/Src/stm32f4xx_hal_i2c.o
 .text.I2C_MasterRequestRead
                0x00000000080020dc      0x19c ./Drivers/STM32F4xx_HAL_Driver/Src/stm32f4xx_hal_i2c.o
 .text.I2C_WaitOnFlagUntilTimeout
                0x0000000008002278       0xae ./Drivers/STM32F4xx_HAL_Driver/Src/stm32f4xx_hal_i2c.o
 .text.I2C_WaitOnMasterAddressFlagUntilTimeout
                0x0000000008002326       0xfe ./Drivers/STM32F4xx_HAL_Driver/Src/stm32f4xx_hal_i2c.o
 .text.I2C_WaitOnTXEFlagUntilTimeout
                0x0000000008002424       0x82 ./Drivers/STM32F4xx_HAL_Driver/Src/stm32f4xx_hal_i2c.o
 .text.I2C_WaitOnBTFFlagUntilTimeout
                0x00000000080024a6       0x82 ./Drivers/STM32F4xx_HAL_Driver/Src/stm32f4xx_hal_i2c.o
 .text.I2C_WaitOnRXNEFlagUntilTimeout
                0x0000000008002528       0xac ./Drivers/STM32F4xx_HAL_Driver/Src/stm32f4xx_hal_i2c.o
 .text.I2C_IsAcknowledgeFailed
                0x00000000080025d4       0x5e ./Drivers/STM32F4xx_HAL_Driver/Src/stm32f4xx_hal_i2c.o
 .text.HAL_I2CEx_ConfigAnalogFilter
                0x0000000008002632       0x78 ./Drivers/STM32F4xx_HAL_Driver/Src/stm32f4xx_hal_i2c_ex.o
                0x0000000008002632                HAL_I2CEx_ConfigAnalogFilter
 .text.HAL_I2CEx_ConfigDigitalFilter
                0x00000000080026aa       0x7e ./Drivers/STM32F4xx_HAL_Driver/Src/stm32f4xx_hal_i2c_ex.o
                0x00000000080026aa                HAL_I2CEx_ConfigDigitalFilter
 .text.HAL_RCC_OscConfig
                0x0000000008002728      0x4f0 ./Drivers/STM32F4xx_HAL_Driver/Src/stm32f4xx_hal_rcc.o
                0x0000000008002728                HAL_RCC_OscConfig
 .text.HAL_RCC_ClockConfig
                0x0000000008002c18      0x1cc ./Drivers/STM32F4xx_HAL_Driver/Src/stm32f4xx_hal_rcc.o
                0x0000000008002c18                HAL_RCC_ClockConfig
 .text.HAL_RCC_GetSysClockFreq
                0x0000000008002de4      0x1c4 ./Drivers/STM32F4xx_HAL_Driver/Src/stm32f4xx_hal_rcc.o
                0x0000000008002de4                HAL_RCC_GetSysClockFreq
 .text.HAL_RCC_GetHCLKFreq
                0x0000000008002fa8       0x18 ./Drivers/STM32F4xx_HAL_Driver/Src/stm32f4xx_hal_rcc.o
                0x0000000008002fa8                HAL_RCC_GetHCLKFreq
 .text.HAL_RCC_GetPCLK1Freq
                0x0000000008002fc0       0x28 ./Drivers/STM32F4xx_HAL_Driver/Src/stm32f4xx_hal_rcc.o
                0x0000000008002fc0                HAL_RCC_GetPCLK1Freq
 .text.HAL_SPI_Init
                0x0000000008002fe8      0x112 ./Drivers/STM32F4xx_HAL_Driver/Src/stm32f4xx_hal_spi.o
                0x0000000008002fe8                HAL_SPI_Init
 .text.HAL_SPI_Transmit
                0x00000000080030fa      0x278 ./Drivers/STM32F4xx_HAL_Driver/Src/stm32f4xx_hal_spi.o
                0x00000000080030fa                HAL_SPI_Transmit
 *fill*         0x0000000008003372        0x2 
 .text.SPI_WaitFlagStateUntilTimeout
                0x0000000008003374      0x110 ./Drivers/STM32F4xx_HAL_Driver/Src/stm32f4xx_hal_spi.o
 .text.SPI_EndRxTxTransaction
                0x0000000008003484       0x84 ./Drivers/STM32F4xx_HAL_Driver/Src/stm32f4xx_hal_spi.o
 .text.AMG8833_init
                0x0000000008003508       0x54 ./My_Libraries/AMG8833.o
                0x0000000008003508                AMG8833_init
 .text.AMG8833_write_byte
                0x000000000800355c       0x3c ./My_Libraries/AMG8833.o
                0x000000000800355c                AMG8833_write_byte
 .text.AMG8833_read_byte
                0x0000000008003598       0x50 ./My_Libraries/AMG8833.o
                0x0000000008003598                AMG8833_read_byte
 .text.AMG8833_set_upper_interrupt_limit
                0x00000000080035e8       0x2e ./My_Libraries/AMG8833.o
                0x00000000080035e8                AMG8833_set_upper_interrupt_limit
 .text.AMG8833_set_lower_interrupt_limit
                0x0000000008003616       0x2e ./My_Libraries/AMG8833.o
                0x0000000008003616                AMG8833_set_lower_interrupt_limit
 .text.AMG8833_set_interrupt_hystersis_level
                0x0000000008003644       0x2e ./My_Libraries/AMG8833.o
                0x0000000008003644                AMG8833_set_interrupt_hystersis_level
 *fill*         0x0000000008003672        0x2 
 .text.AMG8833_get_temperature
                0x0000000008003674       0x90 ./My_Libraries/AMG8833.o
                0x0000000008003674                AMG8833_get_temperature
 .text.AMG8833_read_pixel_temperature_register_value
                0x0000000008003704       0x82 ./My_Libraries/AMG8833.o
                0x0000000008003704                AMG8833_read_pixel_temperature_register_value
 *fill*         0x0000000008003786        0x2 
 .text.TFT_init
                0x0000000008003788      0x324 ./My_Libraries/ILI9341.o
                0x0000000008003788                TFT_init
 .text.TFT_reset
                0x0000000008003aac       0x2c ./My_Libraries/ILI9341.o
                0x0000000008003aac                TFT_reset
 .text.TFT_write
                0x0000000008003ad8       0x58 ./My_Libraries/ILI9341.o
                0x0000000008003ad8                TFT_write
 .text.TFT_write_word
                0x0000000008003b30       0x64 ./My_Libraries/ILI9341.o
                0x0000000008003b30                TFT_write_word
 .text.TFT_on_off
                0x0000000008003b94       0x30 ./My_Libraries/ILI9341.o
                0x0000000008003b94                TFT_on_off
 .text.TFT_set_rotation
                0x0000000008003bc4       0x9c ./My_Libraries/ILI9341.o
                0x0000000008003bc4                TFT_set_rotation
 .text.TFT_set_display_window
                0x0000000008003c60       0x66 ./My_Libraries/ILI9341.o
                0x0000000008003c60                TFT_set_display_window
 *fill*         0x0000000008003cc6        0x2 
 .text.TFT_fill
                0x0000000008003cc8       0x54 ./My_Libraries/ILI9341.o
                0x0000000008003cc8                TFT_fill
 .text.TFT_fill_area
                0x0000000008003d1c       0xbc ./My_Libraries/ILI9341.o
                0x0000000008003d1c                TFT_fill_area
 .text.swap     0x0000000008003dd8       0x30 ./My_Libraries/ILI9341.o
                0x0000000008003dd8                swap
 .text.Draw_Pixel
                0x0000000008003e08       0x30 ./My_Libraries/ILI9341.o
                0x0000000008003e08                Draw_Pixel
 .text.Draw_V_Line
                0x0000000008003e38       0x6c ./My_Libraries/ILI9341.o
                0x0000000008003e38                Draw_V_Line
 .text.Draw_H_Line
                0x0000000008003ea4       0x6c ./My_Libraries/ILI9341.o
                0x0000000008003ea4                Draw_H_Line
 .text.Draw_Rectangle
                0x0000000008003f10      0x14e ./My_Libraries/ILI9341.o
                0x0000000008003f10                Draw_Rectangle
 .text.Draw_Font_Pixel
                0x000000000800405e       0x70 ./My_Libraries/ILI9341.o
                0x000000000800405e                Draw_Font_Pixel
 *fill*         0x00000000080040ce        0x2 
 .text.print_char
                0x00000000080040d0       0xe0 ./My_Libraries/ILI9341.o
                0x00000000080040d0                print_char
 .text.print_str
                0x00000000080041b0       0x7e ./My_Libraries/ILI9341.o
                0x00000000080041b0                print_str
 *fill*         0x000000000800422e        0x2 
 .text.print_I  0x0000000008004230      0x384 ./My_Libraries/ILI9341.o
                0x0000000008004230                print_I
 .text.print_D  0x00000000080045b4       0xf8 ./My_Libraries/ILI9341.o
                0x00000000080045b4                print_D
 .text.print_F  0x00000000080046ac      0x278 ./My_Libraries/ILI9341.o
                0x00000000080046ac                print_F
 .text.__libc_init_array
                0x0000000008004924       0x48 d:/st/stm32cubeide_1.7.0/stm32cubeide/plugins/com.st.stm32cube.ide.mcu.externaltools.gnu-tools-for-stm32.9-2020-q2-update.win32_2.0.0.202105311346/tools/bin/../lib/gcc/arm-none-eabi/9.3.1/../../../../arm-none-eabi/lib/thumb/v7e-m+fp/hard\libc_nano.a(lib_a-init.o)
                0x0000000008004924                __libc_init_array
 .text.memset   0x000000000800496c       0x10 d:/st/stm32cubeide_1.7.0/stm32cubeide/plugins/com.st.stm32cube.ide.mcu.externaltools.gnu-tools-for-stm32.9-2020-q2-update.win32_2.0.0.202105311346/tools/bin/../lib/gcc/arm-none-eabi/9.3.1/../../../../arm-none-eabi/lib/thumb/v7e-m+fp/hard\libc_nano.a(lib_a-memset.o)
                0x000000000800496c                memset
 *(.glue_7)
 .glue_7        0x000000000800497c        0x0 linker stubs
 *(.glue_7t)
 .glue_7t       0x000000000800497c        0x0 linker stubs
 *(.eh_frame)
 .eh_frame      0x000000000800497c        0x0 d:/st/stm32cubeide_1.7.0/stm32cubeide/plugins/com.st.stm32cube.ide.mcu.externaltools.gnu-tools-for-stm32.9-2020-q2-update.win32_2.0.0.202105311346/tools/bin/../lib/gcc/arm-none-eabi/9.3.1/thumb/v7e-m+fp/hard/crtbegin.o
 *(.init)
 .init          0x000000000800497c        0x4 d:/st/stm32cubeide_1.7.0/stm32cubeide/plugins/com.st.stm32cube.ide.mcu.externaltools.gnu-tools-for-stm32.9-2020-q2-update.win32_2.0.0.202105311346/tools/bin/../lib/gcc/arm-none-eabi/9.3.1/thumb/v7e-m+fp/hard/crti.o
                0x000000000800497c                _init
 .init          0x0000000008004980        0x8 d:/st/stm32cubeide_1.7.0/stm32cubeide/plugins/com.st.stm32cube.ide.mcu.externaltools.gnu-tools-for-stm32.9-2020-q2-update.win32_2.0.0.202105311346/tools/bin/../lib/gcc/arm-none-eabi/9.3.1/thumb/v7e-m+fp/hard/crtn.o
 *(.fini)
 .fini          0x0000000008004988        0x4 d:/st/stm32cubeide_1.7.0/stm32cubeide/plugins/com.st.stm32cube.ide.mcu.externaltools.gnu-tools-for-stm32.9-2020-q2-update.win32_2.0.0.202105311346/tools/bin/../lib/gcc/arm-none-eabi/9.3.1/thumb/v7e-m+fp/hard/crti.o
                0x0000000008004988                _fini
 .fini          0x000000000800498c        0x8 d:/st/stm32cubeide_1.7.0/stm32cubeide/plugins/com.st.stm32cube.ide.mcu.externaltools.gnu-tools-for-stm32.9-2020-q2-update.win32_2.0.0.202105311346/tools/bin/../lib/gcc/arm-none-eabi/9.3.1/thumb/v7e-m+fp/hard/crtn.o
                0x0000000008004994                . = ALIGN (0x4)
                0x0000000008004994                _etext = .

.vfp11_veneer   0x0000000008004994        0x0
 .vfp11_veneer  0x0000000008004994        0x0 linker stubs

.v4_bx          0x0000000008004994        0x0
 .v4_bx         0x0000000008004994        0x0 linker stubs

.iplt           0x0000000008004994        0x0
 .iplt          0x0000000008004994        0x0 d:/st/stm32cubeide_1.7.0/stm32cubeide/plugins/com.st.stm32cube.ide.mcu.externaltools.gnu-tools-for-stm32.9-2020-q2-update.win32_2.0.0.202105311346/tools/bin/../lib/gcc/arm-none-eabi/9.3.1/thumb/v7e-m+fp/hard/crtbegin.o

.rodata         0x0000000008004994      0x270
                0x0000000008004994                . = ALIGN (0x4)
 *(.rodata)
 .rodata        0x0000000008004994       0x60 ./Core/Src/main.o
 .rodata        0x00000000080049f4       0x15 ./My_Libraries/ILI9341.o
 *(.rodata*)
 *fill*         0x0000000008004a09        0x3 
 .rodata.AHBPrescTable
                0x0000000008004a0c       0x10 ./Core/Src/system_stm32f4xx.o
                0x0000000008004a0c                AHBPrescTable
 .rodata.APBPrescTable
                0x0000000008004a1c        0x8 ./Core/Src/system_stm32f4xx.o
                0x0000000008004a1c                APBPrescTable
 .rodata.font   0x0000000008004a24      0x1e0 ./My_Libraries/ILI9341.o
                0x0000000008004c04                . = ALIGN (0x4)

.ARM.extab      0x0000000008004c04        0x0
                0x0000000008004c04                . = ALIGN (0x4)
 *(.ARM.extab* .gnu.linkonce.armextab.*)
                0x0000000008004c04                . = ALIGN (0x4)

.ARM            0x0000000008004c04        0x8
                0x0000000008004c04                . = ALIGN (0x4)
                0x0000000008004c04                __exidx_start = .
 *(.ARM.exidx*)
 .ARM.exidx     0x0000000008004c04        0x8 d:/st/stm32cubeide_1.7.0/stm32cubeide/plugins/com.st.stm32cube.ide.mcu.externaltools.gnu-tools-for-stm32.9-2020-q2-update.win32_2.0.0.202105311346/tools/bin/../lib/gcc/arm-none-eabi/9.3.1/thumb/v7e-m+fp/hard\libgcc.a(_udivmoddi4.o)
                0x0000000008004c0c                __exidx_end = .
                0x0000000008004c0c                . = ALIGN (0x4)

.rel.dyn        0x0000000008004c0c        0x0
 .rel.iplt      0x0000000008004c0c        0x0 d:/st/stm32cubeide_1.7.0/stm32cubeide/plugins/com.st.stm32cube.ide.mcu.externaltools.gnu-tools-for-stm32.9-2020-q2-update.win32_2.0.0.202105311346/tools/bin/../lib/gcc/arm-none-eabi/9.3.1/thumb/v7e-m+fp/hard/crtbegin.o

.preinit_array  0x0000000008004c0c        0x0
                0x0000000008004c0c                . = ALIGN (0x4)
                0x0000000008004c0c                PROVIDE (__preinit_array_start = .)
 *(.preinit_array*)
                0x0000000008004c0c                PROVIDE (__preinit_array_end = .)
                0x0000000008004c0c                . = ALIGN (0x4)

.init_array     0x0000000008004c0c        0x4
                0x0000000008004c0c                . = ALIGN (0x4)
                0x0000000008004c0c                PROVIDE (__init_array_start = .)
 *(SORT_BY_NAME(.init_array.*))
 *(.init_array*)
 .init_array    0x0000000008004c0c        0x4 d:/st/stm32cubeide_1.7.0/stm32cubeide/plugins/com.st.stm32cube.ide.mcu.externaltools.gnu-tools-for-stm32.9-2020-q2-update.win32_2.0.0.202105311346/tools/bin/../lib/gcc/arm-none-eabi/9.3.1/thumb/v7e-m+fp/hard/crtbegin.o
                0x0000000008004c10                PROVIDE (__init_array_end = .)
                0x0000000008004c10                . = ALIGN (0x4)

.fini_array     0x0000000008004c10        0x4
                0x0000000008004c10                . = ALIGN (0x4)
                [!provide]                        PROVIDE (__fini_array_start = .)
 *(SORT_BY_NAME(.fini_array.*))
 *(.fini_array*)
 .fini_array    0x0000000008004c10        0x4 d:/st/stm32cubeide_1.7.0/stm32cubeide/plugins/com.st.stm32cube.ide.mcu.externaltools.gnu-tools-for-stm32.9-2020-q2-update.win32_2.0.0.202105311346/tools/bin/../lib/gcc/arm-none-eabi/9.3.1/thumb/v7e-m+fp/hard/crtbegin.o
                [!provide]                        PROVIDE (__fini_array_end = .)
                0x0000000008004c14                . = ALIGN (0x4)
                0x0000000008004c14                _sidata = LOADADDR (.data)

.data           0x0000000020000000        0xc load address 0x0000000008004c14
                0x0000000020000000                . = ALIGN (0x4)
                0x0000000020000000                _sdata = .
 *(.data)
 *(.data*)
 .data.SystemCoreClock
                0x0000000020000000        0x4 ./Core/Src/system_stm32f4xx.o
                0x0000000020000000                SystemCoreClock
 .data.uwTickPrio
                0x0000000020000004        0x4 ./Drivers/STM32F4xx_HAL_Driver/Src/stm32f4xx_hal.o
                0x0000000020000004                uwTickPrio
 .data.uwTickFreq
                0x0000000020000008        0x1 ./Drivers/STM32F4xx_HAL_Driver/Src/stm32f4xx_hal.o
                0x0000000020000008                uwTickFreq
 *(.RamFunc)
 *(.RamFunc*)
                0x000000002000000c                . = ALIGN (0x4)
 *fill*         0x0000000020000009        0x3 
                0x000000002000000c                _edata = .
                0x0000000008004c20                _siccmram = LOADADDR (.ccmram)

.igot.plt       0x000000002000000c        0x0 load address 0x0000000008004c20
 .igot.plt      0x000000002000000c        0x0 d:/st/stm32cubeide_1.7.0/stm32cubeide/plugins/com.st.stm32cube.ide.mcu.externaltools.gnu-tools-for-stm32.9-2020-q2-update.win32_2.0.0.202105311346/tools/bin/../lib/gcc/arm-none-eabi/9.3.1/thumb/v7e-m+fp/hard/crtbegin.o

.ccmram         0x0000000010000000        0x0 load address 0x0000000008004c20
                0x0000000010000000                . = ALIGN (0x4)
                0x0000000010000000                _sccmram = .
 *(.ccmram)
 *(.ccmram*)
                0x0000000010000000                . = ALIGN (0x4)
                0x0000000010000000                _eccmram = .
                0x0000000010000000                . = ALIGN (0x4)

.bss            0x000000002000000c       0xd0
                0x000000002000000c                _sbss = .
                0x000000002000000c                __bss_start__ = _sbss
 *(.bss)
 .bss           0x000000002000000c       0x1c d:/st/stm32cubeide_1.7.0/stm32cubeide/plugins/com.st.stm32cube.ide.mcu.externaltools.gnu-tools-for-stm32.9-2020-q2-update.win32_2.0.0.202105311346/tools/bin/../lib/gcc/arm-none-eabi/9.3.1/thumb/v7e-m+fp/hard/crtbegin.o
 *(.bss*)
 *(COMMON)
 COMMON         0x0000000020000028       0xb0 ./Core/Src/main.o
                0x0000000020000028                hspi5
                0x0000000020000080                hi2c2
                0x00000000200000d4                MAX_Y
                0x00000000200000d6                MAX_X
 COMMON         0x00000000200000d8        0x4 ./Drivers/STM32F4xx_HAL_Driver/Src/stm32f4xx_hal.o
                0x00000000200000d8                uwTick
                0x00000000200000dc                . = ALIGN (0x4)
                0x00000000200000dc                _ebss = .
                0x00000000200000dc                __bss_end__ = _ebss

._user_heap_stack
                0x00000000200000dc      0x604
                0x00000000200000e0                . = ALIGN (0x8)
 *fill*         0x00000000200000dc        0x4 
                [!provide]                        PROVIDE (end = .)
                0x00000000200000e0                PROVIDE (_end = .)
                0x00000000200002e0                . = (. + _Min_Heap_Size)
 *fill*         0x00000000200000e0      0x200 
                0x00000000200006e0                . = (. + _Min_Stack_Size)
 *fill*         0x00000000200002e0      0x400 
                0x00000000200006e0                . = ALIGN (0x8)

/DISCARD/
 libc.a(*)
 libm.a(*)
 libgcc.a(*)

.ARM.attributes
                0x0000000000000000       0x30
 *(.ARM.attributes)
 .ARM.attributes
                0x0000000000000000       0x1e d:/st/stm32cubeide_1.7.0/stm32cubeide/plugins/com.st.stm32cube.ide.mcu.externaltools.gnu-tools-for-stm32.9-2020-q2-update.win32_2.0.0.202105311346/tools/bin/../lib/gcc/arm-none-eabi/9.3.1/thumb/v7e-m+fp/hard/crti.o
 .ARM.attributes
                0x000000000000001e       0x34 d:/st/stm32cubeide_1.7.0/stm32cubeide/plugins/com.st.stm32cube.ide.mcu.externaltools.gnu-tools-for-stm32.9-2020-q2-update.win32_2.0.0.202105311346/tools/bin/../lib/gcc/arm-none-eabi/9.3.1/thumb/v7e-m+fp/hard/crtbegin.o
 .ARM.attributes
                0x0000000000000052       0x34 ./Core/Src/main.o
 .ARM.attributes
                0x0000000000000086       0x34 ./Core/Src/stm32f4xx_hal_msp.o
 .ARM.attributes
                0x00000000000000ba       0x34 ./Core/Src/stm32f4xx_it.o
 .ARM.attributes
                0x00000000000000ee       0x34 ./Core/Src/system_stm32f4xx.o
 .ARM.attributes
                0x0000000000000122       0x21 ./Core/Startup/startup_stm32f429zitx.o
 .ARM.attributes
                0x0000000000000143       0x34 ./Drivers/STM32F4xx_HAL_Driver/Src/stm32f4xx_hal.o
 .ARM.attributes
                0x0000000000000177       0x34 ./Drivers/STM32F4xx_HAL_Driver/Src/stm32f4xx_hal_cortex.o
 .ARM.attributes
                0x00000000000001ab       0x34 ./Drivers/STM32F4xx_HAL_Driver/Src/stm32f4xx_hal_gpio.o
 .ARM.attributes
                0x00000000000001df       0x34 ./Drivers/STM32F4xx_HAL_Driver/Src/stm32f4xx_hal_i2c.o
 .ARM.attributes
                0x0000000000000213       0x34 ./Drivers/STM32F4xx_HAL_Driver/Src/stm32f4xx_hal_i2c_ex.o
 .ARM.attributes
                0x0000000000000247       0x34 ./Drivers/STM32F4xx_HAL_Driver/Src/stm32f4xx_hal_rcc.o
 .ARM.attributes
                0x000000000000027b       0x34 ./Drivers/STM32F4xx_HAL_Driver/Src/stm32f4xx_hal_spi.o
 .ARM.attributes
                0x00000000000002af       0x34 ./My_Libraries/AMG8833.o
 .ARM.attributes
                0x00000000000002e3       0x34 ./My_Libraries/ILI9341.o
 .ARM.attributes
                0x0000000000000317       0x34 d:/st/stm32cubeide_1.7.0/stm32cubeide/plugins/com.st.stm32cube.ide.mcu.externaltools.gnu-tools-for-stm32.9-2020-q2-update.win32_2.0.0.202105311346/tools/bin/../lib/gcc/arm-none-eabi/9.3.1/../../../../arm-none-eabi/lib/thumb/v7e-m+fp/hard\libc_nano.a(lib_a-init.o)
 .ARM.attributes
                0x000000000000034b       0x34 d:/st/stm32cubeide_1.7.0/stm32cubeide/plugins/com.st.stm32cube.ide.mcu.externaltools.gnu-tools-for-stm32.9-2020-q2-update.win32_2.0.0.202105311346/tools/bin/../lib/gcc/arm-none-eabi/9.3.1/../../../../arm-none-eabi/lib/thumb/v7e-m+fp/hard\libc_nano.a(lib_a-memset.o)
 .ARM.attributes
                0x000000000000037f       0x1e d:/st/stm32cubeide_1.7.0/stm32cubeide/plugins/com.st.stm32cube.ide.mcu.externaltools.gnu-tools-for-stm32.9-2020-q2-update.win32_2.0.0.202105311346/tools/bin/../lib/gcc/arm-none-eabi/9.3.1/thumb/v7e-m+fp/hard\libgcc.a(_aeabi_uldivmod.o)
 .ARM.attributes
                0x000000000000039d       0x34 d:/st/stm32cubeide_1.7.0/stm32cubeide/plugins/com.st.stm32cube.ide.mcu.externaltools.gnu-tools-for-stm32.9-2020-q2-update.win32_2.0.0.202105311346/tools/bin/../lib/gcc/arm-none-eabi/9.3.1/thumb/v7e-m+fp/hard\libgcc.a(_udivmoddi4.o)
 .ARM.attributes
                0x00000000000003d1       0x1e d:/st/stm32cubeide_1.7.0/stm32cubeide/plugins/com.st.stm32cube.ide.mcu.externaltools.gnu-tools-for-stm32.9-2020-q2-update.win32_2.0.0.202105311346/tools/bin/../lib/gcc/arm-none-eabi/9.3.1/thumb/v7e-m+fp/hard\libgcc.a(_dvmd_tls.o)
 .ARM.attributes
                0x00000000000003ef       0x1e d:/st/stm32cubeide_1.7.0/stm32cubeide/plugins/com.st.stm32cube.ide.mcu.externaltools.gnu-tools-for-stm32.9-2020-q2-update.win32_2.0.0.202105311346/tools/bin/../lib/gcc/arm-none-eabi/9.3.1/thumb/v7e-m+fp/hard/crtn.o
OUTPUT(Thermal_Camera.elf elf32-littlearm)
LOAD linker stubs
LOAD d:/st/stm32cubeide_1.7.0/stm32cubeide/plugins/com.st.stm32cube.ide.mcu.externaltools.gnu-tools-for-stm32.9-2020-q2-update.win32_2.0.0.202105311346/tools/bin/../lib/gcc/arm-none-eabi/9.3.1/../../../../arm-none-eabi/lib/thumb/v7e-m+fp/hard\libc.a
LOAD d:/st/stm32cubeide_1.7.0/stm32cubeide/plugins/com.st.stm32cube.ide.mcu.externaltools.gnu-tools-for-stm32.9-2020-q2-update.win32_2.0.0.202105311346/tools/bin/../lib/gcc/arm-none-eabi/9.3.1/../../../../arm-none-eabi/lib/thumb/v7e-m+fp/hard\libm.a
LOAD d:/st/stm32cubeide_1.7.0/stm32cubeide/plugins/com.st.stm32cube.ide.mcu.externaltools.gnu-tools-for-stm32.9-2020-q2-update.win32_2.0.0.202105311346/tools/bin/../lib/gcc/arm-none-eabi/9.3.1/thumb/v7e-m+fp/hard\libgcc.a

.debug_info     0x0000000000000000     0xb732
 .debug_info    0x0000000000000000     0x10b8 ./Core/Src/main.o
 .debug_info    0x00000000000010b8      0xdb7 ./Core/Src/stm32f4xx_hal_msp.o
 .debug_info    0x0000000000001e6f      0x222 ./Core/Src/stm32f4xx_it.o
 .debug_info    0x0000000000002091      0x5c0 ./Core/Src/system_stm32f4xx.o
 .debug_info    0x0000000000002651       0x22 ./Core/Startup/startup_stm32f429zitx.o
 .debug_info    0x0000000000002673      0xa2a ./Drivers/STM32F4xx_HAL_Driver/Src/stm32f4xx_hal.o
 .debug_info    0x000000000000309d      0xf0d ./Drivers/STM32F4xx_HAL_Driver/Src/stm32f4xx_hal_cortex.o
 .debug_info    0x0000000000003faa      0x85a ./Drivers/STM32F4xx_HAL_Driver/Src/stm32f4xx_hal_gpio.o
 .debug_info    0x0000000000004804     0x265b ./Drivers/STM32F4xx_HAL_Driver/Src/stm32f4xx_hal_i2c.o
 .debug_info    0x0000000000006e5f      0x78a ./Drivers/STM32F4xx_HAL_Driver/Src/stm32f4xx_hal_i2c_ex.o
 .debug_info    0x00000000000075e9      0x9b2 ./Drivers/STM32F4xx_HAL_Driver/Src/stm32f4xx_hal_rcc.o
 .debug_info    0x0000000000007f9b     0x17c0 ./Drivers/STM32F4xx_HAL_Driver/Src/stm32f4xx_hal_spi.o
 .debug_info    0x000000000000975b      0xa5a ./My_Libraries/AMG8833.o
 .debug_info    0x000000000000a1b5     0x157d ./My_Libraries/ILI9341.o

.debug_abbrev   0x0000000000000000     0x1a6a
 .debug_abbrev  0x0000000000000000      0x265 ./Core/Src/main.o
 .debug_abbrev  0x0000000000000265      0x1ac ./Core/Src/stm32f4xx_hal_msp.o
 .debug_abbrev  0x0000000000000411       0xd2 ./Core/Src/stm32f4xx_it.o
 .debug_abbrev  0x00000000000004e3      0x145 ./Core/Src/system_stm32f4xx.o
 .debug_abbrev  0x0000000000000628       0x12 ./Core/Startup/startup_stm32f429zitx.o
 .debug_abbrev  0x000000000000063a      0x1ed ./Drivers/STM32F4xx_HAL_Driver/Src/stm32f4xx_hal.o
 .debug_abbrev  0x0000000000000827      0x33c ./Drivers/STM32F4xx_HAL_Driver/Src/stm32f4xx_hal_cortex.o
 .debug_abbrev  0x0000000000000b63      0x1f1 ./Drivers/STM32F4xx_HAL_Driver/Src/stm32f4xx_hal_gpio.o
 .debug_abbrev  0x0000000000000d54      0x282 ./Drivers/STM32F4xx_HAL_Driver/Src/stm32f4xx_hal_i2c.o
 .debug_abbrev  0x0000000000000fd6      0x18b ./Drivers/STM32F4xx_HAL_Driver/Src/stm32f4xx_hal_i2c_ex.o
 .debug_abbrev  0x0000000000001161      0x275 ./Drivers/STM32F4xx_HAL_Driver/Src/stm32f4xx_hal_rcc.o
 .debug_abbrev  0x00000000000013d6      0x26e ./Drivers/STM32F4xx_HAL_Driver/Src/stm32f4xx_hal_spi.o
 .debug_abbrev  0x0000000000001644      0x1c9 ./My_Libraries/AMG8833.o
 .debug_abbrev  0x000000000000180d      0x25d ./My_Libraries/ILI9341.o

.debug_aranges  0x0000000000000000      0xa58
 .debug_aranges
                0x0000000000000000       0x50 ./Core/Src/main.o
 .debug_aranges
                0x0000000000000050       0x40 ./Core/Src/stm32f4xx_hal_msp.o
 .debug_aranges
                0x0000000000000090       0x60 ./Core/Src/stm32f4xx_it.o
 .debug_aranges
                0x00000000000000f0       0x28 ./Core/Src/system_stm32f4xx.o
 .debug_aranges
                0x0000000000000118       0x28 ./Core/Startup/startup_stm32f429zitx.o
 .debug_aranges
                0x0000000000000140      0x100 ./Drivers/STM32F4xx_HAL_Driver/Src/stm32f4xx_hal.o
 .debug_aranges
                0x0000000000000240      0x118 ./Drivers/STM32F4xx_HAL_Driver/Src/stm32f4xx_hal_cortex.o
 .debug_aranges
                0x0000000000000358       0x58 ./Drivers/STM32F4xx_HAL_Driver/Src/stm32f4xx_hal_gpio.o
 .debug_aranges
                0x00000000000003b0      0x2a0 ./Drivers/STM32F4xx_HAL_Driver/Src/stm32f4xx_hal_i2c.o
 .debug_aranges
                0x0000000000000650       0x28 ./Drivers/STM32F4xx_HAL_Driver/Src/stm32f4xx_hal_i2c_ex.o
 .debug_aranges
                0x0000000000000678       0x88 ./Drivers/STM32F4xx_HAL_Driver/Src/stm32f4xx_hal_rcc.o
 .debug_aranges
                0x0000000000000700      0x1d0 ./Drivers/STM32F4xx_HAL_Driver/Src/stm32f4xx_hal_spi.o
 .debug_aranges
                0x00000000000008d0       0x80 ./My_Libraries/AMG8833.o
 .debug_aranges
                0x0000000000000950      0x108 ./My_Libraries/ILI9341.o

.debug_ranges   0x0000000000000000      0x9a8
 .debug_ranges  0x0000000000000000       0x40 ./Core/Src/main.o
 .debug_ranges  0x0000000000000040       0x30 ./Core/Src/stm32f4xx_hal_msp.o
 .debug_ranges  0x0000000000000070       0x50 ./Core/Src/stm32f4xx_it.o
 .debug_ranges  0x00000000000000c0       0x18 ./Core/Src/system_stm32f4xx.o
 .debug_ranges  0x00000000000000d8       0x20 ./Core/Startup/startup_stm32f429zitx.o
 .debug_ranges  0x00000000000000f8       0xf0 ./Drivers/STM32F4xx_HAL_Driver/Src/stm32f4xx_hal.o
 .debug_ranges  0x00000000000001e8      0x108 ./Drivers/STM32F4xx_HAL_Driver/Src/stm32f4xx_hal_cortex.o
 .debug_ranges  0x00000000000002f0       0x48 ./Drivers/STM32F4xx_HAL_Driver/Src/stm32f4xx_hal_gpio.o
 .debug_ranges  0x0000000000000338      0x2b8 ./Drivers/STM32F4xx_HAL_Driver/Src/stm32f4xx_hal_i2c.o
 .debug_ranges  0x00000000000005f0       0x18 ./Drivers/STM32F4xx_HAL_Driver/Src/stm32f4xx_hal_i2c_ex.o
 .debug_ranges  0x0000000000000608       0x78 ./Drivers/STM32F4xx_HAL_Driver/Src/stm32f4xx_hal_rcc.o
 .debug_ranges  0x0000000000000680      0x1c0 ./Drivers/STM32F4xx_HAL_Driver/Src/stm32f4xx_hal_spi.o
 .debug_ranges  0x0000000000000840       0x70 ./My_Libraries/AMG8833.o
 .debug_ranges  0x00000000000008b0       0xf8 ./My_Libraries/ILI9341.o

.debug_macro    0x0000000000000000    0x22863
 .debug_macro   0x0000000000000000      0x1f8 ./Core/Src/main.o
 .debug_macro   0x00000000000001f8      0xaa8 ./Core/Src/main.o
 .debug_macro   0x0000000000000ca0      0x29b ./Core/Src/main.o
 .debug_macro   0x0000000000000f3b       0x2e ./Core/Src/main.o
 .debug_macro   0x0000000000000f69       0x28 ./Core/Src/main.o
 .debug_macro   0x0000000000000f91       0x22 ./Core/Src/main.o
 .debug_macro   0x0000000000000fb3       0x8e ./Core/Src/main.o
 .debug_macro   0x0000000000001041       0x51 ./Core/Src/main.o
 .debug_macro   0x0000000000001092      0x103 ./Core/Src/main.o
 .debug_macro   0x0000000000001195       0x6a ./Core/Src/main.o
 .debug_macro   0x00000000000011ff      0x1df ./Core/Src/main.o
 .debug_macro   0x00000000000013de       0x1c ./Core/Src/main.o
 .debug_macro   0x00000000000013fa       0x22 ./Core/Src/main.o
 .debug_macro   0x000000000000141c       0xdf ./Core/Src/main.o
 .debug_macro   0x00000000000014fb     0x102d ./Core/Src/main.o
 .debug_macro   0x0000000000002528      0x11f ./Core/Src/main.o
 .debug_macro   0x0000000000002647    0x17f91 ./Core/Src/main.o
 .debug_macro   0x000000000001a5d8       0x6d ./Core/Src/main.o
 .debug_macro   0x000000000001a645     0x36dd ./Core/Src/main.o
 .debug_macro   0x000000000001dd22      0x174 ./Core/Src/main.o
 .debug_macro   0x000000000001de96       0x5c ./Core/Src/main.o
 .debug_macro   0x000000000001def2      0xca5 ./Core/Src/main.o
 .debug_macro   0x000000000001eb97      0x9fe ./Core/Src/main.o
 .debug_macro   0x000000000001f595      0x116 ./Core/Src/main.o
 .debug_macro   0x000000000001f6ab      0x157 ./Core/Src/main.o
 .debug_macro   0x000000000001f802       0xa5 ./Core/Src/main.o
 .debug_macro   0x000000000001f8a7      0x182 ./Core/Src/main.o
 .debug_macro   0x000000000001fa29      0x287 ./Core/Src/main.o
 .debug_macro   0x000000000001fcb0       0x5f ./Core/Src/main.o
 .debug_macro   0x000000000001fd0f      0x236 ./Core/Src/main.o
 .debug_macro   0x000000000001ff45      0x132 ./Core/Src/main.o
 .debug_macro   0x0000000000020077      0x41d ./Core/Src/main.o
 .debug_macro   0x0000000000020494       0x2e ./Core/Src/main.o
 .debug_macro   0x00000000000204c2      0x1b5 ./Core/Src/main.o
 .debug_macro   0x0000000000020677       0x22 ./Core/Src/main.o
 .debug_macro   0x0000000000020699       0xd6 ./Core/Src/main.o
 .debug_macro   0x000000000002076f      0x11a ./Core/Src/main.o
 .debug_macro   0x0000000000020889       0xe2 ./Core/Src/main.o
 .debug_macro   0x000000000002096b       0x89 ./Core/Src/main.o
 .debug_macro   0x00000000000209f4      0x225 ./Core/Src/main.o
 .debug_macro   0x0000000000020c19      0x134 ./Core/Src/main.o
 .debug_macro   0x0000000000020d4d       0x70 ./Core/Src/main.o
 .debug_macro   0x0000000000020dbd      0x2a4 ./Core/Src/main.o
 .debug_macro   0x0000000000021061       0xe2 ./Core/Src/main.o
 .debug_macro   0x0000000000021143      0x1e2 ./Core/Src/stm32f4xx_hal_msp.o
 .debug_macro   0x0000000000021325      0x1ec ./Core/Src/stm32f4xx_it.o
 .debug_macro   0x0000000000021511      0x1d3 ./Core/Src/system_stm32f4xx.o
 .debug_macro   0x00000000000216e4      0x233 ./Drivers/STM32F4xx_HAL_Driver/Src/stm32f4xx_hal.o
 .debug_macro   0x0000000000021917      0x1d3 ./Drivers/STM32F4xx_HAL_Driver/Src/stm32f4xx_hal_cortex.o
 .debug_macro   0x0000000000021aea      0x1d9 ./Drivers/STM32F4xx_HAL_Driver/Src/stm32f4xx_hal_gpio.o
 .debug_macro   0x0000000000021cc3      0x21a ./Drivers/STM32F4xx_HAL_Driver/Src/stm32f4xx_hal_i2c.o
 .debug_macro   0x0000000000021edd      0x1d3 ./Drivers/STM32F4xx_HAL_Driver/Src/stm32f4xx_hal_i2c_ex.o
 .debug_macro   0x00000000000220b0      0x1f7 ./Drivers/STM32F4xx_HAL_Driver/Src/stm32f4xx_hal_rcc.o
 .debug_macro   0x00000000000222a7      0x1e2 ./Drivers/STM32F4xx_HAL_Driver/Src/stm32f4xx_hal_spi.o
 .debug_macro   0x0000000000022489      0x1eb ./My_Libraries/AMG8833.o
 .debug_macro   0x0000000000022674      0x1ef ./My_Libraries/ILI9341.o

.debug_line     0x0000000000000000     0xc770
 .debug_line    0x0000000000000000      0xabd ./Core/Src/main.o
 .debug_line    0x0000000000000abd      0x760 ./Core/Src/stm32f4xx_hal_msp.o
 .debug_line    0x000000000000121d      0x788 ./Core/Src/stm32f4xx_it.o
 .debug_line    0x00000000000019a5      0x747 ./Core/Src/system_stm32f4xx.o
 .debug_line    0x00000000000020ec       0x88 ./Core/Startup/startup_stm32f429zitx.o
 .debug_line    0x0000000000002174      0x9e3 ./Drivers/STM32F4xx_HAL_Driver/Src/stm32f4xx_hal.o
 .debug_line    0x0000000000002b57      0xc5c ./Drivers/STM32F4xx_HAL_Driver/Src/stm32f4xx_hal_cortex.o
 .debug_line    0x00000000000037b3      0xb4b ./Drivers/STM32F4xx_HAL_Driver/Src/stm32f4xx_hal_gpio.o
 .debug_line    0x00000000000042fe     0x3959 ./Drivers/STM32F4xx_HAL_Driver/Src/stm32f4xx_hal_i2c.o
 .debug_line    0x0000000000007c57      0x740 ./Drivers/STM32F4xx_HAL_Driver/Src/stm32f4xx_hal_i2c_ex.o
 .debug_line    0x0000000000008397      0xd29 ./Drivers/STM32F4xx_HAL_Driver/Src/stm32f4xx_hal_rcc.o
 .debug_line    0x00000000000090c0     0x1c35 ./Drivers/STM32F4xx_HAL_Driver/Src/stm32f4xx_hal_spi.o
 .debug_line    0x000000000000acf5      0x987 ./My_Libraries/AMG8833.o
 .debug_line    0x000000000000b67c     0x10f4 ./My_Libraries/ILI9341.o

.debug_str      0x0000000000000000    0xd07c7
 .debug_str     0x0000000000000000    0xcde81 ./Core/Src/main.o
                                      0xce197 (size before relaxing)
 .debug_str     0x00000000000cde81       0x7a ./Core/Src/stm32f4xx_hal_msp.o
                                      0xcd1aa (size before relaxing)
 .debug_str     0x00000000000cdefb       0xbd ./Core/Src/stm32f4xx_it.o
                                      0xcc9bd (size before relaxing)
 .debug_str     0x00000000000cdfb8       0xaf ./Core/Src/system_stm32f4xx.o
                                      0xcc8fc (size before relaxing)
 .debug_str     0x00000000000ce067       0x36 ./Core/Startup/startup_stm32f429zitx.o
                                         0x7b (size before relaxing)
 .debug_str     0x00000000000ce09d      0xafd ./Drivers/STM32F4xx_HAL_Driver/Src/stm32f4xx_hal.o
                                      0xcd47d (size before relaxing)
 .debug_str     0x00000000000ceb9a      0x399 ./Drivers/STM32F4xx_HAL_Driver/Src/stm32f4xx_hal_cortex.o
                                      0xcd21e (size before relaxing)
 .debug_str     0x00000000000cef33      0x15f ./Drivers/STM32F4xx_HAL_Driver/Src/stm32f4xx_hal_gpio.o
                                      0xccaa3 (size before relaxing)
 .debug_str     0x00000000000cf092      0xac3 ./Drivers/STM32F4xx_HAL_Driver/Src/stm32f4xx_hal_i2c.o
                                      0xcd870 (size before relaxing)
 .debug_str     0x00000000000cfb55       0x3b ./Drivers/STM32F4xx_HAL_Driver/Src/stm32f4xx_hal_i2c_ex.o
                                      0xcccf7 (size before relaxing)
 .debug_str     0x00000000000cfb90      0x24e ./Drivers/STM32F4xx_HAL_Driver/Src/stm32f4xx_hal_rcc.o
                                      0xcccfe (size before relaxing)
 .debug_str     0x00000000000cfdde      0x55f ./Drivers/STM32F4xx_HAL_Driver/Src/stm32f4xx_hal_spi.o
                                      0xcd18d (size before relaxing)
 .debug_str     0x00000000000d033d      0x1d9 ./My_Libraries/AMG8833.o
                                      0xcd48b (size before relaxing)
 .debug_str     0x00000000000d0516      0x2b1 ./My_Libraries/ILI9341.o
                                      0xcda11 (size before relaxing)

.comment        0x0000000000000000       0x53
 .comment       0x0000000000000000       0x53 ./Core/Src/main.o
                                         0x54 (size before relaxing)
 .comment       0x0000000000000053       0x54 ./Core/Src/stm32f4xx_hal_msp.o
 .comment       0x0000000000000053       0x54 ./Core/Src/stm32f4xx_it.o
 .comment       0x0000000000000053       0x54 ./Core/Src/system_stm32f4xx.o
 .comment       0x0000000000000053       0x54 ./Drivers/STM32F4xx_HAL_Driver/Src/stm32f4xx_hal.o
 .comment       0x0000000000000053       0x54 ./Drivers/STM32F4xx_HAL_Driver/Src/stm32f4xx_hal_cortex.o
 .comment       0x0000000000000053       0x54 ./Drivers/STM32F4xx_HAL_Driver/Src/stm32f4xx_hal_gpio.o
 .comment       0x0000000000000053       0x54 ./Drivers/STM32F4xx_HAL_Driver/Src/stm32f4xx_hal_i2c.o
 .comment       0x0000000000000053       0x54 ./Drivers/STM32F4xx_HAL_Driver/Src/stm32f4xx_hal_i2c_ex.o
 .comment       0x0000000000000053       0x54 ./Drivers/STM32F4xx_HAL_Driver/Src/stm32f4xx_hal_rcc.o
 .comment       0x0000000000000053       0x54 ./Drivers/STM32F4xx_HAL_Driver/Src/stm32f4xx_hal_spi.o
 .comment       0x0000000000000053       0x54 ./My_Libraries/AMG8833.o
 .comment       0x0000000000000053       0x54 ./My_Libraries/ILI9341.o

.debug_frame    0x0000000000000000     0x2aa0
 .debug_frame   0x0000000000000000       0xf0 ./Core/Src/main.o
 .debug_frame   0x00000000000000f0       0xc8 ./Core/Src/stm32f4xx_hal_msp.o
 .debug_frame   0x00000000000001b8      0x104 ./Core/Src/stm32f4xx_it.o
 .debug_frame   0x00000000000002bc       0x58 ./Core/Src/system_stm32f4xx.o
 .debug_frame   0x0000000000000314      0x3b4 ./Drivers/STM32F4xx_HAL_Driver/Src/stm32f4xx_hal.o
 .debug_frame   0x00000000000006c8      0x498 ./Drivers/STM32F4xx_HAL_Driver/Src/stm32f4xx_hal_cortex.o
 .debug_frame   0x0000000000000b60      0x14c ./Drivers/STM32F4xx_HAL_Driver/Src/stm32f4xx_hal_gpio.o
 .debug_frame   0x0000000000000cac      0xc5c ./Drivers/STM32F4xx_HAL_Driver/Src/stm32f4xx_hal_i2c.o
 .debug_frame   0x0000000000001908       0x60 ./Drivers/STM32F4xx_HAL_Driver/Src/stm32f4xx_hal_i2c_ex.o
 .debug_frame   0x0000000000001968      0x1f0 ./Drivers/STM32F4xx_HAL_Driver/Src/stm32f4xx_hal_rcc.o
 .debug_frame   0x0000000000001b58      0x824 ./Drivers/STM32F4xx_HAL_Driver/Src/stm32f4xx_hal_spi.o
 .debug_frame   0x000000000000237c      0x1e4 ./My_Libraries/AMG8833.o
 .debug_frame   0x0000000000002560      0x494 ./My_Libraries/ILI9341.o
 .debug_frame   0x00000000000029f4       0x2c d:/st/stm32cubeide_1.7.0/stm32cubeide/plugins/com.st.stm32cube.ide.mcu.externaltools.gnu-tools-for-stm32.9-2020-q2-update.win32_2.0.0.202105311346/tools/bin/../lib/gcc/arm-none-eabi/9.3.1/../../../../arm-none-eabi/lib/thumb/v7e-m+fp/hard\libc_nano.a(lib_a-init.o)
 .debug_frame   0x0000000000002a20       0x20 d:/st/stm32cubeide_1.7.0/stm32cubeide/plugins/com.st.stm32cube.ide.mcu.externaltools.gnu-tools-for-stm32.9-2020-q2-update.win32_2.0.0.202105311346/tools/bin/../lib/gcc/arm-none-eabi/9.3.1/../../../../arm-none-eabi/lib/thumb/v7e-m+fp/hard\libc_nano.a(lib_a-memset.o)
 .debug_frame   0x0000000000002a40       0x2c d:/st/stm32cubeide_1.7.0/stm32cubeide/plugins/com.st.stm32cube.ide.mcu.externaltools.gnu-tools-for-stm32.9-2020-q2-update.win32_2.0.0.202105311346/tools/bin/../lib/gcc/arm-none-eabi/9.3.1/thumb/v7e-m+fp/hard\libgcc.a(_aeabi_uldivmod.o)
 .debug_frame   0x0000000000002a6c       0x34 d:/st/stm32cubeide_1.7.0/stm32cubeide/plugins/com.st.stm32cube.ide.mcu.externaltools.gnu-tools-for-stm32.9-2020-q2-update.win32_2.0.0.202105311346/tools/bin/../lib/gcc/arm-none-eabi/9.3.1/thumb/v7e-m+fp/hard\libgcc.a(_udivmoddi4.o)
