ILI9341.c:4:6:TFT_init	8	static
ILI9341.c:134:6:TFT_reset	8	static
ILI9341.c:142:6:TFT_write	24	static
ILI9341.c:155:6:TFT_write_word	24	static
ILI9341.c:171:6:TFT_on_off	16	static
ILI9341.c:189:6:TFT_set_rotation	16	static
ILI9341.c:231:6:TFT_set_display_window	24	static
ILI9341.c:245:6:TFT_fill	24	static
ILI9341.c:259:6:TFT_fill_area	32	static
ILI9341.c:285:10:TFT_BGR2RGB	24	static
ILI9341.c:302:10:RGB565_converter	16	static
ILI9341.c:308:6:swap	24	static
ILI9341.c:318:6:Draw_Pixel	16	static
ILI9341.c:325:6:Draw_Point	32	static
ILI9341.c:331:6:Draw_Line	40	static
ILI9341.c:402:6:Draw_V_Line	24	static
ILI9341.c:417:6:Draw_H_Line	24	static
ILI9341.c:432:6:Draw_Triangle	56	static
ILI9341.c:553:6:Draw_Rectangle	40	static
ILI9341.c:624:6:Draw_H_Bar	40	static
ILI9341.c:645:6:Draw_V_Bar	40	static
ILI9341.c:666:6:Draw_Circle	40	static
ILI9341.c:714:6:Draw_Font_Pixel	32	static
ILI9341.c:728:6:print_char	32	static
ILI9341.c:769:6:print_str	32	static
ILI9341.c:781:6:print_C	40	static
ILI9341.c:818:6:print_I	40	static
ILI9341.c:878:6:print_D	40	static
ILI9341.c:903:6:print_F	56	static
ILI9341.c:948:6:Draw_BMP	32	static
