ST7735.c:109:6:ST7735_init	8	static
ST7735.c:221:6:ST7735_Write	24	static
ST7735.c:244:6:ST7735_Reset	8	static
ST7735.c:253:6:ST7735_Word_Write	16	static
ST7735.c:260:6:ST7735_Data_Write	16	static
ST7735.c:267:6:ST7735_Data_Write_4k	16	static
ST7735.c:275:6:ST7735_Set_Addr_Window	24	static
ST7735.c:293:6:ST7735_RAM_Address_Set	8	static
ST7735.c:299:6:ST7735_Invert_Display	16	static
ST7735.c:312:14:ST7735_Swap_Colour	16	static
ST7735.c:318:14:ST7735_Color565	16	static
ST7735.c:324:6:ST7735_Set_Rotation	24	static
ST7735.c:365:6:TFT_fill	24	static
ST7735.c:382:6:Draw_Pixel	16	static
ST7735.c:389:6:Draw_Line	48	static
ST7735.c:460:6:Draw_Rectangle	40	static
ST7735.c:519:6:Draw_Circle	56	static
ST7735.c:561:6:Draw_Font_Pixel	32	static
ST7735.c:574:6:print_char	24	static
ST7735.c:623:6:print_str	24	static
ST7735.c:633:6:print_C	32	static
ST7735.c:671:6:print_I	32	static
ST7735.c:731:6:print_D	32	static
ST7735.c:756:6:print_F	48	static
