Archive member included to satisfy reference by file (symbol)

D:/ST/STM32CubeIDE/STM32CubeIDE/STM32CubeIDE/plugins/com.st.stm32cube.ide.mcu.externaltools.gnu-tools-for-stm32.13.3.rel1.win32_1.0.0.202411081344/tools/bin/../lib/gcc/arm-none-eabi/13.3.1/../../../../arm-none-eabi/lib/thumb/v6-m/nofp\libc_nano.a(libc_a-exit.o)
                              D:/ST/STM32CubeIDE/STM32CubeIDE/STM32CubeIDE/plugins/com.st.stm32cube.ide.mcu.externaltools.gnu-tools-for-stm32.13.3.rel1.win32_1.0.0.202411081344/tools/bin/../lib/gcc/arm-none-eabi/13.3.1/../../../../arm-none-eabi/lib/thumb/v6-m/nofp/crt0.o (exit)
D:/ST/STM32CubeIDE/STM32CubeIDE/STM32CubeIDE/plugins/com.st.stm32cube.ide.mcu.externaltools.gnu-tools-for-stm32.13.3.rel1.win32_1.0.0.202411081344/tools/bin/../lib/gcc/arm-none-eabi/13.3.1/../../../../arm-none-eabi/lib/thumb/v6-m/nofp\libc_nano.a(libc_a-findfp.o)
                              D:/ST/STM32CubeIDE/STM32CubeIDE/STM32CubeIDE/plugins/com.st.stm32cube.ide.mcu.externaltools.gnu-tools-for-stm32.13.3.rel1.win32_1.0.0.202411081344/tools/bin/../lib/gcc/arm-none-eabi/13.3.1/../../../../arm-none-eabi/lib/thumb/v6-m/nofp\libc_nano.a(libc_a-exit.o) (__stdio_exit_handler)
D:/ST/STM32CubeIDE/STM32CubeIDE/STM32CubeIDE/plugins/com.st.stm32cube.ide.mcu.externaltools.gnu-tools-for-stm32.13.3.rel1.win32_1.0.0.202411081344/tools/bin/../lib/gcc/arm-none-eabi/13.3.1/../../../../arm-none-eabi/lib/thumb/v6-m/nofp\libc_nano.a(libc_a-fwalk.o)
                              D:/ST/STM32CubeIDE/STM32CubeIDE/STM32CubeIDE/plugins/com.st.stm32cube.ide.mcu.externaltools.gnu-tools-for-stm32.13.3.rel1.win32_1.0.0.202411081344/tools/bin/../lib/gcc/arm-none-eabi/13.3.1/../../../../arm-none-eabi/lib/thumb/v6-m/nofp\libc_nano.a(libc_a-findfp.o) (_fwalk_sglue)
D:/ST/STM32CubeIDE/STM32CubeIDE/STM32CubeIDE/plugins/com.st.stm32cube.ide.mcu.externaltools.gnu-tools-for-stm32.13.3.rel1.win32_1.0.0.202411081344/tools/bin/../lib/gcc/arm-none-eabi/13.3.1/../../../../arm-none-eabi/lib/thumb/v6-m/nofp\libc_nano.a(libc_a-stdio.o)
                              D:/ST/STM32CubeIDE/STM32CubeIDE/STM32CubeIDE/plugins/com.st.stm32cube.ide.mcu.externaltools.gnu-tools-for-stm32.13.3.rel1.win32_1.0.0.202411081344/tools/bin/../lib/gcc/arm-none-eabi/13.3.1/../../../../arm-none-eabi/lib/thumb/v6-m/nofp\libc_nano.a(libc_a-findfp.o) (__sread)
D:/ST/STM32CubeIDE/STM32CubeIDE/STM32CubeIDE/plugins/com.st.stm32cube.ide.mcu.externaltools.gnu-tools-for-stm32.13.3.rel1.win32_1.0.0.202411081344/tools/bin/../lib/gcc/arm-none-eabi/13.3.1/../../../../arm-none-eabi/lib/thumb/v6-m/nofp\libc_nano.a(libc_a-memset.o)
                              D:/ST/STM32CubeIDE/STM32CubeIDE/STM32CubeIDE/plugins/com.st.stm32cube.ide.mcu.externaltools.gnu-tools-for-stm32.13.3.rel1.win32_1.0.0.202411081344/tools/bin/../lib/gcc/arm-none-eabi/13.3.1/../../../../arm-none-eabi/lib/thumb/v6-m/nofp/crt0.o (memset)
D:/ST/STM32CubeIDE/STM32CubeIDE/STM32CubeIDE/plugins/com.st.stm32cube.ide.mcu.externaltools.gnu-tools-for-stm32.13.3.rel1.win32_1.0.0.202411081344/tools/bin/../lib/gcc/arm-none-eabi/13.3.1/../../../../arm-none-eabi/lib/thumb/v6-m/nofp\libc_nano.a(libc_a-closer.o)
                              D:/ST/STM32CubeIDE/STM32CubeIDE/STM32CubeIDE/plugins/com.st.stm32cube.ide.mcu.externaltools.gnu-tools-for-stm32.13.3.rel1.win32_1.0.0.202411081344/tools/bin/../lib/gcc/arm-none-eabi/13.3.1/../../../../arm-none-eabi/lib/thumb/v6-m/nofp\libc_nano.a(libc_a-stdio.o) (_close_r)
D:/ST/STM32CubeIDE/STM32CubeIDE/STM32CubeIDE/plugins/com.st.stm32cube.ide.mcu.externaltools.gnu-tools-for-stm32.13.3.rel1.win32_1.0.0.202411081344/tools/bin/../lib/gcc/arm-none-eabi/13.3.1/../../../../arm-none-eabi/lib/thumb/v6-m/nofp\libc_nano.a(libc_a-reent.o)
                              D:/ST/STM32CubeIDE/STM32CubeIDE/STM32CubeIDE/plugins/com.st.stm32cube.ide.mcu.externaltools.gnu-tools-for-stm32.13.3.rel1.win32_1.0.0.202411081344/tools/bin/../lib/gcc/arm-none-eabi/13.3.1/../../../../arm-none-eabi/lib/thumb/v6-m/nofp\libc_nano.a(libc_a-closer.o) (errno)
D:/ST/STM32CubeIDE/STM32CubeIDE/STM32CubeIDE/plugins/com.st.stm32cube.ide.mcu.externaltools.gnu-tools-for-stm32.13.3.rel1.win32_1.0.0.202411081344/tools/bin/../lib/gcc/arm-none-eabi/13.3.1/../../../../arm-none-eabi/lib/thumb/v6-m/nofp\libc_nano.a(libc_a-impure.o)
                              D:/ST/STM32CubeIDE/STM32CubeIDE/STM32CubeIDE/plugins/com.st.stm32cube.ide.mcu.externaltools.gnu-tools-for-stm32.13.3.rel1.win32_1.0.0.202411081344/tools/bin/../lib/gcc/arm-none-eabi/13.3.1/../../../../arm-none-eabi/lib/thumb/v6-m/nofp\libc_nano.a(libc_a-reent.o) (_impure_ptr)
D:/ST/STM32CubeIDE/STM32CubeIDE/STM32CubeIDE/plugins/com.st.stm32cube.ide.mcu.externaltools.gnu-tools-for-stm32.13.3.rel1.win32_1.0.0.202411081344/tools/bin/../lib/gcc/arm-none-eabi/13.3.1/../../../../arm-none-eabi/lib/thumb/v6-m/nofp\libc_nano.a(libc_a-lseekr.o)
[...]
Memory Configuration

Name             Origin             Length             Attributes
RAM              0x20000000         0x00001000         xrw
FLASH            0x08000000         0x00004000         xr
*default*        0x00000000         0xffffffff

Linker script and memory map

LOAD D:/ST/STM32CubeIDE/STM32CubeIDE/STM32CubeIDE/plugins/com.st.stm32cube.ide.mcu.externaltools.gnu-tools-for-stm32.13.3.rel1.win32_1.0.0.202411081344/tools/bin/../lib/gcc/arm-none-eabi/13.3.1/thumb/v6-m/nofp/crti.o
LOAD D:/ST/STM32CubeIDE/STM32CubeIDE/STM32CubeIDE/plugins/com.st.stm32cube.ide.mcu.externaltools.gnu-tools-for-stm32.13.3.rel1.win32_1.0.0.202411081344/tools/bin/../lib/gcc/arm-none-eabi/13.3.1/thumb/v6-m/nofp/crtbegin.o
LOAD D:/ST/STM32CubeIDE/STM32CubeIDE/STM32CubeIDE/plugins/com.st.stm32cube.ide.mcu.externaltools.gnu-tools-for-stm32.13.3.rel1.win32_1.0.0.202411081344/tools/bin/../lib/gcc/arm-none-eabi/13.3.1/../../../../arm-none-eabi/lib/thumb/v6-m/nofp/crt0.o
LOAD ./Core/Src/DS18B20.o
LOAD ./Core/Src/HW_I2C.o
LOAD ./Core/Src/I2C_LCD.o
LOAD ./Core/Src/PCF8574.o
LOAD ./Core/Src/SW_I2C.o
LOAD ./Core/Src/lcd_print.o
LOAD ./Core/Src/main.o
LOAD ./Core/Src/one_wire.o
LOAD ./Core/Src/stm32f0xx_hal_msp.o
LOAD ./Core/Src/stm32f0xx_it.o
LOAD ./Core/Src/syscalls.o
LOAD ./Core/Src/sysmem.o
LOAD ./Core/Src/system_stm32f0xx.o
LOAD ./Core/Src/timer_delay.o
LOAD ./Core/Startup/startup_stm32f030f4px.o
LOAD ./Drivers/STM32F0xx_HAL_Driver/Src/stm32f0xx_hal.o
LOAD ./Drivers/STM32F0xx_HAL_Driver/Src/stm32f0xx_hal_cortex.o
LOAD ./Drivers/STM32F0xx_HAL_Driver/Src/stm32f0xx_hal_dma.o
LOAD ./Drivers/STM32F0xx_HAL_Driver/Src/stm32f0xx_hal_exti.o
LOAD ./Drivers/STM32F0xx_HAL_Driver/Src/stm32f0xx_hal_flash.o
LOAD ./Drivers/STM32F0xx_HAL_Driver/Src/stm32f0xx_hal_flash_ex.o
LOAD ./Drivers/STM32F0xx_HAL_Driver/Src/stm32f0xx_hal_gpio.o
LOAD ./Drivers/STM32F0xx_HAL_Driver/Src/stm32f0xx_hal_i2c.o
LOAD ./Drivers/STM32F0xx_HAL_Driver/Src/stm32f0xx_hal_i2c_ex.o
LOAD ./Drivers/STM32F0xx_HAL_Driver/Src/stm32f0xx_hal_pwr.o
LOAD ./Drivers/STM32F0xx_HAL_Driver/Src/stm32f0xx_hal_pwr_ex.o
LOAD ./Drivers/STM32F0xx_HAL_Driver/Src/stm32f0xx_hal_rcc.o
LOAD ./Drivers/STM32F0xx_HAL_Driver/Src/stm32f0xx_hal_rcc_ex.o
LOAD ./Drivers/STM32F0xx_HAL_Driver/Src/stm32f0xx_hal_tim.o
LOAD ./Drivers/STM32F0xx_HAL_Driver/Src/stm32f0xx_hal_tim_ex.o
START GROUP
LOAD D:/ST/STM32CubeIDE/STM32CubeIDE/STM32CubeIDE/plugins/com.st.stm32cube.ide.mcu.externaltools.gnu-tools-for-stm32.13.3.rel1.win32_1.0.0.202411081344/tools/bin/../lib/gcc/arm-none-eabi/13.3.1/../../../../arm-none-eabi/lib/thumb/v6-m/nofp\libc_nano.a
LOAD D:/ST/STM32CubeIDE/STM32CubeIDE/STM32CubeIDE/plugins/com.st.stm32cube.ide.mcu.externaltools.gnu-tools-for-stm32.13.3.rel1.win32_1.0.0.202411081344/tools/bin/../lib/gcc/arm-none-eabi/13.3.1/../../../../arm-none-eabi/lib/thumb/v6-m/nofp\libm.a
END GROUP
START GROUP
LOAD D:/ST/STM32CubeIDE/STM32CubeIDE/STM32CubeIDE/plugins/com.st.stm32cube.ide.mcu.externaltools.gnu-tools-for-stm32.13.3.rel1.win32_1.0.0.202411081344/tools/bin/../lib/gcc/arm-none-eabi/13.3.1/thumb/v6-m/nofp\libgcc.a
LOAD D:/ST/STM32CubeIDE/STM32CubeIDE/STM32CubeIDE/plugins/com.st.stm32cube.ide.mcu.externaltools.gnu-tools-for-stm32.13.3.rel1.win32_1.0.0.202411081344/tools/bin/../lib/gcc/arm-none-eabi/13.3.1/../../../../arm-none-eabi/lib/thumb/v6-m/nofp\libc_nano.a
END GROUP
START GROUP
LOAD D:/ST/STM32CubeIDE/STM32CubeIDE/STM32CubeIDE/plugins/com.st.stm32cube.ide.mcu.externaltools.gnu-tools-for-stm32.13.3.rel1.win32_1.0.0.202411081344/tools/bin/../lib/gcc/arm-none-eabi/13.3.1/thumb/v6-m/nofp\libgcc.a
LOAD D:/ST/STM32CubeIDE/STM32CubeIDE/STM32CubeIDE/plugins/com.st.stm32cube.ide.mcu.externaltools.gnu-tools-for-stm32.13.3.rel1.win32_1.0.0.202411081344/tools/bin/../lib/gcc/arm-none-eabi/13.3.1/../../../../arm-none-eabi/lib/thumb/v6-m/nofp\libc_nano.a
LOAD D:/ST/STM32CubeIDE/STM32CubeIDE/STM32CubeIDE/plugins/com.st.stm32cube.ide.mcu.externaltools.gnu-tools-for-stm32.13.3.rel1.win32_1.0.0.202411081344/tools/bin/../lib/gcc/arm-none-eabi/13.3.1/../../../../arm-none-eabi/lib/thumb/v6-m/nofp\libnosys.a
END GROUP
START GROUP
LOAD D:/ST/STM32CubeIDE/STM32CubeIDE/STM32CubeIDE/plugins/com.st.stm32cube.ide.mcu.externaltools.gnu-tools-for-stm32.13.3.rel1.win32_1.0.0.202411081344/tools/bin/../lib/gcc/arm-none-eabi/13.3.1/thumb/v6-m/nofp\libgcc.a
LOAD D:/ST/STM32CubeIDE/STM32CubeIDE/STM32CubeIDE/plugins/com.st.stm32cube.ide.mcu.externaltools.gnu-tools-for-stm32.13.3.rel1.win32_1.0.0.202411081344/tools/bin/../lib/gcc/arm-none-eabi/13.3.1/../../../../arm-none-eabi/lib/thumb/v6-m/nofp\libc_nano.a
LOAD D:/ST/STM32CubeIDE/STM32CubeIDE/STM32CubeIDE/plugins/com.st.stm32cube.ide.mcu.externaltools.gnu-tools-for-stm32.13.3.rel1.win32_1.0.0.202411081344/tools/bin/../lib/gcc/arm-none-eabi/13.3.1/../../../../arm-none-eabi/lib/thumb/v6-m/nofp\libnosys.a
END GROUP
LOAD D:/ST/STM32CubeIDE/STM32CubeIDE/STM32CubeIDE/plugins/com.st.stm32cube.ide.mcu.externaltools.gnu-tools-for-stm32.13.3.rel1.win32_1.0.0.202411081344/tools/bin/../lib/gcc/arm-none-eabi/13.3.1/thumb/v6-m/nofp/crtend.o
LOAD D:/ST/STM32CubeIDE/STM32CubeIDE/STM32CubeIDE/plugins/com.st.stm32cube.ide.mcu.externaltools.gnu-tools-for-stm32.13.3.rel1.win32_1.0.0.202411081344/tools/bin/../lib/gcc/arm-none-eabi/13.3.1/thumb/v6-m/nofp/crtn.o
                0x20001000                        _estack = (ORIGIN (RAM) + LENGTH (RAM))
                0x00000200                        _Min_Heap_Size = 0x200
                0x00000400                        _Min_Stack_Size = 0x400

.isr_vector     0x08000000       0xc0
                0x08000000                        . = ALIGN (0x4)
 *(.isr_vector)
 .isr_vector    0x08000000       0xc0 ./Core/Startup/startup_stm32f030f4px.o
                0x08000000                g_pfnVectors
                0x080000c0                        . = ALIGN (0x4)

.text           0x080000c0     0x380c
                0x080000c0                        . = ALIGN (0x4)
 *(.text)
 .text          0x080000c0       0x48 D:/ST/STM32CubeIDE/STM32CubeIDE/STM32CubeIDE/plugins/com.st.stm32cube.ide.mcu.externaltools.gnu-tools-for-stm32.13.3.rel1.win32_1.0.0.202411081344/tools/bin/../lib/gcc/arm-none-eabi/13.3.1/thumb/v6-m/nofp/crtbegin.o
 .text          0x08000108      0x114 D:/ST/STM32CubeIDE/STM32CubeIDE/STM32CubeIDE/plugins/com.st.stm32cube.ide.mcu.externaltools.gnu-tools-for-stm32.13.3.rel1.win32_1.0.0.202411081344/tools/bin/../lib/gcc/arm-none-eabi/13.3.1/thumb/v6-m/nofp\libgcc.a(_udivsi3.o)
                0x08000108                __aeabi_uidiv
                0x08000108                __udivsi3
                0x08000214                __aeabi_uidivmod
 .text          0x0800021c      0x1d4 D:/ST/STM32CubeIDE/STM32CubeIDE/STM32CubeIDE/plugins/com.st.stm32cube.ide.mcu.externaltools.gnu-tools-for-stm32.13.3.rel1.win32_1.0.0.202411081344/tools/bin/../lib/gcc/arm-none-eabi/13.3.1/thumb/v6-m/nofp\libgcc.a(_divsi3.o)
                0x0800021c                __divsi3
                0x0800021c                __aeabi_idiv
                0x080003e8                __aeabi_idivmod
 .text          0x080003f0        0x4 D:/ST/STM32CubeIDE/STM32CubeIDE/STM32CubeIDE/plugins/com.st.stm32cube.ide.mcu.externaltools.gnu-tools-for-stm32.13.3.rel1.win32_1.0.0.202411081344/tools/bin/../lib/gcc/arm-none-eabi/13.3.1/thumb/v6-m/nofp\libgcc.a(_dvmd_tls.o)
                0x080003f0                __aeabi_idiv0
                0x080003f0                __aeabi_ldiv0
 .text          0x080003f4       0x74 D:/ST/STM32CubeIDE/STM32CubeIDE/STM32CubeIDE/plugins/com.st.stm32cube.ide.mcu.externaltools.gnu-tools-for-stm32.13.3.rel1.win32_1.0.0.202411081344/tools/bin/../lib/gcc/arm-none-eabi/13.3.1/thumb/v6-m/nofp\libgcc.a(_arm_cmpsf2.o)
                0x080003f4                __aeabi_cfrcmple
                0x080003fc                __aeabi_cfcmpeq
                0x080003fc                __aeabi_cfcmple
                0x0800040c                __aeabi_fcmpeq
                0x08000418                __aeabi_fcmplt
                0x0800042c                __aeabi_fcmple
                0x08000440                __aeabi_fcmpgt
                0x08000454                __aeabi_fcmpge
 .text          0x08000468       0x50 D:/ST/STM32CubeIDE/STM32CubeIDE/STM32CubeIDE/plugins/com.st.stm32cube.ide.mcu.externaltools.gnu-tools-for-stm32.13.3.rel1.win32_1.0.0.202411081344/tools/bin/../lib/gcc/arm-none-eabi/13.3.1/thumb/v6-m/nofp\libgcc.a(eqsf2.o)
                0x08000468                __eqsf2
                0x08000468                __nesf2
 .text          0x080004b8       0x90 D:/ST/STM32CubeIDE/STM32CubeIDE/STM32CubeIDE/plugins/com.st.stm32cube.ide.mcu.externaltools.gnu-tools-for-stm32.13.3.rel1.win32_1.0.0.202411081344/tools/bin/../lib/gcc/arm-none-eabi/13.3.1/thumb/v6-m/nofp\libgcc.a(gesf2.o)
                0x080004b8                __gesf2
                0x080004b8                __gtsf2
 .text          0x08000548       0x90 D:/ST/STM32CubeIDE/STM32CubeIDE/STM32CubeIDE/plugins/com.st.stm32cube.ide.mcu.externaltools.gnu-tools-for-stm32.13.3.rel1.win32_1.0.0.202411081344/tools/bin/../lib/gcc/arm-none-eabi/13.3.1/thumb/v6-m/nofp\libgcc.a(lesf2.o)
                0x08000548                __ltsf2
                0x08000548                __lesf2
 .text          0x080005d8      0x2b4 D:/ST/STM32CubeIDE/STM32CubeIDE/STM32CubeIDE/plugins/com.st.stm32cube.ide.mcu.externaltools.gnu-tools-for-stm32.13.3.rel1.win32_1.0.0.202411081344/tools/bin/../lib/gcc/arm-none-eabi/13.3.1/thumb/v6-m/nofp\libgcc.a(mulsf3.o)
                0x080005d8                __aeabi_fmul
 .text          0x0800088c      0x4c8 D:/ST/STM32CubeIDE/STM32CubeIDE/STM32CubeIDE/plugins/com.st.stm32cube.ide.mcu.externaltools.gnu-tools-for-stm32.13.3.rel1.win32_1.0.0.202411081344/tools/bin/../lib/gcc/arm-none-eabi/13.3.1/thumb/v6-m/nofp\libgcc.a(subsf3.o)
                0x0800088c                __aeabi_fsub
 .text          0x08000d54       0x40 D:/ST/STM32CubeIDE/STM32CubeIDE/STM32CubeIDE/plugins/com.st.stm32cube.ide.mcu.externaltools.gnu-tools-for-stm32.13.3.rel1.win32_1.0.0.202411081344/tools/bin/../lib/gcc/arm-none-eabi/13.3.1/thumb/v6-m/nofp\libgcc.a(fixsfsi.o)
                0x08000d54                __aeabi_f2iz
 .text          0x08000d94       0xa0 D:/ST/STM32CubeIDE/STM32CubeIDE/STM32CubeIDE/plugins/com.st.stm32cube.ide.mcu.externaltools.gnu-tools-for-stm32.13.3.rel1.win32_1.0.0.202411081344/tools/bin/../lib/gcc/arm-none-eabi/13.3.1/thumb/v6-m/nofp\libgcc.a(floatsisf.o)
                0x08000d94                __aeabi_i2f
 .text          0x08000e34       0x3c D:/ST/STM32CubeIDE/STM32CubeIDE/STM32CubeIDE/plugins/com.st.stm32cube.ide.mcu.externaltools.gnu-tools-for-stm32.13.3.rel1.win32_1.0.0.202411081344/tools/bin/../lib/gcc/arm-none-eabi/13.3.1/thumb/v6-m/nofp\libgcc.a(_clzsi2.o)
                0x08000e34                __clzsi2
 *(.text*)
 .text.DS18B20_init
                0x08000e70       0x18 ./Core/Src/DS18B20.o
                0x08000e70                DS18B20_init
 .text.DS18B20_get_temperature
                0x08000e88       0x9c ./Core/Src/DS18B20.o
                0x08000e88                DS18B20_get_temperature
 .text.TWI_init
                0x08000f24       0xa4 ./Core/Src/HW_I2C.o
                0x08000f24                TWI_init
 .text.LCD_init
                0x08000fc8       0x64 ./Core/Src/I2C_LCD.o
                0x08000fc8                LCD_init
 .text.LCD_toggle_EN
                0x0800102c       0x4c ./Core/Src/I2C_LCD.o
                0x0800102c                LCD_toggle_EN
 .text.LCD_send
                0x08001078       0x98 ./Core/Src/I2C_LCD.o
                0x08001078                LCD_send
 .text.LCD_4bit_send
                0x08001110       0xa0 ./Core/Src/I2C_LCD.o
                0x08001110                LCD_4bit_send
 .text.LCD_putchar
                0x080011b0       0x20 ./Core/Src/I2C_LCD.o
                0x080011b0                LCD_putchar
 .text.LCD_goto
                0x080011d0       0x9e ./Core/Src/I2C_LCD.o
                0x080011d0                LCD_goto
 .text.LCD_putstr
                0x0800126e       0x46 ./Core/Src/I2C_LCD.o
                0x0800126e                LCD_putstr
 .text.PCF8574_write
                0x080012b4       0x40 ./Core/Src/PCF8574.o
                0x080012b4                PCF8574_write
 .text.load_custom_symbol
                0x080012f4       0x60 ./Core/Src/lcd_print.o
                0x080012f4                load_custom_symbol
 .text.print_symbol
                0x08001354       0x42 ./Core/Src/lcd_print.o
                0x08001354                print_symbol
 *fill*         0x08001396        0x2 
 .text.print_I  0x08001398      0x2a0 ./Core/Src/lcd_print.o
                0x08001398                print_I
 .text.print_D  0x08001638       0xc4 ./Core/Src/lcd_print.o
                0x08001638                print_D
 .text.print_F  0x080016fc      0x1cc ./Core/Src/lcd_print.o
                0x080016fc                print_F
 .text.main     0x080018c8       0x5c ./Core/Src/main.o
                0x080018c8                main
 .text.SystemClock_Config
                0x08001924       0x80 ./Core/Src/main.o
                0x08001924                SystemClock_Config
 .text.Error_Handler
                0x080019a4        0xc ./Core/Src/main.o
                0x080019a4                Error_Handler
 .text.onewire_GPIO_Init
                0x080019b0       0x70 ./Core/Src/one_wire.o
                0x080019b0                onewire_GPIO_Init
 .text.onewire_set_pin_in
                0x08001a20       0x1a ./Core/Src/one_wire.o
                0x08001a20                onewire_set_pin_in
 .text.onewire_set_pin_out
                0x08001a3a       0x2a ./Core/Src/one_wire.o
                0x08001a3a                onewire_set_pin_out
 .text.onewire_reset
                0x08001a64       0x56 ./Core/Src/one_wire.o
                0x08001a64                onewire_reset
 .text.onewire_write_bit
                0x08001aba       0x54 ./Core/Src/one_wire.o
                0x08001aba                onewire_write_bit
 .text.onewire_read_bit
                0x08001b0e       0x4e ./Core/Src/one_wire.o
                0x08001b0e                onewire_read_bit
 .text.onewire_write
                0x08001b5c       0x56 ./Core/Src/one_wire.o
                0x08001b5c                onewire_write
 .text.onewire_read
                0x08001bb2       0x64 ./Core/Src/one_wire.o
                0x08001bb2                onewire_read
 *fill*         0x08001c16        0x2 
 .text.HAL_MspInit
                0x08001c18       0x48 ./Core/Src/stm32f0xx_hal_msp.o
                0x08001c18                HAL_MspInit
 .text.HAL_I2C_MspInit
                0x08001c60       0x9c ./Core/Src/stm32f0xx_hal_msp.o
                0x08001c60                HAL_I2C_MspInit
 .text.HAL_TIM_Base_MspInit
                0x08001cfc       0x40 ./Core/Src/stm32f0xx_hal_msp.o
                0x08001cfc                HAL_TIM_Base_MspInit
 .text.NMI_Handler
                0x08001d3c        0xc ./Core/Src/stm32f0xx_it.o
                0x08001d3c                NMI_Handler
 .text.HardFault_Handler
                0x08001d48        0x8 ./Core/Src/stm32f0xx_it.o
                0x08001d48                HardFault_Handler
 .text.SVC_Handler
                0x08001d50        0xa ./Core/Src/stm32f0xx_it.o
                0x08001d50                SVC_Handler
 .text.PendSV_Handler
                0x08001d5a        0xa ./Core/Src/stm32f0xx_it.o
                0x08001d5a                PendSV_Handler
 .text.SysTick_Handler
                0x08001d64        0xe ./Core/Src/stm32f0xx_it.o
                0x08001d64                SysTick_Handler
 .text.SystemInit
                0x08001d72        0xa ./Core/Src/system_stm32f0xx.o
                0x08001d72                SystemInit
 .text.MX_TIM14_Init
                0x08001d7c       0x84 ./Core/Src/timer_delay.o
                0x08001d7c                MX_TIM14_Init
 .text.delay_us
                0x08001e00       0x44 ./Core/Src/timer_delay.o
                0x08001e00                delay_us
 .text.delay_ms
                0x08001e44       0x30 ./Core/Src/timer_delay.o
                0x08001e44                delay_ms
 .text.Reset_Handler
                0x08001e74       0x50 ./Core/Startup/startup_stm32f030f4px.o
                0x08001e74                Reset_Handler
 .text.Default_Handler
                0x08001ec4        0x2 ./Core/Startup/startup_stm32f030f4px.o
                0x08001ec4                TIM1_CC_IRQHandler
                0x08001ec4                I2C1_IRQHandler
                0x08001ec4                SPI1_IRQHandler
                0x08001ec4                EXTI2_3_IRQHandler
                0x08001ec4                ADC1_IRQHandler
                0x08001ec4                TIM17_IRQHandler
                0x08001ec4                RTC_IRQHandler
                0x08001ec4                TIM16_IRQHandler
                0x08001ec4                TIM3_IRQHandler
                0x08001ec4                EXTI4_15_IRQHandler
                0x08001ec4                RCC_IRQHandler
                0x08001ec4                DMA1_Channel1_IRQHandler
                0x08001ec4                Default_Handler
                0x08001ec4                TIM14_IRQHandler
                0x08001ec4                DMA1_Channel4_5_IRQHandler
                0x08001ec4                EXTI0_1_IRQHandler
                0x08001ec4                WWDG_IRQHandler
                0x08001ec4                DMA1_Channel2_3_IRQHandler
                0x08001ec4                FLASH_IRQHandler
                0x08001ec4                USART1_IRQHandler
                0x08001ec4                TIM1_BRK_UP_TRG_COM_IRQHandler
 *fill*         0x08001ec6        0x2 
 .text.HAL_Init
                0x08001ec8       0x28 ./Drivers/STM32F0xx_HAL_Driver/Src/stm32f0xx_hal.o
                0x08001ec8                HAL_Init
 .text.HAL_InitTick
                0x08001ef0       0x68 ./Drivers/STM32F0xx_HAL_Driver/Src/stm32f0xx_hal.o
                0x08001ef0                HAL_InitTick
 .text.HAL_IncTick
                0x08001f58       0x24 ./Drivers/STM32F0xx_HAL_Driver/Src/stm32f0xx_hal.o
                0x08001f58                HAL_IncTick
 .text.HAL_GetTick
                0x08001f7c       0x14 ./Drivers/STM32F0xx_HAL_Driver/Src/stm32f0xx_hal.o
                0x08001f7c                HAL_GetTick
 .text.HAL_Delay
                0x08001f90       0x48 ./Drivers/STM32F0xx_HAL_Driver/Src/stm32f0xx_hal.o
                0x08001f90                HAL_Delay
 .text.__NVIC_SetPriority
                0x08001fd8       0xdc ./Drivers/STM32F0xx_HAL_Driver/Src/stm32f0xx_hal_cortex.o
 .text.SysTick_Config
                0x080020b4       0x48 ./Drivers/STM32F0xx_HAL_Driver/Src/stm32f0xx_hal_cortex.o
 .text.HAL_NVIC_SetPriority
                0x080020fc       0x2a ./Drivers/STM32F0xx_HAL_Driver/Src/stm32f0xx_hal_cortex.o
                0x080020fc                HAL_NVIC_SetPriority
 .text.HAL_SYSTICK_Config
                0x08002126       0x1a ./Drivers/STM32F0xx_HAL_Driver/Src/stm32f0xx_hal_cortex.o
                0x08002126                HAL_SYSTICK_Config
 .text.HAL_GPIO_Init
                0x08002140      0x2e0 ./Drivers/STM32F0xx_HAL_Driver/Src/stm32f0xx_hal_gpio.o
                0x08002140                HAL_GPIO_Init
 .text.HAL_I2C_Init
                0x08002420      0x14c ./Drivers/STM32F0xx_HAL_Driver/Src/stm32f0xx_hal_i2c.o
                0x08002420                HAL_I2C_Init
 .text.HAL_I2C_Master_Transmit
                0x0800256c      0x254 ./Drivers/STM32F0xx_HAL_Driver/Src/stm32f0xx_hal_i2c.o
                0x0800256c                HAL_I2C_Master_Transmit
 .text.I2C_Flush_TXDR
                0x080027c0       0x44 ./Drivers/STM32F0xx_HAL_Driver/Src/stm32f0xx_hal_i2c.o
 .text.I2C_WaitOnFlagUntilTimeout
                0x08002804       0xb0 ./Drivers/STM32F0xx_HAL_Driver/Src/stm32f0xx_hal_i2c.o
 .text.I2C_WaitOnTXISFlagUntilTimeout
                0x080028b4       0x8c ./Drivers/STM32F0xx_HAL_Driver/Src/stm32f0xx_hal_i2c.o
 .text.I2C_WaitOnSTOPFlagUntilTimeout
                0x08002940       0x86 ./Drivers/STM32F0xx_HAL_Driver/Src/stm32f0xx_hal_i2c.o
 *fill*         0x080029c6        0x2 
 .text.I2C_IsErrorOccurred
                0x080029c8      0x1f0 ./Drivers/STM32F0xx_HAL_Driver/Src/stm32f0xx_hal_i2c.o
 .text.I2C_TransferConfig
                0x08002bb8       0x74 ./Drivers/STM32F0xx_HAL_Driver/Src/stm32f0xx_hal_i2c.o
 .text.HAL_I2CEx_ConfigAnalogFilter
                0x08002c2c       0x98 ./Drivers/STM32F0xx_HAL_Driver/Src/stm32f0xx_hal_i2c_ex.o
                0x08002c2c                HAL_I2CEx_ConfigAnalogFilter
 .text.HAL_I2CEx_ConfigDigitalFilter
                0x08002cc4       0x98 ./Drivers/STM32F0xx_HAL_Driver/Src/stm32f0xx_hal_i2c_ex.o
                0x08002cc4                HAL_I2CEx_ConfigDigitalFilter
 .text.HAL_RCC_OscConfig
                0x08002d5c      0x634 ./Drivers/STM32F0xx_HAL_Driver/Src/stm32f0xx_hal_rcc.o
                0x08002d5c                HAL_RCC_OscConfig
 .text.HAL_RCC_ClockConfig
                0x08003390      0x19c ./Drivers/STM32F0xx_HAL_Driver/Src/stm32f0xx_hal_rcc.o
                0x08003390                HAL_RCC_ClockConfig
 .text.HAL_RCC_GetSysClockFreq
                0x0800352c       0xac ./Drivers/STM32F0xx_HAL_Driver/Src/stm32f0xx_hal_rcc.o
                0x0800352c                HAL_RCC_GetSysClockFreq
 .text.HAL_RCC_GetHCLKFreq
                0x080035d8       0x14 ./Drivers/STM32F0xx_HAL_Driver/Src/stm32f0xx_hal_rcc.o
                0x080035d8                HAL_RCC_GetHCLKFreq
 .text.HAL_RCC_GetPCLK1Freq
                0x080035ec       0x2c ./Drivers/STM32F0xx_HAL_Driver/Src/stm32f0xx_hal_rcc.o
                0x080035ec                HAL_RCC_GetPCLK1Freq
 .text.HAL_RCC_NMI_IRQHandler
                0x08003618       0x28 ./Drivers/STM32F0xx_HAL_Driver/Src/stm32f0xx_hal_rcc.o
                0x08003618                HAL_RCC_NMI_IRQHandler
 .text.HAL_RCC_CSSCallback
                0x08003640        0xa ./Drivers/STM32F0xx_HAL_Driver/Src/stm32f0xx_hal_rcc.o
                0x08003640                HAL_RCC_CSSCallback
 .text.HAL_TIM_Base_Init
                0x0800364a       0xa0 ./Drivers/STM32F0xx_HAL_Driver/Src/stm32f0xx_hal_tim.o
                0x0800364a                HAL_TIM_Base_Init
 *fill*         0x080036ea        0x2 
 .text.HAL_TIM_Base_Start
                0x080036ec       0x7c ./Drivers/STM32F0xx_HAL_Driver/Src/stm32f0xx_hal_tim.o
                0x080036ec                HAL_TIM_Base_Start
 .text.TIM_Base_SetConfig
                0x08003768       0xf4 ./Drivers/STM32F0xx_HAL_Driver/Src/stm32f0xx_hal_tim.o
                0x08003768                TIM_Base_SetConfig
 .text.memset   0x0800385c       0x10 D:/ST/STM32CubeIDE/STM32CubeIDE/STM32CubeIDE/plugins/com.st.stm32cube.ide.mcu.externaltools.gnu-tools-for-stm32.13.3.rel1.win32_1.0.0.202411081344/tools/bin/../lib/gcc/arm-none-eabi/13.3.1/../../../../arm-none-eabi/lib/thumb/v6-m/nofp\libc_nano.a(libc_a-memset.o)
                0x0800385c                memset
 .text.__libc_init_array
                0x0800386c       0x48 D:/ST/STM32CubeIDE/STM32CubeIDE/STM32CubeIDE/plugins/com.st.stm32cube.ide.mcu.externaltools.gnu-tools-for-stm32.13.3.rel1.win32_1.0.0.202411081344/tools/bin/../lib/gcc/arm-none-eabi/13.3.1/../../../../arm-none-eabi/lib/thumb/v6-m/nofp\libc_nano.a(libc_a-init.o)
                0x0800386c                __libc_init_array
 *(.glue_7)
 .glue_7        0x080038b4        0x0 linker stubs
 *(.glue_7t)
 .glue_7t       0x080038b4        0x0 linker stubs
 *(.eh_frame)
 .eh_frame      0x080038b4        0x0 D:/ST/STM32CubeIDE/STM32CubeIDE/STM32CubeIDE/plugins/com.st.stm32cube.ide.mcu.externaltools.gnu-tools-for-stm32.13.3.rel1.win32_1.0.0.202411081344/tools/bin/../lib/gcc/arm-none-eabi/13.3.1/thumb/v6-m/nofp/crtbegin.o
 *(.init)
 .init          0x080038b4        0x4 D:/ST/STM32CubeIDE/STM32CubeIDE/STM32CubeIDE/plugins/com.st.stm32cube.ide.mcu.externaltools.gnu-tools-for-stm32.13.3.rel1.win32_1.0.0.202411081344/tools/bin/../lib/gcc/arm-none-eabi/13.3.1/thumb/v6-m/nofp/crti.o
                0x080038b4                _init
 .init          0x080038b8        0x8 D:/ST/STM32CubeIDE/STM32CubeIDE/STM32CubeIDE/plugins/com.st.stm32cube.ide.mcu.externaltools.gnu-tools-for-stm32.13.3.rel1.win32_1.0.0.202411081344/tools/bin/../lib/gcc/arm-none-eabi/13.3.1/thumb/v6-m/nofp/crtn.o
 *(.fini)
 .fini          0x080038c0        0x4 D:/ST/STM32CubeIDE/STM32CubeIDE/STM32CubeIDE/plugins/com.st.stm32cube.ide.mcu.externaltools.gnu-tools-for-stm32.13.3.rel1.win32_1.0.0.202411081344/tools/bin/../lib/gcc/arm-none-eabi/13.3.1/thumb/v6-m/nofp/crti.o
                0x080038c0                _fini
 .fini          0x080038c4        0x8 D:/ST/STM32CubeIDE/STM32CubeIDE/STM32CubeIDE/plugins/com.st.stm32cube.ide.mcu.externaltools.gnu-tools-for-stm32.13.3.rel1.win32_1.0.0.202411081344/tools/bin/../lib/gcc/arm-none-eabi/13.3.1/thumb/v6-m/nofp/crtn.o
                0x080038cc                        . = ALIGN (0x4)
                0x080038cc                        _etext = .

.vfp11_veneer   0x080038cc        0x0
 .vfp11_veneer  0x080038cc        0x0 linker stubs

.v4_bx          0x080038cc        0x0
 .v4_bx         0x080038cc        0x0 linker stubs

.iplt           0x080038cc        0x0
 .iplt          0x080038cc        0x0 D:/ST/STM32CubeIDE/STM32CubeIDE/STM32CubeIDE/plugins/com.st.stm32cube.ide.mcu.externaltools.gnu-tools-for-stm32.13.3.rel1.win32_1.0.0.202411081344/tools/bin/../lib/gcc/arm-none-eabi/13.3.1/thumb/v6-m/nofp/crtbegin.o

.rodata         0x080038cc       0x64
                0x080038cc                        . = ALIGN (0x4)
 *(.rodata)
 .rodata        0x080038cc        0x1 ./Core/Src/PCF8574.o
 *fill*         0x080038cd        0x3 
 .rodata        0x080038d0       0x16 ./Core/Src/lcd_print.o
 *fill*         0x080038e6        0x2 
 .rodata        0x080038e8        0xf ./Core/Src/main.o
 *(.rodata*)
 *fill*         0x080038f7        0x1 
 .rodata.AHBPrescTable
                0x080038f8       0x10 ./Core/Src/system_stm32f0xx.o
                0x080038f8                AHBPrescTable
 .rodata.APBPrescTable
                0x08003908        0x8 ./Core/Src/system_stm32f0xx.o
                0x08003908                APBPrescTable
 .rodata.aPLLMULFactorTable.1
                0x08003910       0x10 ./Drivers/STM32F0xx_HAL_Driver/Src/stm32f0xx_hal_rcc.o
 .rodata.aPredivFactorTable.0
                0x08003920       0x10 ./Drivers/STM32F0xx_HAL_Driver/Src/stm32f0xx_hal_rcc.o
                0x08003930                        . = ALIGN (0x4)

.ARM.extab      0x08003930        0x0
                0x08003930                        . = ALIGN (0x4)
 *(.ARM.extab* .gnu.linkonce.armextab.*)
                0x08003930                        . = ALIGN (0x4)

.ARM            0x08003930        0x0
                0x08003930                        . = ALIGN (0x4)
                0x08003930                        __exidx_start = .
 *(.ARM.exidx*)
                0x08003930                        __exidx_end = .
                0x08003930                        . = ALIGN (0x4)

.preinit_array  0x08003930        0x0
                0x08003930                        . = ALIGN (0x4)
                0x08003930                        PROVIDE (__preinit_array_start = .)
 *(.preinit_array*)
                0x08003930                        PROVIDE (__preinit_array_end = .)
                0x08003930                        . = ALIGN (0x4)

.init_array     0x08003930        0x4
                0x08003930                        . = ALIGN (0x4)
                0x08003930                        PROVIDE (__init_array_start = .)
 *(SORT_BY_NAME(.init_array.*))
 *(.init_array*)
 .init_array    0x08003930        0x4 D:/ST/STM32CubeIDE/STM32CubeIDE/STM32CubeIDE/plugins/com.st.stm32cube.ide.mcu.externaltools.gnu-tools-for-stm32.13.3.rel1.win32_1.0.0.202411081344/tools/bin/../lib/gcc/arm-none-eabi/13.3.1/thumb/v6-m/nofp/crtbegin.o
                0x08003934                        PROVIDE (__init_array_end = .)
                0x08003934                        . = ALIGN (0x4)

.fini_array     0x08003934        0x4
                0x08003934                        . = ALIGN (0x4)
                [!provide]                        PROVIDE (__fini_array_start = .)
 *(SORT_BY_NAME(.fini_array.*))
 *(.fini_array*)
 .fini_array    0x08003934        0x4 D:/ST/STM32CubeIDE/STM32CubeIDE/STM32CubeIDE/plugins/com.st.stm32cube.ide.mcu.externaltools.gnu-tools-for-stm32.13.3.rel1.win32_1.0.0.202411081344/tools/bin/../lib/gcc/arm-none-eabi/13.3.1/thumb/v6-m/nofp/crtbegin.o
                [!provide]                        PROVIDE (__fini_array_end = .)
                0x08003938                        . = ALIGN (0x4)
                0x08003938                        _sidata = LOADADDR (.data)

.rel.dyn        0x08003938        0x0
 .rel.iplt      0x08003938        0x0 D:/ST/STM32CubeIDE/STM32CubeIDE/STM32CubeIDE/plugins/com.st.stm32cube.ide.mcu.externaltools.gnu-tools-for-stm32.13.3.rel1.win32_1.0.0.202411081344/tools/bin/../lib/gcc/arm-none-eabi/13.3.1/thumb/v6-m/nofp/crtbegin.o

.data           0x20000000        0xc load address 0x08003938
                0x20000000                        . = ALIGN (0x4)
                0x20000000                        _sdata = .
 *(.data)
 *(.data*)
 .data.SystemCoreClock
                0x20000000        0x4 ./Core/Src/system_stm32f0xx.o
                0x20000000                SystemCoreClock
 .data.uwTickPrio
                0x20000004        0x4 ./Drivers/STM32F0xx_HAL_Driver/Src/stm32f0xx_hal.o
                0x20000004                uwTickPrio
 .data.uwTickFreq
                0x20000008        0x1 ./Drivers/STM32F0xx_HAL_Driver/Src/stm32f0xx_hal.o
                0x20000008                uwTickFreq
 *(.RamFunc)
 *(.RamFunc*)
                0x2000000c                        . = ALIGN (0x4)
 *fill*         0x20000009        0x3 
                0x2000000c                        _edata = .

.igot.plt       0x2000000c        0x0 load address 0x08003944
 .igot.plt      0x2000000c        0x0 D:/ST/STM32CubeIDE/STM32CubeIDE/STM32CubeIDE/plugins/com.st.stm32cube.ide.mcu.externaltools.gnu-tools-for-stm32.13.3.rel1.win32_1.0.0.202411081344/tools/bin/../lib/gcc/arm-none-eabi/13.3.1/thumb/v6-m/nofp/crtbegin.o
                0x2000000c                        . = ALIGN (0x4)

.bss            0x2000000c       0xc0 load address 0x08003944
                0x2000000c                        _sbss = .
                0x2000000c                        __bss_start__ = _sbss
 *(.bss)
 .bss           0x2000000c       0x1c D:/ST/STM32CubeIDE/STM32CubeIDE/STM32CubeIDE/plugins/com.st.stm32cube.ide.mcu.externaltools.gnu-tools-for-stm32.13.3.rel1.win32_1.0.0.202411081344/tools/bin/../lib/gcc/arm-none-eabi/13.3.1/thumb/v6-m/nofp/crtbegin.o
 *(.bss*)
 .bss.bl_state  0x20000028        0x1 ./Core/Src/I2C_LCD.o
 .bss.data_value
                0x20000029        0x1 ./Core/Src/I2C_LCD.o
 *fill*         0x2000002a        0x2 
 .bss.hi2c1     0x2000002c       0x54 ./Core/Src/main.o
                0x2000002c                hi2c1
 .bss.htim14    0x20000080       0x48 ./Core/Src/main.o
                0x20000080                htim14
 .bss.uwTick    0x200000c8        0x4 ./Drivers/STM32F0xx_HAL_Driver/Src/stm32f0xx_hal.o
                0x200000c8                uwTick
 *(COMMON)
                0x200000cc                        . = ALIGN (0x4)
                0x200000cc                        _ebss = .
                0x200000cc                        __bss_end__ = _ebss

._user_heap_stack
                0x200000cc      0x604 load address 0x08003944
                0x200000d0                        . = ALIGN (0x8)
 *fill*         0x200000cc        0x4 
                [!provide]                        PROVIDE (end = .)
                0x200000d0                        PROVIDE (_end = .)
                0x200002d0                        . = (. + _Min_Heap_Size)
 *fill*         0x200000d0      0x200 
                0x200006d0                        . = (. + _Min_Stack_Size)
 *fill*         0x200002d0      0x400 
                0x200006d0                        . = ALIGN (0x8)

/DISCARD/
 libc.a(*)
 libm.a(*)
 libgcc.a(*)

.ARM.attributes
                0x00000000       0x28
 *(.ARM.attributes)
 .ARM.attributes
                0x00000000       0x1e D:/ST/STM32CubeIDE/STM32CubeIDE/STM32CubeIDE/plugins/com.st.stm32cube.ide.mcu.externaltools.gnu-tools-for-stm32.13.3.rel1.win32_1.0.0.202411081344/tools/bin/../lib/gcc/arm-none-eabi/13.3.1/thumb/v6-m/nofp/crti.o
 .ARM.attributes
                0x0000001e       0x2c D:/ST/STM32CubeIDE/STM32CubeIDE/STM32CubeIDE/plugins/com.st.stm32cube.ide.mcu.externaltools.gnu-tools-for-stm32.13.3.rel1.win32_1.0.0.202411081344/tools/bin/../lib/gcc/arm-none-eabi/13.3.1/thumb/v6-m/nofp/crtbegin.o
 .ARM.attributes
                0x0000004a       0x2c ./Core/Src/DS18B20.o
 .ARM.attributes
                0x00000076       0x2c ./Core/Src/HW_I2C.o
 .ARM.attributes
                0x000000a2       0x2c ./Core/Src/I2C_LCD.o
 .ARM.attributes
                0x000000ce       0x2c ./Core/Src/PCF8574.o
 .ARM.attributes
                0x000000fa       0x2c ./Core/Src/lcd_print.o
 .ARM.attributes
                0x00000126       0x2c ./Core/Src/main.o
 .ARM.attributes
                0x00000152       0x2c ./Core/Src/one_wire.o
 .ARM.attributes
                0x0000017e       0x2c ./Core/Src/stm32f0xx_hal_msp.o
 .ARM.attributes
                0x000001aa       0x2c ./Core/Src/stm32f0xx_it.o
 .ARM.attributes
                0x000001d6       0x2c ./Core/Src/system_stm32f0xx.o
 .ARM.attributes
                0x00000202       0x2c ./Core/Src/timer_delay.o
 .ARM.attributes
                0x0000022e       0x21 ./Core/Startup/startup_stm32f030f4px.o
 .ARM.attributes
                0x0000024f       0x2c ./Drivers/STM32F0xx_HAL_Driver/Src/stm32f0xx_hal.o
 .ARM.attributes
                0x0000027b       0x2c ./Drivers/STM32F0xx_HAL_Driver/Src/stm32f0xx_hal_cortex.o
 .ARM.attributes
                0x000002a7       0x2c ./Drivers/STM32F0xx_HAL_Driver/Src/stm32f0xx_hal_gpio.o
 .ARM.attributes
                0x000002d3       0x2c ./Drivers/STM32F0xx_HAL_Driver/Src/stm32f0xx_hal_i2c.o
 .ARM.attributes
                0x000002ff       0x2c ./Drivers/STM32F0xx_HAL_Driver/Src/stm32f0xx_hal_i2c_ex.o
 .ARM.attributes
                0x0000032b       0x2c ./Drivers/STM32F0xx_HAL_Driver/Src/stm32f0xx_hal_rcc.o
 .ARM.attributes
                0x00000357       0x2c ./Drivers/STM32F0xx_HAL_Driver/Src/stm32f0xx_hal_tim.o
 .ARM.attributes
                0x00000383       0x2c D:/ST/STM32CubeIDE/STM32CubeIDE/STM32CubeIDE/plugins/com.st.stm32cube.ide.mcu.externaltools.gnu-tools-for-stm32.13.3.rel1.win32_1.0.0.202411081344/tools/bin/../lib/gcc/arm-none-eabi/13.3.1/../../../../arm-none-eabi/lib/thumb/v6-m/nofp\libc_nano.a(libc_a-memset.o)
 .ARM.attributes
                0x000003af       0x2c D:/ST/STM32CubeIDE/STM32CubeIDE/STM32CubeIDE/plugins/com.st.stm32cube.ide.mcu.externaltools.gnu-tools-for-stm32.13.3.rel1.win32_1.0.0.202411081344/tools/bin/../lib/gcc/arm-none-eabi/13.3.1/../../../../arm-none-eabi/lib/thumb/v6-m/nofp\libc_nano.a(libc_a-init.o)
 .ARM.attributes
                0x000003db       0x1e D:/ST/STM32CubeIDE/STM32CubeIDE/STM32CubeIDE/plugins/com.st.stm32cube.ide.mcu.externaltools.gnu-tools-for-stm32.13.3.rel1.win32_1.0.0.202411081344/tools/bin/../lib/gcc/arm-none-eabi/13.3.1/thumb/v6-m/nofp\libgcc.a(_udivsi3.o)
 .ARM.attributes
                0x000003f9       0x1e D:/ST/STM32CubeIDE/STM32CubeIDE/STM32CubeIDE/plugins/com.st.stm32cube.ide.mcu.externaltools.gnu-tools-for-stm32.13.3.rel1.win32_1.0.0.202411081344/tools/bin/../lib/gcc/arm-none-eabi/13.3.1/thumb/v6-m/nofp\libgcc.a(_divsi3.o)
 .ARM.attributes
                0x00000417       0x1e D:/ST/STM32CubeIDE/STM32CubeIDE/STM32CubeIDE/plugins/com.st.stm32cube.ide.mcu.externaltools.gnu-tools-for-stm32.13.3.rel1.win32_1.0.0.202411081344/tools/bin/../lib/gcc/arm-none-eabi/13.3.1/thumb/v6-m/nofp\libgcc.a(_dvmd_tls.o)
 .ARM.attributes
                0x00000435       0x1e D:/ST/STM32CubeIDE/STM32CubeIDE/STM32CubeIDE/plugins/com.st.stm32cube.ide.mcu.externaltools.gnu-tools-for-stm32.13.3.rel1.win32_1.0.0.202411081344/tools/bin/../lib/gcc/arm-none-eabi/13.3.1/thumb/v6-m/nofp\libgcc.a(_arm_cmpsf2.o)
 .ARM.attributes
                0x00000453       0x2c D:/ST/STM32CubeIDE/STM32CubeIDE/STM32CubeIDE/plugins/com.st.stm32cube.ide.mcu.externaltools.gnu-tools-for-stm32.13.3.rel1.win32_1.0.0.202411081344/tools/bin/../lib/gcc/arm-none-eabi/13.3.1/thumb/v6-m/nofp\libgcc.a(eqsf2.o)
 .ARM.attributes
                0x0000047f       0x2c D:/ST/STM32CubeIDE/STM32CubeIDE/STM32CubeIDE/plugins/com.st.stm32cube.ide.mcu.externaltools.gnu-tools-for-stm32.13.3.rel1.win32_1.0.0.202411081344/tools/bin/../lib/gcc/arm-none-eabi/13.3.1/thumb/v6-m/nofp\libgcc.a(gesf2.o)
 .ARM.attributes
                0x000004ab       0x2c D:/ST/STM32CubeIDE/STM32CubeIDE/STM32CubeIDE/plugins/com.st.stm32cube.ide.mcu.externaltools.gnu-tools-for-stm32.13.3.rel1.win32_1.0.0.202411081344/tools/bin/../lib/gcc/arm-none-eabi/13.3.1/thumb/v6-m/nofp\libgcc.a(lesf2.o)
 .ARM.attributes
                0x000004d7       0x2c D:/ST/STM32CubeIDE/STM32CubeIDE/STM32CubeIDE/plugins/com.st.stm32cube.ide.mcu.externaltools.gnu-tools-for-stm32.13.3.rel1.win32_1.0.0.202411081344/tools/bin/../lib/gcc/arm-none-eabi/13.3.1/thumb/v6-m/nofp\libgcc.a(mulsf3.o)
 .ARM.attributes
                0x00000503       0x2c D:/ST/STM32CubeIDE/STM32CubeIDE/STM32CubeIDE/plugins/com.st.stm32cube.ide.mcu.externaltools.gnu-tools-for-stm32.13.3.rel1.win32_1.0.0.202411081344/tools/bin/../lib/gcc/arm-none-eabi/13.3.1/thumb/v6-m/nofp\libgcc.a(subsf3.o)
 .ARM.attributes
                0x0000052f       0x2c D:/ST/STM32CubeIDE/STM32CubeIDE/STM32CubeIDE/plugins/com.st.stm32cube.ide.mcu.externaltools.gnu-tools-for-stm32.13.3.rel1.win32_1.0.0.202411081344/tools/bin/../lib/gcc/arm-none-eabi/13.3.1/thumb/v6-m/nofp\libgcc.a(fixsfsi.o)
 .ARM.attributes
                0x0000055b       0x2c D:/ST/STM32CubeIDE/STM32CubeIDE/STM32CubeIDE/plugins/com.st.stm32cube.ide.mcu.externaltools.gnu-tools-for-stm32.13.3.rel1.win32_1.0.0.202411081344/tools/bin/../lib/gcc/arm-none-eabi/13.3.1/thumb/v6-m/nofp\libgcc.a(floatsisf.o)
 .ARM.attributes
                0x00000587       0x1e D:/ST/STM32CubeIDE/STM32CubeIDE/STM32CubeIDE/plugins/com.st.stm32cube.ide.mcu.externaltools.gnu-tools-for-stm32.13.3.rel1.win32_1.0.0.202411081344/tools/bin/../lib/gcc/arm-none-eabi/13.3.1/thumb/v6-m/nofp\libgcc.a(_clzsi2.o)
 .ARM.attributes
                0x000005a5       0x1e D:/ST/STM32CubeIDE/STM32CubeIDE/STM32CubeIDE/plugins/com.st.stm32cube.ide.mcu.externaltools.gnu-tools-for-stm32.13.3.rel1.win32_1.0.0.202411081344/tools/bin/../lib/gcc/arm-none-eabi/13.3.1/thumb/v6-m/nofp/crtn.o
OUTPUT(DS18B20_Thermometer.elf elf32-littlearm)
LOAD linker stubs
LOAD D:/ST/STM32CubeIDE/STM32CubeIDE/STM32CubeIDE/plugins/com.st.stm32cube.ide.mcu.externaltools.gnu-tools-for-stm32.13.3.rel1.win32_1.0.0.202411081344/tools/bin/../lib/gcc/arm-none-eabi/13.3.1/../../../../arm-none-eabi/lib/thumb/v6-m/nofp\libc.a
LOAD D:/ST/STM32CubeIDE/STM32CubeIDE/STM32CubeIDE/plugins/com.st.stm32cube.ide.mcu.externaltools.gnu-tools-for-stm32.13.3.rel1.win32_1.0.0.202411081344/tools/bin/../lib/gcc/arm-none-eabi/13.3.1/../../../../arm-none-eabi/lib/thumb/v6-m/nofp\libm.a
LOAD D:/ST/STM32CubeIDE/STM32CubeIDE/STM32CubeIDE/plugins/com.st.stm32cube.ide.mcu.externaltools.gnu-tools-for-stm32.13.3.rel1.win32_1.0.0.202411081344/tools/bin/../lib/gcc/arm-none-eabi/13.3.1/thumb/v6-m/nofp\libgcc.a

.debug_info     0x00000000     0xa7b7
 .debug_info    0x00000000      0x167 ./Core/Src/DS18B20.o
 .debug_info    0x00000167      0x719 ./Core/Src/HW_I2C.o
 .debug_info    0x00000880      0x22e ./Core/Src/I2C_LCD.o
 .debug_info    0x00000aae      0x6bd ./Core/Src/PCF8574.o
 .debug_info    0x0000116b      0x32c ./Core/Src/lcd_print.o
 .debug_info    0x00001497      0xbc2 ./Core/Src/main.o
 .debug_info    0x00002059      0x365 ./Core/Src/one_wire.o
 .debug_info    0x000023be      0xc3c ./Core/Src/stm32f0xx_hal_msp.o
 .debug_info    0x00002ffa       0xda ./Core/Src/stm32f0xx_it.o
 .debug_info    0x000030d4      0x242 ./Core/Src/system_stm32f0xx.o
 .debug_info    0x00003316      0x7a2 ./Core/Src/timer_delay.o
 .debug_info    0x00003ab8       0x30 ./Core/Startup/startup_stm32f030f4px.o
 .debug_info    0x00003ae8      0x652 ./Drivers/STM32F0xx_HAL_Driver/Src/stm32f0xx_hal.o
 .debug_info    0x0000413a      0x67d ./Drivers/STM32F0xx_HAL_Driver/Src/stm32f0xx_hal_cortex.o
 .debug_info    0x000047b7      0x5c8 ./Drivers/STM32F0xx_HAL_Driver/Src/stm32f0xx_hal_gpio.o
 .debug_info    0x00004d7f     0x20cd ./Drivers/STM32F0xx_HAL_Driver/Src/stm32f0xx_hal_i2c.o
 .debug_info    0x00006e4c      0x7e1 ./Drivers/STM32F0xx_HAL_Driver/Src/stm32f0xx_hal_i2c_ex.o
 .debug_info    0x0000762d      0x844 ./Drivers/STM32F0xx_HAL_Driver/Src/stm32f0xx_hal_rcc.o
 .debug_info    0x00007e71     0x2946 ./Drivers/STM32F0xx_HAL_Driver/Src/stm32f0xx_hal_tim.o

.debug_abbrev   0x00000000     0x1f89
 .debug_abbrev  0x00000000       0xdd ./Core/Src/DS18B20.o
 .debug_abbrev  0x000000dd      0x1a5 ./Core/Src/HW_I2C.o
 .debug_abbrev  0x00000282       0xeb ./Core/Src/I2C_LCD.o
 .debug_abbrev  0x0000036d      0x1c0 ./Core/Src/PCF8574.o
 .debug_abbrev  0x0000052d       0xe6 ./Core/Src/lcd_print.o
 .debug_abbrev  0x00000613      0x25e ./Core/Src/main.o
 .debug_abbrev  0x00000871      0x198 ./Core/Src/one_wire.o
 .debug_abbrev  0x00000a09      0x1e0 ./Core/Src/stm32f0xx_hal_msp.o
 .debug_abbrev  0x00000be9       0x75 ./Core/Src/stm32f0xx_it.o
 .debug_abbrev  0x00000c5e      0x11c ./Core/Src/system_stm32f0xx.o
 .debug_abbrev  0x00000d7a      0x1f3 ./Core/Src/timer_delay.o
 .debug_abbrev  0x00000f6d       0x24 ./Core/Startup/startup_stm32f030f4px.o
 .debug_abbrev  0x00000f91      0x24b ./Drivers/STM32F0xx_HAL_Driver/Src/stm32f0xx_hal.o
 .debug_abbrev  0x000011dc      0x28c ./Drivers/STM32F0xx_HAL_Driver/Src/stm32f0xx_hal_cortex.o
 .debug_abbrev  0x00001468      0x1c6 ./Drivers/STM32F0xx_HAL_Driver/Src/stm32f0xx_hal_gpio.o
 .debug_abbrev  0x0000162e      0x270 ./Drivers/STM32F0xx_HAL_Driver/Src/stm32f0xx_hal_i2c.o
 .debug_abbrev  0x0000189e      0x1d4 ./Drivers/STM32F0xx_HAL_Driver/Src/stm32f0xx_hal_i2c_ex.o
 .debug_abbrev  0x00001a72      0x28b ./Drivers/STM32F0xx_HAL_Driver/Src/stm32f0xx_hal_rcc.o
 .debug_abbrev  0x00001cfd      0x28c ./Drivers/STM32F0xx_HAL_Driver/Src/stm32f0xx_hal_tim.o

.debug_aranges  0x00000000      0xba8
 .debug_aranges
                0x00000000       0x28 ./Core/Src/DS18B20.o
 .debug_aranges
                0x00000028       0x20 ./Core/Src/HW_I2C.o
 .debug_aranges
                0x00000048       0x58 ./Core/Src/I2C_LCD.o
 .debug_aranges
                0x000000a0       0x28 ./Core/Src/PCF8574.o
 .debug_aranges
                0x000000c8       0x48 ./Core/Src/lcd_print.o
 .debug_aranges
                0x00000110       0x30 ./Core/Src/main.o
 .debug_aranges
                0x00000140       0x58 ./Core/Src/one_wire.o
 .debug_aranges
                0x00000198       0x40 ./Core/Src/stm32f0xx_hal_msp.o
 .debug_aranges
                0x000001d8       0x40 ./Core/Src/stm32f0xx_it.o
 .debug_aranges
                0x00000218       0x28 ./Core/Src/system_stm32f0xx.o
 .debug_aranges
                0x00000240       0x30 ./Core/Src/timer_delay.o
 .debug_aranges
                0x00000270       0x28 ./Core/Startup/startup_stm32f030f4px.o
 .debug_aranges
                0x00000298       0xd0 ./Drivers/STM32F0xx_HAL_Driver/Src/stm32f0xx_hal.o
 .debug_aranges
                0x00000368       0xc0 ./Drivers/STM32F0xx_HAL_Driver/Src/stm32f0xx_hal_cortex.o
 .debug_aranges
                0x00000428       0x58 ./Drivers/STM32F0xx_HAL_Driver/Src/stm32f0xx_hal_gpio.o
 .debug_aranges
                0x00000480      0x2a0 ./Drivers/STM32F0xx_HAL_Driver/Src/stm32f0xx_hal_i2c.o
 .debug_aranges
                0x00000720       0x38 ./Drivers/STM32F0xx_HAL_Driver/Src/stm32f0xx_hal_i2c_ex.o
 .debug_aranges
                0x00000758       0x80 ./Drivers/STM32F0xx_HAL_Driver/Src/stm32f0xx_hal_rcc.o
 .debug_aranges
                0x000007d8      0x3d0 ./Drivers/STM32F0xx_HAL_Driver/Src/stm32f0xx_hal_tim.o

.debug_rnglists
                0x00000000      0x8f1
 .debug_rnglists
                0x00000000       0x1a ./Core/Src/DS18B20.o
 .debug_rnglists
                0x0000001a       0x14 ./Core/Src/HW_I2C.o
 .debug_rnglists
                0x0000002e       0x40 ./Core/Src/I2C_LCD.o
 .debug_rnglists
                0x0000006e       0x19 ./Core/Src/PCF8574.o
 .debug_rnglists
                0x00000087       0x35 ./Core/Src/lcd_print.o
 .debug_rnglists
                0x000000bc       0x20 ./Core/Src/main.o
 .debug_rnglists
                0x000000dc       0x3d ./Core/Src/one_wire.o
 .debug_rnglists
                0x00000119       0x2c ./Core/Src/stm32f0xx_hal_msp.o
 .debug_rnglists
                0x00000145       0x2b ./Core/Src/stm32f0xx_it.o
 .debug_rnglists
                0x00000170       0x1a ./Core/Src/system_stm32f0xx.o
 .debug_rnglists
                0x0000018a       0x20 ./Core/Src/timer_delay.o
 .debug_rnglists
                0x000001aa       0x19 ./Core/Startup/startup_stm32f030f4px.o
 .debug_rnglists
                0x000001c3       0x97 ./Drivers/STM32F0xx_HAL_Driver/Src/stm32f0xx_hal.o
 .debug_rnglists
                0x0000025a       0x8c ./Drivers/STM32F0xx_HAL_Driver/Src/stm32f0xx_hal_cortex.o
 .debug_rnglists
                0x000002e6       0x3f ./Drivers/STM32F0xx_HAL_Driver/Src/stm32f0xx_hal_gpio.o
 .debug_rnglists
                0x00000325      0x229 ./Drivers/STM32F0xx_HAL_Driver/Src/stm32f0xx_hal_i2c.o
 .debug_rnglists
                0x0000054e       0x27 ./Drivers/STM32F0xx_HAL_Driver/Src/stm32f0xx_hal_i2c_ex.o
 .debug_rnglists
                0x00000575       0x61 ./Drivers/STM32F0xx_HAL_Driver/Src/stm32f0xx_hal_rcc.o
 .debug_rnglists
                0x000005d6      0x31b ./Drivers/STM32F0xx_HAL_Driver/Src/stm32f0xx_hal_tim.o

.debug_macro    0x00000000     0xfcf5
 .debug_macro   0x00000000      0x1d2 ./Core/Src/DS18B20.o
 .debug_macro   0x000001d2      0xaae ./Core/Src/DS18B20.o
 .debug_macro   0x00000c80      0x12d ./Core/Src/DS18B20.o
 .debug_macro   0x00000dad       0x2e ./Core/Src/DS18B20.o
 .debug_macro   0x00000ddb       0x22 ./Core/Src/DS18B20.o
 .debug_macro   0x00000dfd       0x22 ./Core/Src/DS18B20.o
 .debug_macro   0x00000e1f       0x8e ./Core/Src/DS18B20.o
 .debug_macro   0x00000ead       0x51 ./Core/Src/DS18B20.o
 .debug_macro   0x00000efe      0x103 ./Core/Src/DS18B20.o
 .debug_macro   0x00001001       0x6a ./Core/Src/DS18B20.o
 .debug_macro   0x0000106b      0x1df ./Core/Src/DS18B20.o
 .debug_macro   0x0000124a       0x1c ./Core/Src/DS18B20.o
 .debug_macro   0x00001266       0x22 ./Core/Src/DS18B20.o
 .debug_macro   0x00001288       0xaf ./Core/Src/DS18B20.o
 .debug_macro   0x00001337      0x391 ./Core/Src/DS18B20.o
 .debug_macro   0x000016c8     0x6e6e ./Core/Src/DS18B20.o
 .debug_macro   0x00008536       0x66 ./Core/Src/DS18B20.o
 .debug_macro   0x0000859c     0x34da ./Core/Src/DS18B20.o
 .debug_macro   0x0000ba76      0x190 ./Core/Src/DS18B20.o
 .debug_macro   0x0000bc06       0x55 ./Core/Src/DS18B20.o
 .debug_macro   0x0000bc5b      0x924 ./Core/Src/DS18B20.o
 .debug_macro   0x0000c57f       0xe5 ./Core/Src/DS18B20.o
 .debug_macro   0x0000c664      0x1ae ./Core/Src/DS18B20.o
 .debug_macro   0x0000c812       0xb3 ./Core/Src/DS18B20.o
 .debug_macro   0x0000c8c5      0x1a0 ./Core/Src/DS18B20.o
 .debug_macro   0x0000ca65      0x1ed ./Core/Src/DS18B20.o
 .debug_macro   0x0000cc52       0x34 ./Core/Src/DS18B20.o
 .debug_macro   0x0000cc86       0x43 ./Core/Src/DS18B20.o
 .debug_macro   0x0000ccc9       0x28 ./Core/Src/DS18B20.o
 .debug_macro   0x0000ccf1       0xb0 ./Core/Src/DS18B20.o
 .debug_macro   0x0000cda1      0x15a ./Core/Src/DS18B20.o
 .debug_macro   0x0000cefb      0x22c ./Core/Src/DS18B20.o
 .debug_macro   0x0000d127       0x61 ./Core/Src/DS18B20.o
 .debug_macro   0x0000d188       0xa5 ./Core/Src/DS18B20.o
 .debug_macro   0x0000d22d       0x4c ./Core/Src/DS18B20.o
 .debug_macro   0x0000d279       0x2b ./Core/Src/DS18B20.o
 .debug_macro   0x0000d2a4      0x8f4 ./Core/Src/DS18B20.o
 .debug_macro   0x0000db98       0x28 ./Core/Src/DS18B20.o
 .debug_macro   0x0000dbc0       0xf1 ./Core/Src/DS18B20.o
 .debug_macro   0x0000dcb1       0x10 ./Core/Src/DS18B20.o
 .debug_macro   0x0000dcc1       0x22 ./Core/Src/DS18B20.o
 .debug_macro   0x0000dce3       0x34 ./Core/Src/DS18B20.o
 .debug_macro   0x0000dd17      0x1c0 ./Core/Src/HW_I2C.o
 .debug_macro   0x0000ded7      0x1df ./Core/Src/I2C_LCD.o
 .debug_macro   0x0000e0b6       0x34 ./Core/Src/I2C_LCD.o
 .debug_macro   0x0000e0ea       0x1c ./Core/Src/I2C_LCD.o
 .debug_macro   0x0000e106       0xa0 ./Core/Src/I2C_LCD.o
 .debug_macro   0x0000e1a6      0x1d6 ./Core/Src/PCF8574.o
 .debug_macro   0x0000e37c      0x1e8 ./Core/Src/lcd_print.o
 .debug_macro   0x0000e564       0x16 ./Core/Src/lcd_print.o
 .debug_macro   0x0000e57a      0x1fe ./Core/Src/main.o
 .debug_macro   0x0000e778      0x1c9 ./Core/Src/one_wire.o
 .debug_macro   0x0000e941      0x1bc ./Core/Src/stm32f0xx_hal_msp.o
 .debug_macro   0x0000eafd      0x1c6 ./Core/Src/stm32f0xx_it.o
 .debug_macro   0x0000ecc3      0x1ad ./Core/Src/system_stm32f0xx.o
 .debug_macro   0x0000ee70      0x1c0 ./Core/Src/timer_delay.o
 .debug_macro   0x0000f030      0x1d1 ./Drivers/STM32F0xx_HAL_Driver/Src/stm32f0xx_hal.o
 .debug_macro   0x0000f201      0x1ad ./Drivers/STM32F0xx_HAL_Driver/Src/stm32f0xx_hal_cortex.o
 .debug_macro   0x0000f3ae      0x1b4 ./Drivers/STM32F0xx_HAL_Driver/Src/stm32f0xx_hal_gpio.o
 .debug_macro   0x0000f562      0x279 ./Drivers/STM32F0xx_HAL_Driver/Src/stm32f0xx_hal_i2c.o
 .debug_macro   0x0000f7db      0x1ad ./Drivers/STM32F0xx_HAL_Driver/Src/stm32f0xx_hal_i2c_ex.o
 .debug_macro   0x0000f988      0x1bf ./Drivers/STM32F0xx_HAL_Driver/Src/stm32f0xx_hal_rcc.o
 .debug_macro   0x0000fb47      0x1ae ./Drivers/STM32F0xx_HAL_Driver/Src/stm32f0xx_hal_tim.o

.debug_line     0x00000000     0xfd00
 .debug_line    0x00000000      0x7b4 ./Core/Src/DS18B20.o
 .debug_line    0x000007b4      0x787 ./Core/Src/HW_I2C.o
 .debug_line    0x00000f3b      0x8a3 ./Core/Src/I2C_LCD.o
 .debug_line    0x000017de      0x79f ./Core/Src/PCF8574.o
 .debug_line    0x00001f7d      0x9ce ./Core/Src/lcd_print.o
 .debug_line    0x0000294b      0x82a ./Core/Src/main.o
 .debug_line    0x00003175      0x899 ./Core/Src/one_wire.o
 .debug_line    0x00003a0e      0x7cd ./Core/Src/stm32f0xx_hal_msp.o
 .debug_line    0x000041db      0x7a7 ./Core/Src/stm32f0xx_it.o
 .debug_line    0x00004982      0x7b7 ./Core/Src/system_stm32f0xx.o
 .debug_line    0x00005139      0x7cc ./Core/Src/timer_delay.o
 .debug_line    0x00005905       0x7b ./Core/Startup/startup_stm32f030f4px.o
 .debug_line    0x00005980      0x9c6 ./Drivers/STM32F0xx_HAL_Driver/Src/stm32f0xx_hal.o
 .debug_line    0x00006346      0xa6e ./Drivers/STM32F0xx_HAL_Driver/Src/stm32f0xx_hal_cortex.o
 .debug_line    0x00006db4      0xb2b ./Drivers/STM32F0xx_HAL_Driver/Src/stm32f0xx_hal_gpio.o
 .debug_line    0x000078df     0x375a ./Drivers/STM32F0xx_HAL_Driver/Src/stm32f0xx_hal_i2c.o
 .debug_line    0x0000b039      0x819 ./Drivers/STM32F0xx_HAL_Driver/Src/stm32f0xx_hal_i2c_ex.o
 .debug_line    0x0000b852      0xe57 ./Drivers/STM32F0xx_HAL_Driver/Src/stm32f0xx_hal_rcc.o
 .debug_line    0x0000c6a9     0x3657 ./Drivers/STM32F0xx_HAL_Driver/Src/stm32f0xx_hal_tim.o

.debug_str      0x00000000    0x5d177
 .debug_str     0x00000000    0x5d177 ./Core/Src/DS18B20.o
                              0x59bf3 (size before relaxing)
 .debug_str     0x0005d177    0x59f20 ./Core/Src/HW_I2C.o
 .debug_str     0x0005d177    0x59db8 ./Core/Src/I2C_LCD.o
 .debug_str     0x0005d177    0x5a044 ./Core/Src/PCF8574.o
 .debug_str     0x0005d177    0x59e08 ./Core/Src/lcd_print.o
 .debug_str     0x0005d177    0x5a890 ./Core/Src/main.o
 .debug_str     0x0005d177    0x59beb ./Core/Src/one_wire.o
 .debug_str     0x0005d177    0x5a292 ./Core/Src/stm32f0xx_hal_msp.o
 .debug_str     0x0005d177    0x59a15 ./Core/Src/stm32f0xx_it.o
 .debug_str     0x0005d177    0x59a3f ./Core/Src/system_stm32f0xx.o
 .debug_str     0x0005d177    0x59f6b ./Core/Src/timer_delay.o
 .debug_str     0x0005d177       0x75 ./Core/Startup/startup_stm32f030f4px.o
 .debug_str     0x0005d177    0x59f9e ./Drivers/STM32F0xx_HAL_Driver/Src/stm32f0xx_hal.o
 .debug_str     0x0005d177    0x59d8f ./Drivers/STM32F0xx_HAL_Driver/Src/stm32f0xx_hal_cortex.o
 .debug_str     0x0005d177    0x59be0 ./Drivers/STM32F0xx_HAL_Driver/Src/stm32f0xx_hal_gpio.o
 .debug_str     0x0005d177    0x5ad9d ./Drivers/STM32F0xx_HAL_Driver/Src/stm32f0xx_hal_i2c.o
 .debug_str     0x0005d177    0x59f6e ./Drivers/STM32F0xx_HAL_Driver/Src/stm32f0xx_hal_i2c_ex.o
 .debug_str     0x0005d177    0x59e7b ./Drivers/STM32F0xx_HAL_Driver/Src/stm32f0xx_hal_rcc.o
 .debug_str     0x0005d177    0x5ae55 ./Drivers/STM32F0xx_HAL_Driver/Src/stm32f0xx_hal_tim.o

.comment        0x00000000       0x43
 .comment       0x00000000       0x43 ./Core/Src/DS18B20.o
                                 0x44 (size before relaxing)
 .comment       0x00000043       0x44 ./Core/Src/HW_I2C.o
 .comment       0x00000043       0x44 ./Core/Src/I2C_LCD.o
 .comment       0x00000043       0x44 ./Core/Src/PCF8574.o
 .comment       0x00000043       0x44 ./Core/Src/lcd_print.o
 .comment       0x00000043       0x44 ./Core/Src/main.o
 .comment       0x00000043       0x44 ./Core/Src/one_wire.o
 .comment       0x00000043       0x44 ./Core/Src/stm32f0xx_hal_msp.o
 .comment       0x00000043       0x44 ./Core/Src/stm32f0xx_it.o
 .comment       0x00000043       0x44 ./Core/Src/system_stm32f0xx.o
 .comment       0x00000043       0x44 ./Core/Src/timer_delay.o
 .comment       0x00000043       0x44 ./Drivers/STM32F0xx_HAL_Driver/Src/stm32f0xx_hal.o
 .comment       0x00000043       0x44 ./Drivers/STM32F0xx_HAL_Driver/Src/stm32f0xx_hal_cortex.o
 .comment       0x00000043       0x44 ./Drivers/STM32F0xx_HAL_Driver/Src/stm32f0xx_hal_gpio.o
 .comment       0x00000043       0x44 ./Drivers/STM32F0xx_HAL_Driver/Src/stm32f0xx_hal_i2c.o
 .comment       0x00000043       0x44 ./Drivers/STM32F0xx_HAL_Driver/Src/stm32f0xx_hal_i2c_ex.o
 .comment       0x00000043       0x44 ./Drivers/STM32F0xx_HAL_Driver/Src/stm32f0xx_hal_rcc.o
 .comment       0x00000043       0x44 ./Drivers/STM32F0xx_HAL_Driver/Src/stm32f0xx_hal_tim.o

.debug_frame    0x00000000     0x29d4
 .debug_frame   0x00000000       0x4c ./Core/Src/DS18B20.o
 .debug_frame   0x0000004c       0x30 ./Core/Src/HW_I2C.o
 .debug_frame   0x0000007c      0x104 ./Core/Src/I2C_LCD.o
 .debug_frame   0x00000180       0x54 ./Core/Src/PCF8574.o
 .debug_frame   0x000001d4       0xd4 ./Core/Src/lcd_print.o
 .debug_frame   0x000002a8       0x6c ./Core/Src/main.o
 .debug_frame   0x00000314      0x108 ./Core/Src/one_wire.o
 .debug_frame   0x0000041c       0xb0 ./Core/Src/stm32f0xx_hal_msp.o
 .debug_frame   0x000004cc       0x9c ./Core/Src/stm32f0xx_it.o
 .debug_frame   0x00000568       0x4c ./Core/Src/system_stm32f0xx.o
 .debug_frame   0x000005b4       0x70 ./Core/Src/timer_delay.o
 .debug_frame   0x00000624      0x2a4 ./Drivers/STM32F0xx_HAL_Driver/Src/stm32f0xx_hal.o
 .debug_frame   0x000008c8      0x2a0 ./Drivers/STM32F0xx_HAL_Driver/Src/stm32f0xx_hal_cortex.o
 .debug_frame   0x00000b68      0x110 ./Drivers/STM32F0xx_HAL_Driver/Src/stm32f0xx_hal_gpio.o
 .debug_frame   0x00000c78      0xa68 ./Drivers/STM32F0xx_HAL_Driver/Src/stm32f0xx_hal_i2c.o
 .debug_frame   0x000016e0       0x90 ./Drivers/STM32F0xx_HAL_Driver/Src/stm32f0xx_hal_i2c_ex.o
 .debug_frame   0x00001770      0x198 ./Drivers/STM32F0xx_HAL_Driver/Src/stm32f0xx_hal_rcc.o
 .debug_frame   0x00001908      0xf00 ./Drivers/STM32F0xx_HAL_Driver/Src/stm32f0xx_hal_tim.o
 .debug_frame   0x00002808       0x20 D:/ST/STM32CubeIDE/STM32CubeIDE/STM32CubeIDE/plugins/com.st.stm32cube.ide.mcu.externaltools.gnu-tools-for-stm32.13.3.rel1.win32_1.0.0.202411081344/tools/bin/../lib/gcc/arm-none-eabi/13.3.1/../../../../arm-none-eabi/lib/thumb/v6-m/nofp\libc_nano.a(libc_a-memset.o)
 .debug_frame   0x00002828       0x2c D:/ST/STM32CubeIDE/STM32CubeIDE/STM32CubeIDE/plugins/com.st.stm32cube.ide.mcu.externaltools.gnu-tools-for-stm32.13.3.rel1.win32_1.0.0.202411081344/tools/bin/../lib/gcc/arm-none-eabi/13.3.1/../../../../arm-none-eabi/lib/thumb/v6-m/nofp\libc_nano.a(libc_a-init.o)
 .debug_frame   0x00002854       0x20 D:/ST/STM32CubeIDE/STM32CubeIDE/STM32CubeIDE/plugins/com.st.stm32cube.ide.mcu.externaltools.gnu-tools-for-stm32.13.3.rel1.win32_1.0.0.202411081344/tools/bin/../lib/gcc/arm-none-eabi/13.3.1/thumb/v6-m/nofp\libgcc.a(_udivsi3.o)
 .debug_frame   0x00002874       0x20 D:/ST/STM32CubeIDE/STM32CubeIDE/STM32CubeIDE/plugins/com.st.stm32cube.ide.mcu.externaltools.gnu-tools-for-stm32.13.3.rel1.win32_1.0.0.202411081344/tools/bin/../lib/gcc/arm-none-eabi/13.3.1/thumb/v6-m/nofp\libgcc.a(_divsi3.o)
 .debug_frame   0x00002894       0x2c D:/ST/STM32CubeIDE/STM32CubeIDE/STM32CubeIDE/plugins/com.st.stm32cube.ide.mcu.externaltools.gnu-tools-for-stm32.13.3.rel1.win32_1.0.0.202411081344/tools/bin/../lib/gcc/arm-none-eabi/13.3.1/thumb/v6-m/nofp\libgcc.a(eqsf2.o)
 .debug_frame   0x000028c0       0x2c D:/ST/STM32CubeIDE/STM32CubeIDE/STM32CubeIDE/plugins/com.st.stm32cube.ide.mcu.externaltools.gnu-tools-for-stm32.13.3.rel1.win32_1.0.0.202411081344/tools/bin/../lib/gcc/arm-none-eabi/13.3.1/thumb/v6-m/nofp\libgcc.a(gesf2.o)
 .debug_frame   0x000028ec       0x2c D:/ST/STM32CubeIDE/STM32CubeIDE/STM32CubeIDE/plugins/com.st.stm32cube.ide.mcu.externaltools.gnu-tools-for-stm32.13.3.rel1.win32_1.0.0.202411081344/tools/bin/../lib/gcc/arm-none-eabi/13.3.1/thumb/v6-m/nofp\libgcc.a(lesf2.o)
 .debug_frame   0x00002918       0x38 D:/ST/STM32CubeIDE/STM32CubeIDE/STM32CubeIDE/plugins/com.st.stm32cube.ide.mcu.externaltools.gnu-tools-for-stm32.13.3.rel1.win32_1.0.0.202411081344/tools/bin/../lib/gcc/arm-none-eabi/13.3.1/thumb/v6-m/nofp\libgcc.a(mulsf3.o)
 .debug_frame   0x00002950       0x38 D:/ST/STM32CubeIDE/STM32CubeIDE/STM32CubeIDE/plugins/com.st.stm32cube.ide.mcu.externaltools.gnu-tools-for-stm32.13.3.rel1.win32_1.0.0.202411081344/tools/bin/../lib/gcc/arm-none-eabi/13.3.1/thumb/v6-m/nofp\libgcc.a(subsf3.o)
 .debug_frame   0x00002988       0x20 D:/ST/STM32CubeIDE/STM32CubeIDE/STM32CubeIDE/plugins/com.st.stm32cube.ide.mcu.externaltools.gnu-tools-for-stm32.13.3.rel1.win32_1.0.0.202411081344/tools/bin/../lib/gcc/arm-none-eabi/13.3.1/thumb/v6-m/nofp\libgcc.a(fixsfsi.o)
 .debug_frame   0x000029a8       0x2c D:/ST/STM32CubeIDE/STM32CubeIDE/STM32CubeIDE/plugins/com.st.stm32cube.ide.mcu.externaltools.gnu-tools-for-stm32.13.3.rel1.win32_1.0.0.202411081344/tools/bin/../lib/gcc/arm-none-eabi/13.3.1/thumb/v6-m/nofp\libgcc.a(floatsisf.o)

.debug_line_str
                0x00000000       0x59
 .debug_line_str
                0x00000000       0x59 ./Core/Startup/startup_stm32f030f4px.o
