Archive member included to satisfy reference by file (symbol)

d:/st/stm32cubeide_1.7.0/stm32cubeide/plugins/com.st.stm32cube.ide.mcu.externaltools.gnu-tools-for-stm32.9-2020-q2-update.win32_2.0.0.202105311346/tools/bin/../lib/gcc/arm-none-eabi/9.3.1/../../../../arm-none-eabi/lib/thumb/v6-m/nofp\libc_nano.a(lib_a-errno.o)
                              ./Core/Src/syscalls.o (__errno)
d:/st/stm32cubeide_1.7.0/stm32cubeide/plugins/com.st.stm32cube.ide.mcu.externaltools.gnu-tools-for-stm32.9-2020-q2-update.win32_2.0.0.202105311346/tools/bin/../lib/gcc/arm-none-eabi/9.3.1/../../../../arm-none-eabi/lib/thumb/v6-m/nofp\libc_nano.a(lib_a-exit.o)
                              d:/st/stm32cubeide_1.7.0/stm32cubeide/plugins/com.st.stm32cube.ide.mcu.externaltools.gnu-tools-for-stm32.9-2020-q2-update.win32_2.0.0.202105311346/tools/bin/../lib/gcc/arm-none-eabi/9.3.1/../../../../arm-none-eabi/lib/thumb/v6-m/nofp/crt0.o (exit)
d:/st/stm32cubeide_1.7.0/stm32cubeide/plugins/com.st.stm32cube.ide.mcu.externaltools.gnu-tools-for-stm32.9-2020-q2-update.win32_2.0.0.202105311346/tools/bin/../lib/gcc/arm-none-eabi/9.3.1/../../../../arm-none-eabi/lib/thumb/v6-m/nofp\libc_nano.a(lib_a-impure.o)
                              d:/st/stm32cubeide_1.7.0/stm32cubeide/plugins/com.st.stm32cube.ide.mcu.externaltools.gnu-tools-for-stm32.9-2020-q2-update.win32_2.0.0.202105311346/tools/bin/../lib/gcc/arm-none-eabi/9.3.1/../../../../arm-none-eabi/lib/thumb/v6-m/nofp\libc_nano.a(lib_a-exit.o) (_global_impure_ptr)
d:/st/stm32cubeide_1.7.0/stm32cubeide/plugins/com.st.stm32cube.ide.mcu.externaltools.gnu-tools-for-stm32.9-2020-q2-update.win32_2.0.0.202105311346/tools/bin/../lib/gcc/arm-none-eabi/9.3.1/../../../../arm-none-eabi/lib/thumb/v6-m/nofp\libc_nano.a(lib_a-init.o)
                              d:/st/stm32cubeide_1.7.0/stm32cubeide/plugins/com.st.stm32cube.ide.mcu.externaltools.gnu-tools-for-stm32.9-2020-q2-update.win32_2.0.0.202105311346/tools/bin/../lib/gcc/arm-none-eabi/9.3.1/../../../../arm-none-eabi/lib/thumb/v6-m/nofp/crt0.o (__libc_init_array)
d:/st/stm32cubeide_1.7.0/stm32cubeide/plugins/com.st.stm32cube.ide.mcu.externaltools.gnu-tools-for-stm32.9-2020-q2-update.win32_2.0.0.202105311346/tools/bin/../lib/gcc/arm-none-eabi/9.3.1/../../../../arm-none-eabi/lib/thumb/v6-m/nofp\libc_nano.a(lib_a-memset.o)
                              d:/st/stm32cubeide_1.7.0/stm32cubeide/plugins/com.st.stm32cube.ide.mcu.externaltools.gnu-tools-for-stm32.9-2020-q2-update.win32_2.0.0.202105311346/tools/bin/../lib/gcc/arm-none-eabi/9.3.1/../../../../arm-none-eabi/lib/thumb/v6-m/nofp/crt0.o (memset)
d:/st/stm32cubeide_1.7.0/stm32cubeide/plugins/com.st.stm32cube.ide.mcu.externaltools.gnu-tools-for-stm32.9-2020-q2-update.win32_2.0.0.202105311346/tools/bin/../lib/gcc/arm-none-eabi/9.3.1/thumb/v6-m/nofp\libgcc.a(_udivsi3.o)
                              ./Core/Src/system_stm32f0xx.o (__aeabi_uidiv)
d:/st/stm32cubeide_1.7.0/stm32cubeide/plugins/com.st.stm32cube.ide.mcu.externaltools.gnu-tools-for-stm32.9-2020-q2-update.win32_2.0.0.202105311346/tools/bin/../lib/gcc/arm-none-eabi/9.3.1/thumb/v6-m/nofp\libgcc.a(_dvmd_tls.o)
                              d:/st/stm32cubeide_1.7.0/stm32cubeide/plugins/com.st.stm32cube.ide.mcu.externaltools.gnu-tools-for-stm32.9-2020-q2-update.win32_2.0.0.202105311346/tools/bin/../lib/gcc/arm-none-eabi/9.3.1/thumb/v6-m/nofp\libgcc.a(_udivsi3.o) (__aeabi_idiv0)

Allocating common symbols
Common symbol       size              file

MyChannels_Data     0x24              ./TOUCHSENSING/App/tsl_user.o
MyTKeys_Param       0x1e              ./TOUCHSENSING/App/tsl_user.o
ECSLastTick         0x2               ./TOUCHSENSING/App/tsl_user.o
uwTick              0x4               ./Drivers/STM32F0xx_HAL_Driver/Src/stm32f0xx_hal.o
ms                  0x2               ./Core/Src/main.o
pFlash              0x20              ./Drivers/STM32F0xx_HAL_Driver/Src/stm32f0xx_hal_flash.o
DR                  0x6               ./Core/Src/main.o
TSL_Globals         0x18              ./Middlewares/ST/STM32_TouchSensing_Library/src/tsl_globals.o
DM                  0x6               ./Core/Src/main.o
MyTKeys_Data        0xc               ./TOUCHSENSING/App/tsl_user.o
htim1               0x48              ./Core/Src/main.o
DS                  0x3               ./Core/Src/main.o
DD                  0x6               ./Core/Src/main.o
sign_change         0x1               ./Core/Src/main.o
htsc                0x44              ./Core/Src/main.o

Discarded input sections

 .text          0x0000000000000000        0x0 d:/st/stm32cubeide_1.7.0/stm32cubeide/plugins/com.st.stm32cube.ide.mcu.externaltools.gnu-tools-for-stm32.9-2020-q2-update.win32_2.0.0.202105311346/tools/bin/../lib/gcc/arm-none-eabi/9.3.1/thumb/v6-m/nofp/crti.o
[...]
Memory Configuration

Name             Origin             Length             Attributes
RAM              0x0000000020000000 0x0000000000002000 xrw
FLASH            0x0000000008000000 0x0000000000010000 xr
*default*        0x0000000000000000 0xffffffffffffffff

Linker script and memory map

LOAD d:/st/stm32cubeide_1.7.0/stm32cubeide/plugins/com.st.stm32cube.ide.mcu.externaltools.gnu-tools-for-stm32.9-2020-q2-update.win32_2.0.0.202105311346/tools/bin/../lib/gcc/arm-none-eabi/9.3.1/thumb/v6-m/nofp/crti.o
LOAD d:/st/stm32cubeide_1.7.0/stm32cubeide/plugins/com.st.stm32cube.ide.mcu.externaltools.gnu-tools-for-stm32.9-2020-q2-update.win32_2.0.0.202105311346/tools/bin/../lib/gcc/arm-none-eabi/9.3.1/thumb/v6-m/nofp/crtbegin.o
LOAD d:/st/stm32cubeide_1.7.0/stm32cubeide/plugins/com.st.stm32cube.ide.mcu.externaltools.gnu-tools-for-stm32.9-2020-q2-update.win32_2.0.0.202105311346/tools/bin/../lib/gcc/arm-none-eabi/9.3.1/../../../../arm-none-eabi/lib/thumb/v6-m/nofp/crt0.o
LOAD ./Core/Src/main.o
LOAD ./Core/Src/stm32f0xx_hal_msp.o
LOAD ./Core/Src/stm32f0xx_it.o
LOAD ./Core/Src/syscalls.o
LOAD ./Core/Src/sysmem.o
LOAD ./Core/Src/system_stm32f0xx.o
LOAD ./Core/Startup/startup_stm32f051c8tx.o
LOAD ./Drivers/STM32F0xx_HAL_Driver/Src/stm32f0xx_hal.o
LOAD ./Drivers/STM32F0xx_HAL_Driver/Src/stm32f0xx_hal_cortex.o
LOAD ./Drivers/STM32F0xx_HAL_Driver/Src/stm32f0xx_hal_dma.o
LOAD ./Drivers/STM32F0xx_HAL_Driver/Src/stm32f0xx_hal_exti.o
LOAD ./Drivers/STM32F0xx_HAL_Driver/Src/stm32f0xx_hal_flash.o
LOAD ./Drivers/STM32F0xx_HAL_Driver/Src/stm32f0xx_hal_flash_ex.o
LOAD ./Drivers/STM32F0xx_HAL_Driver/Src/stm32f0xx_hal_gpio.o
LOAD ./Drivers/STM32F0xx_HAL_Driver/Src/stm32f0xx_hal_i2c.o
LOAD ./Drivers/STM32F0xx_HAL_Driver/Src/stm32f0xx_hal_i2c_ex.o
LOAD ./Drivers/STM32F0xx_HAL_Driver/Src/stm32f0xx_hal_pwr.o
LOAD ./Drivers/STM32F0xx_HAL_Driver/Src/stm32f0xx_hal_pwr_ex.o
LOAD ./Drivers/STM32F0xx_HAL_Driver/Src/stm32f0xx_hal_rcc.o
LOAD ./Drivers/STM32F0xx_HAL_Driver/Src/stm32f0xx_hal_rcc_ex.o
LOAD ./Drivers/STM32F0xx_HAL_Driver/Src/stm32f0xx_hal_tim.o
LOAD ./Drivers/STM32F0xx_HAL_Driver/Src/stm32f0xx_hal_tim_ex.o
LOAD ./Drivers/STM32F0xx_HAL_Driver/Src/stm32f0xx_hal_tsc.o
LOAD ./Middlewares/ST/STM32_TouchSensing_Library/src/tsl.o
LOAD ./Middlewares/ST/STM32_TouchSensing_Library/src/tsl_acq.o
LOAD ./Middlewares/ST/STM32_TouchSensing_Library/src/tsl_acq_tsc.o
LOAD ./Middlewares/ST/STM32_TouchSensing_Library/src/tsl_dxs.o
LOAD ./Middlewares/ST/STM32_TouchSensing_Library/src/tsl_ecs.o
LOAD ./Middlewares/ST/STM32_TouchSensing_Library/src/tsl_filter.o
LOAD ./Middlewares/ST/STM32_TouchSensing_Library/src/tsl_globals.o
LOAD ./Middlewares/ST/STM32_TouchSensing_Library/src/tsl_linrot.o
LOAD ./Middlewares/ST/STM32_TouchSensing_Library/src/tsl_object.o
LOAD ./Middlewares/ST/STM32_TouchSensing_Library/src/tsl_time.o
LOAD ./Middlewares/ST/STM32_TouchSensing_Library/src/tsl_touchkey.o
LOAD ./TOUCHSENSING/App/stmCriticalSection.o
LOAD ./TOUCHSENSING/App/touchsensing.o
LOAD ./TOUCHSENSING/App/tsl_user.o
START GROUP
LOAD d:/st/stm32cubeide_1.7.0/stm32cubeide/plugins/com.st.stm32cube.ide.mcu.externaltools.gnu-tools-for-stm32.9-2020-q2-update.win32_2.0.0.202105311346/tools/bin/../lib/gcc/arm-none-eabi/9.3.1/../../../../arm-none-eabi/lib/thumb/v6-m/nofp\libc_nano.a
LOAD d:/st/stm32cubeide_1.7.0/stm32cubeide/plugins/com.st.stm32cube.ide.mcu.externaltools.gnu-tools-for-stm32.9-2020-q2-update.win32_2.0.0.202105311346/tools/bin/../lib/gcc/arm-none-eabi/9.3.1/../../../../arm-none-eabi/lib/thumb/v6-m/nofp\libm.a
END GROUP
START GROUP
LOAD d:/st/stm32cubeide_1.7.0/stm32cubeide/plugins/com.st.stm32cube.ide.mcu.externaltools.gnu-tools-for-stm32.9-2020-q2-update.win32_2.0.0.202105311346/tools/bin/../lib/gcc/arm-none-eabi/9.3.1/thumb/v6-m/nofp\libgcc.a
LOAD d:/st/stm32cubeide_1.7.0/stm32cubeide/plugins/com.st.stm32cube.ide.mcu.externaltools.gnu-tools-for-stm32.9-2020-q2-update.win32_2.0.0.202105311346/tools/bin/../lib/gcc/arm-none-eabi/9.3.1/../../../../arm-none-eabi/lib/thumb/v6-m/nofp\libc_nano.a
END GROUP
START GROUP
LOAD d:/st/stm32cubeide_1.7.0/stm32cubeide/plugins/com.st.stm32cube.ide.mcu.externaltools.gnu-tools-for-stm32.9-2020-q2-update.win32_2.0.0.202105311346/tools/bin/../lib/gcc/arm-none-eabi/9.3.1/thumb/v6-m/nofp\libgcc.a
LOAD d:/st/stm32cubeide_1.7.0/stm32cubeide/plugins/com.st.stm32cube.ide.mcu.externaltools.gnu-tools-for-stm32.9-2020-q2-update.win32_2.0.0.202105311346/tools/bin/../lib/gcc/arm-none-eabi/9.3.1/../../../../arm-none-eabi/lib/thumb/v6-m/nofp\libc_nano.a
LOAD d:/st/stm32cubeide_1.7.0/stm32cubeide/plugins/com.st.stm32cube.ide.mcu.externaltools.gnu-tools-for-stm32.9-2020-q2-update.win32_2.0.0.202105311346/tools/bin/../lib/gcc/arm-none-eabi/9.3.1/../../../../arm-none-eabi/lib/thumb/v6-m/nofp\libnosys.a
END GROUP
START GROUP
LOAD d:/st/stm32cubeide_1.7.0/stm32cubeide/plugins/com.st.stm32cube.ide.mcu.externaltools.gnu-tools-for-stm32.9-2020-q2-update.win32_2.0.0.202105311346/tools/bin/../lib/gcc/arm-none-eabi/9.3.1/thumb/v6-m/nofp\libgcc.a
LOAD d:/st/stm32cubeide_1.7.0/stm32cubeide/plugins/com.st.stm32cube.ide.mcu.externaltools.gnu-tools-for-stm32.9-2020-q2-update.win32_2.0.0.202105311346/tools/bin/../lib/gcc/arm-none-eabi/9.3.1/../../../../arm-none-eabi/lib/thumb/v6-m/nofp\libc_nano.a
LOAD d:/st/stm32cubeide_1.7.0/stm32cubeide/plugins/com.st.stm32cube.ide.mcu.externaltools.gnu-tools-for-stm32.9-2020-q2-update.win32_2.0.0.202105311346/tools/bin/../lib/gcc/arm-none-eabi/9.3.1/../../../../arm-none-eabi/lib/thumb/v6-m/nofp\libnosys.a
END GROUP
LOAD d:/st/stm32cubeide_1.7.0/stm32cubeide/plugins/com.st.stm32cube.ide.mcu.externaltools.gnu-tools-for-stm32.9-2020-q2-update.win32_2.0.0.202105311346/tools/bin/../lib/gcc/arm-none-eabi/9.3.1/thumb/v6-m/nofp/crtend.o
LOAD d:/st/stm32cubeide_1.7.0/stm32cubeide/plugins/com.st.stm32cube.ide.mcu.externaltools.gnu-tools-for-stm32.9-2020-q2-update.win32_2.0.0.202105311346/tools/bin/../lib/gcc/arm-none-eabi/9.3.1/thumb/v6-m/nofp/crtn.o
                0x0000000020002000                _estack = (ORIGIN (RAM) + LENGTH (RAM))
                0x0000000000000200                _Min_Heap_Size = 0x200
                0x0000000000000400                _Min_Stack_Size = 0x400

.isr_vector     0x0000000008000000       0xc0
                0x0000000008000000                . = ALIGN (0x4)
 *(.isr_vector)
 .isr_vector    0x0000000008000000       0xc0 ./Core/Startup/startup_stm32f051c8tx.o
                0x0000000008000000                g_pfnVectors
                0x00000000080000c0                . = ALIGN (0x4)

.text           0x00000000080000c0     0x3ebc
                0x00000000080000c0                . = ALIGN (0x4)
 *(.text)
 .text          0x00000000080000c0       0x48 d:/st/stm32cubeide_1.7.0/stm32cubeide/plugins/com.st.stm32cube.ide.mcu.externaltools.gnu-tools-for-stm32.9-2020-q2-update.win32_2.0.0.202105311346/tools/bin/../lib/gcc/arm-none-eabi/9.3.1/thumb/v6-m/nofp/crtbegin.o
 .text          0x0000000008000108      0x114 d:/st/stm32cubeide_1.7.0/stm32cubeide/plugins/com.st.stm32cube.ide.mcu.externaltools.gnu-tools-for-stm32.9-2020-q2-update.win32_2.0.0.202105311346/tools/bin/../lib/gcc/arm-none-eabi/9.3.1/thumb/v6-m/nofp\libgcc.a(_udivsi3.o)
                0x0000000008000108                __aeabi_uidiv
                0x0000000008000108                __udivsi3
                0x0000000008000214                __aeabi_uidivmod
 .text          0x000000000800021c        0x4 d:/st/stm32cubeide_1.7.0/stm32cubeide/plugins/com.st.stm32cube.ide.mcu.externaltools.gnu-tools-for-stm32.9-2020-q2-update.win32_2.0.0.202105311346/tools/bin/../lib/gcc/arm-none-eabi/9.3.1/thumb/v6-m/nofp\libgcc.a(_dvmd_tls.o)
                0x000000000800021c                __aeabi_idiv0
                0x000000000800021c                __aeabi_ldiv0
 *(.text*)
 .text.main     0x0000000008000220       0x2a ./Core/Src/main.o
                0x0000000008000220                main
 .text.SystemClock_Config
                0x000000000800024a       0x94 ./Core/Src/main.o
                0x000000000800024a                SystemClock_Config
 *fill*         0x00000000080002de        0x2 
 .text.MX_TIM1_Init
                0x00000000080002e0       0xe0 ./Core/Src/main.o
 .text.MX_TSC_Init
                0x00000000080003c0       0x88 ./Core/Src/main.o
 .text.MX_GPIO_Init
                0x0000000008000448       0xcc ./Core/Src/main.o
 .text.ProcessSensors
                0x0000000008000514      0x164 ./Core/Src/main.o
                0x0000000008000514                ProcessSensors
 .text.Error_Handler
                0x0000000008000678        0xa ./Core/Src/main.o
                0x0000000008000678                Error_Handler
 *fill*         0x0000000008000682        0x2 
 .text.HAL_MspInit
                0x0000000008000684       0x48 ./Core/Src/stm32f0xx_hal_msp.o
                0x0000000008000684                HAL_MspInit
 .text.HAL_TIM_Base_MspInit
                0x00000000080006cc       0x50 ./Core/Src/stm32f0xx_hal_msp.o
                0x00000000080006cc                HAL_TIM_Base_MspInit
 .text.HAL_TSC_MspInit
                0x000000000800071c      0x154 ./Core/Src/stm32f0xx_hal_msp.o
                0x000000000800071c                HAL_TSC_MspInit
 .text.NMI_Handler
                0x0000000008000870        0x6 ./Core/Src/stm32f0xx_it.o
                0x0000000008000870                NMI_Handler
 .text.HardFault_Handler
                0x0000000008000876        0x6 ./Core/Src/stm32f0xx_it.o
                0x0000000008000876                HardFault_Handler
 .text.SVC_Handler
                0x000000000800087c        0xa ./Core/Src/stm32f0xx_it.o
                0x000000000800087c                SVC_Handler
 .text.PendSV_Handler
                0x0000000008000886        0xa ./Core/Src/stm32f0xx_it.o
                0x0000000008000886                PendSV_Handler
 .text.SysTick_Handler
                0x0000000008000890       0x12 ./Core/Src/stm32f0xx_it.o
                0x0000000008000890                SysTick_Handler
 *fill*         0x00000000080008a2        0x2 
 .text.TSC_IRQHandler
                0x00000000080008a4       0x18 ./Core/Src/stm32f0xx_it.o
                0x00000000080008a4                TSC_IRQHandler
 .text.TIM1_BRK_UP_TRG_COM_IRQHandler
                0x00000000080008bc       0x18 ./Core/Src/stm32f0xx_it.o
                0x00000000080008bc                TIM1_BRK_UP_TRG_COM_IRQHandler
 .text.SystemInit
                0x00000000080008d4        0xa ./Core/Src/system_stm32f0xx.o
                0x00000000080008d4                SystemInit
 *fill*         0x00000000080008de        0x2 
 .text.Reset_Handler
                0x00000000080008e0       0x50 ./Core/Startup/startup_stm32f051c8tx.o
                0x00000000080008e0                Reset_Handler
 .text.Default_Handler
                0x0000000008000930        0x2 ./Core/Startup/startup_stm32f051c8tx.o
                0x0000000008000930                TIM1_CC_IRQHandler
                0x0000000008000930                ADC1_COMP_IRQHandler
                0x0000000008000930                PVD_IRQHandler
                0x0000000008000930                I2C1_IRQHandler
                0x0000000008000930                RCC_CRS_IRQHandler
                0x0000000008000930                SPI1_IRQHandler
                0x0000000008000930                TIM6_DAC_IRQHandler
                0x0000000008000930                EXTI2_3_IRQHandler
                0x0000000008000930                I2C2_IRQHandler
                0x0000000008000930                TIM17_IRQHandler
                0x0000000008000930                CEC_CAN_IRQHandler
                0x0000000008000930                RTC_IRQHandler
                0x0000000008000930                TIM16_IRQHandler
                0x0000000008000930                TIM3_IRQHandler
                0x0000000008000930                EXTI4_15_IRQHandler
                0x0000000008000930                DMA1_Channel1_IRQHandler
                0x0000000008000930                Default_Handler
                0x0000000008000930                TIM14_IRQHandler
                0x0000000008000930                DMA1_Channel4_5_IRQHandler
                0x0000000008000930                TIM15_IRQHandler
                0x0000000008000930                EXTI0_1_IRQHandler
                0x0000000008000930                SPI2_IRQHandler
                0x0000000008000930                WWDG_IRQHandler
                0x0000000008000930                TIM2_IRQHandler
                0x0000000008000930                DMA1_Channel2_3_IRQHandler
                0x0000000008000930                USART2_IRQHandler
                0x0000000008000930                FLASH_IRQHandler
                0x0000000008000930                USART1_IRQHandler
 *fill*         0x0000000008000932        0x2 
 .text.HAL_Init
                0x0000000008000934       0x28 ./Drivers/STM32F0xx_HAL_Driver/Src/stm32f0xx_hal.o
                0x0000000008000934                HAL_Init
 .text.HAL_InitTick
                0x000000000800095c       0x68 ./Drivers/STM32F0xx_HAL_Driver/Src/stm32f0xx_hal.o
                0x000000000800095c                HAL_InitTick
 .text.HAL_IncTick
                0x00000000080009c4       0x24 ./Drivers/STM32F0xx_HAL_Driver/Src/stm32f0xx_hal.o
                0x00000000080009c4                HAL_IncTick
 .text.HAL_GetTick
                0x00000000080009e8       0x14 ./Drivers/STM32F0xx_HAL_Driver/Src/stm32f0xx_hal.o
                0x00000000080009e8                HAL_GetTick
 .text.HAL_Delay
                0x00000000080009fc       0x48 ./Drivers/STM32F0xx_HAL_Driver/Src/stm32f0xx_hal.o
                0x00000000080009fc                HAL_Delay
 .text.__NVIC_EnableIRQ
                0x0000000008000a44       0x34 ./Drivers/STM32F0xx_HAL_Driver/Src/stm32f0xx_hal_cortex.o
 .text.__NVIC_SetPriority
                0x0000000008000a78       0xdc ./Drivers/STM32F0xx_HAL_Driver/Src/stm32f0xx_hal_cortex.o
 .text.SysTick_Config
                0x0000000008000b54       0x48 ./Drivers/STM32F0xx_HAL_Driver/Src/stm32f0xx_hal_cortex.o
 .text.HAL_NVIC_SetPriority
                0x0000000008000b9c       0x2a ./Drivers/STM32F0xx_HAL_Driver/Src/stm32f0xx_hal_cortex.o
                0x0000000008000b9c                HAL_NVIC_SetPriority
 .text.HAL_NVIC_EnableIRQ
                0x0000000008000bc6       0x20 ./Drivers/STM32F0xx_HAL_Driver/Src/stm32f0xx_hal_cortex.o
                0x0000000008000bc6                HAL_NVIC_EnableIRQ
 .text.HAL_SYSTICK_Config
                0x0000000008000be6       0x1a ./Drivers/STM32F0xx_HAL_Driver/Src/stm32f0xx_hal_cortex.o
                0x0000000008000be6                HAL_SYSTICK_Config
 .text.HAL_GPIO_Init
                0x0000000008000c00      0x2e0 ./Drivers/STM32F0xx_HAL_Driver/Src/stm32f0xx_hal_gpio.o
                0x0000000008000c00                HAL_GPIO_Init
 .text.HAL_GPIO_WritePin
                0x0000000008000ee0       0x3a ./Drivers/STM32F0xx_HAL_Driver/Src/stm32f0xx_hal_gpio.o
                0x0000000008000ee0                HAL_GPIO_WritePin
 .text.HAL_GPIO_TogglePin
                0x0000000008000f1a       0x36 ./Drivers/STM32F0xx_HAL_Driver/Src/stm32f0xx_hal_gpio.o
                0x0000000008000f1a                HAL_GPIO_TogglePin
 .text.HAL_RCC_OscConfig
                0x0000000008000f50      0x634 ./Drivers/STM32F0xx_HAL_Driver/Src/stm32f0xx_hal_rcc.o
                0x0000000008000f50                HAL_RCC_OscConfig
 .text.HAL_RCC_ClockConfig
                0x0000000008001584      0x19c ./Drivers/STM32F0xx_HAL_Driver/Src/stm32f0xx_hal_rcc.o
                0x0000000008001584                HAL_RCC_ClockConfig
 .text.HAL_RCC_GetSysClockFreq
                0x0000000008001720       0xc8 ./Drivers/STM32F0xx_HAL_Driver/Src/stm32f0xx_hal_rcc.o
                0x0000000008001720                HAL_RCC_GetSysClockFreq
 .text.HAL_TIM_Base_Init
                0x00000000080017e8       0xa0 ./Drivers/STM32F0xx_HAL_Driver/Src/stm32f0xx_hal_tim.o
                0x00000000080017e8                HAL_TIM_Base_Init
 .text.HAL_TIM_IRQHandler
                0x0000000008001888      0x22c ./Drivers/STM32F0xx_HAL_Driver/Src/stm32f0xx_hal_tim.o
                0x0000000008001888                HAL_TIM_IRQHandler
 .text.HAL_TIM_ConfigClockSource
                0x0000000008001ab4      0x1a8 ./Drivers/STM32F0xx_HAL_Driver/Src/stm32f0xx_hal_tim.o
                0x0000000008001ab4                HAL_TIM_ConfigClockSource
 .text.HAL_TIM_SlaveConfigSynchro
                0x0000000008001c5c       0x8c ./Drivers/STM32F0xx_HAL_Driver/Src/stm32f0xx_hal_tim.o
                0x0000000008001c5c                HAL_TIM_SlaveConfigSynchro
 .text.HAL_TIM_PeriodElapsedCallback
                0x0000000008001ce8       0x10 ./Drivers/STM32F0xx_HAL_Driver/Src/stm32f0xx_hal_tim.o
                0x0000000008001ce8                HAL_TIM_PeriodElapsedCallback
 .text.HAL_TIM_OC_DelayElapsedCallback
                0x0000000008001cf8       0x10 ./Drivers/STM32F0xx_HAL_Driver/Src/stm32f0xx_hal_tim.o
                0x0000000008001cf8                HAL_TIM_OC_DelayElapsedCallback
 .text.HAL_TIM_IC_CaptureCallback
                0x0000000008001d08       0x10 ./Drivers/STM32F0xx_HAL_Driver/Src/stm32f0xx_hal_tim.o
                0x0000000008001d08                HAL_TIM_IC_CaptureCallback
 .text.HAL_TIM_PWM_PulseFinishedCallback
                0x0000000008001d18       0x10 ./Drivers/STM32F0xx_HAL_Driver/Src/stm32f0xx_hal_tim.o
                0x0000000008001d18                HAL_TIM_PWM_PulseFinishedCallback
 .text.HAL_TIM_TriggerCallback
                0x0000000008001d28       0x10 ./Drivers/STM32F0xx_HAL_Driver/Src/stm32f0xx_hal_tim.o
                0x0000000008001d28                HAL_TIM_TriggerCallback
 .text.TIM_Base_SetConfig
                0x0000000008001d38      0x100 ./Drivers/STM32F0xx_HAL_Driver/Src/stm32f0xx_hal_tim.o
                0x0000000008001d38                TIM_Base_SetConfig
 .text.TIM_SlaveTimer_SetConfig
                0x0000000008001e38      0x124 ./Drivers/STM32F0xx_HAL_Driver/Src/stm32f0xx_hal_tim.o
 .text.TIM_TI1_ConfigInputStage
                0x0000000008001f5c       0x5c ./Drivers/STM32F0xx_HAL_Driver/Src/stm32f0xx_hal_tim.o
 .text.TIM_TI2_ConfigInputStage
                0x0000000008001fb8       0x64 ./Drivers/STM32F0xx_HAL_Driver/Src/stm32f0xx_hal_tim.o
 .text.TIM_ITRx_SetConfig
                0x000000000800201c       0x32 ./Drivers/STM32F0xx_HAL_Driver/Src/stm32f0xx_hal_tim.o
 *fill*         0x000000000800204e        0x2 
 .text.TIM_ETR_SetConfig
                0x0000000008002050       0x40 ./Drivers/STM32F0xx_HAL_Driver/Src/stm32f0xx_hal_tim.o
                0x0000000008002050                TIM_ETR_SetConfig
 .text.HAL_TIMEx_MasterConfigSynchronization
                0x0000000008002090       0xbc ./Drivers/STM32F0xx_HAL_Driver/Src/stm32f0xx_hal_tim_ex.o
                0x0000000008002090                HAL_TIMEx_MasterConfigSynchronization
 .text.HAL_TIMEx_CommutCallback
                0x000000000800214c       0x10 ./Drivers/STM32F0xx_HAL_Driver/Src/stm32f0xx_hal_tim_ex.o
                0x000000000800214c                HAL_TIMEx_CommutCallback
 .text.HAL_TIMEx_BreakCallback
                0x000000000800215c       0x10 ./Drivers/STM32F0xx_HAL_Driver/Src/stm32f0xx_hal_tim_ex.o
                0x000000000800215c                HAL_TIMEx_BreakCallback
 .text.HAL_TSC_Init
                0x000000000800216c      0x104 ./Drivers/STM32F0xx_HAL_Driver/Src/stm32f0xx_hal_tsc.o
                0x000000000800216c                HAL_TSC_Init
 .text.HAL_TSC_IRQHandler
                0x0000000008002270       0x5e ./Drivers/STM32F0xx_HAL_Driver/Src/stm32f0xx_hal_tsc.o
                0x0000000008002270                HAL_TSC_IRQHandler
 .text.HAL_TSC_ErrorCallback
                0x00000000080022ce       0x10 ./Drivers/STM32F0xx_HAL_Driver/Src/stm32f0xx_hal_tsc.o
                0x00000000080022ce                HAL_TSC_ErrorCallback
 .text.TSC_extract_groups
                0x00000000080022de       0x46 ./Drivers/STM32F0xx_HAL_Driver/Src/stm32f0xx_hal_tsc.o
 .text.TSL_Init
                0x0000000008002324       0x5c ./Middlewares/ST/STM32_TouchSensing_Library/src/tsl.o
                0x0000000008002324                TSL_Init
 .text.TSL_acq_BankGetResult
                0x0000000008002380      0x324 ./Middlewares/ST/STM32_TouchSensing_Library/src/tsl_acq.o
                0x0000000008002380                TSL_acq_BankGetResult
 .text.TSL_acq_BankConfig
                0x00000000080026a4       0xd8 ./Middlewares/ST/STM32_TouchSensing_Library/src/tsl_acq_tsc.o
                0x00000000080026a4                TSL_acq_BankConfig
 .text.TSL_acq_BankStartAcq
                0x000000000800277c       0x40 ./Middlewares/ST/STM32_TouchSensing_Library/src/tsl_acq_tsc.o
                0x000000000800277c                TSL_acq_BankStartAcq
 .text.TSL_acq_BankStartAcq_IT
                0x00000000080027bc       0x40 ./Middlewares/ST/STM32_TouchSensing_Library/src/tsl_acq_tsc.o
                0x00000000080027bc                TSL_acq_BankStartAcq_IT
 .text.TSL_acq_BankWaitEOC
                0x00000000080027fc       0x40 ./Middlewares/ST/STM32_TouchSensing_Library/src/tsl_acq_tsc.o
                0x00000000080027fc                TSL_acq_BankWaitEOC
 .text.TSL_acq_GetMeas
                0x000000000800283c       0x38 ./Middlewares/ST/STM32_TouchSensing_Library/src/tsl_acq_tsc.o
                0x000000000800283c                TSL_acq_GetMeas
 .text.TSL_acq_ComputeDelta
                0x0000000008002874       0x28 ./Middlewares/ST/STM32_TouchSensing_Library/src/tsl_acq_tsc.o
                0x0000000008002874                TSL_acq_ComputeDelta
 .text.TSL_acq_ComputeMeas
                0x000000000800289c       0x26 ./Middlewares/ST/STM32_TouchSensing_Library/src/tsl_acq_tsc.o
                0x000000000800289c                TSL_acq_ComputeMeas
 .text.TSL_acq_CheckNoise
                0x00000000080028c2        0xc ./Middlewares/ST/STM32_TouchSensing_Library/src/tsl_acq_tsc.o
                0x00000000080028c2                TSL_acq_CheckNoise
 .text.TSL_acq_UseFilter
                0x00000000080028ce       0x12 ./Middlewares/ST/STM32_TouchSensing_Library/src/tsl_acq_tsc.o
                0x00000000080028ce                TSL_acq_UseFilter
 .text.TSL_acq_TestReferenceOutOfRange
                0x00000000080028e0       0x12 ./Middlewares/ST/STM32_TouchSensing_Library/src/tsl_acq_tsc.o
                0x00000000080028e0                TSL_acq_TestReferenceOutOfRange
 .text.TSL_acq_TestFirstReferenceIsValid
                0x00000000080028f2       0x18 ./Middlewares/ST/STM32_TouchSensing_Library/src/tsl_acq_tsc.o
                0x00000000080028f2                TSL_acq_TestFirstReferenceIsValid
 .text.SoftDelay
                0x000000000800290a       0x24 ./Middlewares/ST/STM32_TouchSensing_Library/src/tsl_acq_tsc.o
 .text.TSL_dxs_FirstObj
                0x000000000800292e       0x10 ./Middlewares/ST/STM32_TouchSensing_Library/src/tsl_dxs.o
                0x000000000800292e                TSL_dxs_FirstObj
 *fill*         0x000000000800293e        0x2 
 .text.TSL_ecs_CalcK
                0x0000000008002940      0x1a0 ./Middlewares/ST/STM32_TouchSensing_Library/src/tsl_ecs.o
                0x0000000008002940                TSL_ecs_CalcK
 .text.TSL_ecs_ProcessK
                0x0000000008002ae0      0x174 ./Middlewares/ST/STM32_TouchSensing_Library/src/tsl_ecs.o
                0x0000000008002ae0                TSL_ecs_ProcessK
 .text.TSL_ecs_Process
                0x0000000008002c54       0xe0 ./Middlewares/ST/STM32_TouchSensing_Library/src/tsl_ecs.o
                0x0000000008002c54                TSL_ecs_Process
 .text.TSL_obj_GroupInit
                0x0000000008002d34       0xb8 ./Middlewares/ST/STM32_TouchSensing_Library/src/tsl_object.o
                0x0000000008002d34                TSL_obj_GroupInit
 .text.TSL_obj_GroupProcess
                0x0000000008002dec       0xb8 ./Middlewares/ST/STM32_TouchSensing_Library/src/tsl_object.o
                0x0000000008002dec                TSL_obj_GroupProcess
 .text.TSL_obj_SetGlobalObj
                0x0000000008002ea4       0x30 ./Middlewares/ST/STM32_TouchSensing_Library/src/tsl_object.o
                0x0000000008002ea4                TSL_obj_SetGlobalObj
 .text.TSL_tim_ProcessIT
                0x0000000008002ed4       0x58 ./Middlewares/ST/STM32_TouchSensing_Library/src/tsl_time.o
                0x0000000008002ed4                TSL_tim_ProcessIT
 .text.TSL_tim_CheckDelay_ms
                0x0000000008002f2c       0xbc ./Middlewares/ST/STM32_TouchSensing_Library/src/tsl_time.o
                0x0000000008002f2c                TSL_tim_CheckDelay_ms
 .text.TSL_tkey_Init
                0x0000000008002fe8       0x78 ./Middlewares/ST/STM32_TouchSensing_Library/src/tsl_touchkey.o
                0x0000000008002fe8                TSL_tkey_Init
 .text.TSL_tkey_Process
                0x0000000008003060       0x9c ./Middlewares/ST/STM32_TouchSensing_Library/src/tsl_touchkey.o
                0x0000000008003060                TSL_tkey_Process
 .text.TSL_tkey_SetStateCalibration
                0x00000000080030fc       0x94 ./Middlewares/ST/STM32_TouchSensing_Library/src/tsl_touchkey.o
                0x00000000080030fc                TSL_tkey_SetStateCalibration
 .text.TSL_tkey_GetStateMask
                0x0000000008003190       0x40 ./Middlewares/ST/STM32_TouchSensing_Library/src/tsl_touchkey.o
                0x0000000008003190                TSL_tkey_GetStateMask
 .text.TSL_tkey_DebReleaseProxStateProcess
                0x00000000080031d0       0x84 ./Middlewares/ST/STM32_TouchSensing_Library/src/tsl_touchkey.o
                0x00000000080031d0                TSL_tkey_DebReleaseProxStateProcess
 .text.TSL_tkey_DebReleaseDetectStateProcess
                0x0000000008003254       0xa8 ./Middlewares/ST/STM32_TouchSensing_Library/src/tsl_touchkey.o
                0x0000000008003254                TSL_tkey_DebReleaseDetectStateProcess
 .text.TSL_tkey_DebReleaseTouchStateProcess
                0x00000000080032fc       0xa8 ./Middlewares/ST/STM32_TouchSensing_Library/src/tsl_touchkey.o
                0x00000000080032fc                TSL_tkey_DebReleaseTouchStateProcess
 .text.TSL_tkey_ReleaseStateProcess
                0x00000000080033a4      0x138 ./Middlewares/ST/STM32_TouchSensing_Library/src/tsl_touchkey.o
                0x00000000080033a4                TSL_tkey_ReleaseStateProcess
 .text.TSL_tkey_DebCalibrationStateProcess
                0x00000000080034dc       0x84 ./Middlewares/ST/STM32_TouchSensing_Library/src/tsl_touchkey.o
                0x00000000080034dc                TSL_tkey_DebCalibrationStateProcess
 .text.TSL_tkey_CalibrationStateProcess
                0x0000000008003560      0x14c ./Middlewares/ST/STM32_TouchSensing_Library/src/tsl_touchkey.o
                0x0000000008003560                TSL_tkey_CalibrationStateProcess
 .text.TSL_tkey_DebProxStateProcess
                0x00000000080036ac       0xd0 ./Middlewares/ST/STM32_TouchSensing_Library/src/tsl_touchkey.o
                0x00000000080036ac                TSL_tkey_DebProxStateProcess
 .text.TSL_tkey_DebProxDetectStateProcess
                0x000000000800377c       0xd0 ./Middlewares/ST/STM32_TouchSensing_Library/src/tsl_touchkey.o
                0x000000000800377c                TSL_tkey_DebProxDetectStateProcess
 .text.TSL_tkey_DebProxTouchStateProcess
                0x000000000800384c       0xd0 ./Middlewares/ST/STM32_TouchSensing_Library/src/tsl_touchkey.o
                0x000000000800384c                TSL_tkey_DebProxTouchStateProcess
 .text.TSL_tkey_ProxStateProcess
                0x000000000800391c       0xf0 ./Middlewares/ST/STM32_TouchSensing_Library/src/tsl_touchkey.o
                0x000000000800391c                TSL_tkey_ProxStateProcess
 .text.TSL_tkey_DebDetectStateProcess
                0x0000000008003a0c       0xd0 ./Middlewares/ST/STM32_TouchSensing_Library/src/tsl_touchkey.o
                0x0000000008003a0c                TSL_tkey_DebDetectStateProcess
 .text.TSL_tkey_DetectStateProcess
                0x0000000008003adc       0xf0 ./Middlewares/ST/STM32_TouchSensing_Library/src/tsl_touchkey.o
                0x0000000008003adc                TSL_tkey_DetectStateProcess
 .text.TSL_tkey_TouchStateProcess
                0x0000000008003bcc       0xf0 ./Middlewares/ST/STM32_TouchSensing_Library/src/tsl_touchkey.o
                0x0000000008003bcc                TSL_tkey_TouchStateProcess
 .text.TSL_tkey_DebErrorStateProcess
                0x0000000008003cbc       0xcc ./Middlewares/ST/STM32_TouchSensing_Library/src/tsl_touchkey.o
                0x0000000008003cbc                TSL_tkey_DebErrorStateProcess
 .text.MX_TOUCHSENSING_Init
                0x0000000008003d88        0xe ./TOUCHSENSING/App/touchsensing.o
                0x0000000008003d88                MX_TOUCHSENSING_Init
 *fill*         0x0000000008003d96        0x2 
 .text.tsl_user_Init
                0x0000000008003d98       0x28 ./TOUCHSENSING/App/tsl_user.o
                0x0000000008003d98                tsl_user_Init
 .text.tsl_user_Exec
                0x0000000008003dc0       0xd0 ./TOUCHSENSING/App/tsl_user.o
                0x0000000008003dc0                tsl_user_Exec
 .text.HAL_TSC_ConvCpltCallback
                0x0000000008003e90       0x5c ./TOUCHSENSING/App/tsl_user.o
                0x0000000008003e90                HAL_TSC_ConvCpltCallback
 .text.tsl_user_SetThresholds
                0x0000000008003eec        0xa ./TOUCHSENSING/App/tsl_user.o
                0x0000000008003eec                tsl_user_SetThresholds
 .text.MyTKeys_ErrorStateProcess
                0x0000000008003ef6        0xa ./TOUCHSENSING/App/tsl_user.o
                0x0000000008003ef6                MyTKeys_ErrorStateProcess
 .text.MyTKeys_OffStateProcess
                0x0000000008003f00        0xa ./TOUCHSENSING/App/tsl_user.o
                0x0000000008003f00                MyTKeys_OffStateProcess
 *fill*         0x0000000008003f0a        0x2 
 .text.__libc_init_array
                0x0000000008003f0c       0x48 d:/st/stm32cubeide_1.7.0/stm32cubeide/plugins/com.st.stm32cube.ide.mcu.externaltools.gnu-tools-for-stm32.9-2020-q2-update.win32_2.0.0.202105311346/tools/bin/../lib/gcc/arm-none-eabi/9.3.1/../../../../arm-none-eabi/lib/thumb/v6-m/nofp\libc_nano.a(lib_a-init.o)
                0x0000000008003f0c                __libc_init_array
 .text.memset   0x0000000008003f54       0x10 d:/st/stm32cubeide_1.7.0/stm32cubeide/plugins/com.st.stm32cube.ide.mcu.externaltools.gnu-tools-for-stm32.9-2020-q2-update.win32_2.0.0.202105311346/tools/bin/../lib/gcc/arm-none-eabi/9.3.1/../../../../arm-none-eabi/lib/thumb/v6-m/nofp\libc_nano.a(lib_a-memset.o)
                0x0000000008003f54                memset
 *(.glue_7)
 .glue_7        0x0000000008003f64        0x0 linker stubs
 *(.glue_7t)
 .glue_7t       0x0000000008003f64        0x0 linker stubs
 *(.eh_frame)
 .eh_frame      0x0000000008003f64        0x0 d:/st/stm32cubeide_1.7.0/stm32cubeide/plugins/com.st.stm32cube.ide.mcu.externaltools.gnu-tools-for-stm32.9-2020-q2-update.win32_2.0.0.202105311346/tools/bin/../lib/gcc/arm-none-eabi/9.3.1/thumb/v6-m/nofp/crtbegin.o
 *(.init)
 .init          0x0000000008003f64        0x4 d:/st/stm32cubeide_1.7.0/stm32cubeide/plugins/com.st.stm32cube.ide.mcu.externaltools.gnu-tools-for-stm32.9-2020-q2-update.win32_2.0.0.202105311346/tools/bin/../lib/gcc/arm-none-eabi/9.3.1/thumb/v6-m/nofp/crti.o
                0x0000000008003f64                _init
 .init          0x0000000008003f68        0x8 d:/st/stm32cubeide_1.7.0/stm32cubeide/plugins/com.st.stm32cube.ide.mcu.externaltools.gnu-tools-for-stm32.9-2020-q2-update.win32_2.0.0.202105311346/tools/bin/../lib/gcc/arm-none-eabi/9.3.1/thumb/v6-m/nofp/crtn.o
 *(.fini)
 .fini          0x0000000008003f70        0x4 d:/st/stm32cubeide_1.7.0/stm32cubeide/plugins/com.st.stm32cube.ide.mcu.externaltools.gnu-tools-for-stm32.9-2020-q2-update.win32_2.0.0.202105311346/tools/bin/../lib/gcc/arm-none-eabi/9.3.1/thumb/v6-m/nofp/crti.o
                0x0000000008003f70                _fini
 .fini          0x0000000008003f74        0x8 d:/st/stm32cubeide_1.7.0/stm32cubeide/plugins/com.st.stm32cube.ide.mcu.externaltools.gnu-tools-for-stm32.9-2020-q2-update.win32_2.0.0.202105311346/tools/bin/../lib/gcc/arm-none-eabi/9.3.1/thumb/v6-m/nofp/crtn.o
                0x0000000008003f7c                . = ALIGN (0x4)
                0x0000000008003f7c                _etext = .

.vfp11_veneer   0x0000000008003f7c        0x0
 .vfp11_veneer  0x0000000008003f7c        0x0 linker stubs

.v4_bx          0x0000000008003f7c        0x0
 .v4_bx         0x0000000008003f7c        0x0 linker stubs

.iplt           0x0000000008003f7c        0x0
 .iplt          0x0000000008003f7c        0x0 d:/st/stm32cubeide_1.7.0/stm32cubeide/plugins/com.st.stm32cube.ide.mcu.externaltools.gnu-tools-for-stm32.9-2020-q2-update.win32_2.0.0.202105311346/tools/bin/../lib/gcc/arm-none-eabi/9.3.1/thumb/v6-m/nofp/crtbegin.o

.rodata         0x0000000008003f7c      0x170
                0x0000000008003f7c                . = ALIGN (0x4)
 *(.rodata)
 .rodata        0x0000000008003f7c       0x20 ./Drivers/STM32F0xx_HAL_Driver/Src/stm32f0xx_hal_rcc.o
 *(.rodata*)
 .rodata.AHBPrescTable
                0x0000000008003f9c       0x10 ./Core/Src/system_stm32f0xx.o
                0x0000000008003f9c                AHBPrescTable
 .rodata.MyChannels_Src
                0x0000000008003fac       0x24 ./TOUCHSENSING/App/tsl_user.o
                0x0000000008003fac                MyChannels_Src
 .rodata.MyChannels_Dest
                0x0000000008003fd0        0x6 ./TOUCHSENSING/App/tsl_user.o
                0x0000000008003fd0                MyChannels_Dest
 *fill*         0x0000000008003fd6        0x2 
 .rodata.MyBanks
                0x0000000008003fd8       0x30 ./TOUCHSENSING/App/tsl_user.o
                0x0000000008003fd8                MyBanks
 .rodata.MyTKeys_StateMachine
                0x0000000008004008       0xa0 ./TOUCHSENSING/App/tsl_user.o
                0x0000000008004008                MyTKeys_StateMachine
 .rodata.MyTKeys_Methods
                0x00000000080040a8        0x8 ./TOUCHSENSING/App/tsl_user.o
                0x00000000080040a8                MyTKeys_Methods
 .rodata.MyTKeysB
                0x00000000080040b0       0x24 ./TOUCHSENSING/App/tsl_user.o
                0x00000000080040b0                MyTKeysB
 .rodata.MyObjects
                0x00000000080040d4       0x18 ./TOUCHSENSING/App/tsl_user.o
                0x00000000080040d4                MyObjects
                0x00000000080040ec                . = ALIGN (0x4)

.rel.dyn        0x00000000080040ec        0x0
 .rel.iplt      0x00000000080040ec        0x0 d:/st/stm32cubeide_1.7.0/stm32cubeide/plugins/com.st.stm32cube.ide.mcu.externaltools.gnu-tools-for-stm32.9-2020-q2-update.win32_2.0.0.202105311346/tools/bin/../lib/gcc/arm-none-eabi/9.3.1/thumb/v6-m/nofp/crtbegin.o

.ARM.extab      0x00000000080040ec        0x0
                0x00000000080040ec                . = ALIGN (0x4)
 *(.ARM.extab* .gnu.linkonce.armextab.*)
                0x00000000080040ec                . = ALIGN (0x4)

.ARM            0x00000000080040ec        0x0
                0x00000000080040ec                . = ALIGN (0x4)
                0x00000000080040ec                __exidx_start = .
 *(.ARM.exidx*)
                0x00000000080040ec                __exidx_end = .
                0x00000000080040ec                . = ALIGN (0x4)

.preinit_array  0x00000000080040ec        0x0
                0x00000000080040ec                . = ALIGN (0x4)
                0x00000000080040ec                PROVIDE (__preinit_array_start = .)
 *(.preinit_array*)
                0x00000000080040ec                PROVIDE (__preinit_array_end = .)
                0x00000000080040ec                . = ALIGN (0x4)

.init_array     0x00000000080040ec        0x4
                0x00000000080040ec                . = ALIGN (0x4)
                0x00000000080040ec                PROVIDE (__init_array_start = .)
 *(SORT_BY_NAME(.init_array.*))
 *(.init_array*)
 .init_array    0x00000000080040ec        0x4 d:/st/stm32cubeide_1.7.0/stm32cubeide/plugins/com.st.stm32cube.ide.mcu.externaltools.gnu-tools-for-stm32.9-2020-q2-update.win32_2.0.0.202105311346/tools/bin/../lib/gcc/arm-none-eabi/9.3.1/thumb/v6-m/nofp/crtbegin.o
                0x00000000080040f0                PROVIDE (__init_array_end = .)
                0x00000000080040f0                . = ALIGN (0x4)

.fini_array     0x00000000080040f0        0x4
                0x00000000080040f0                . = ALIGN (0x4)
                [!provide]                        PROVIDE (__fini_array_start = .)
 *(SORT_BY_NAME(.fini_array.*))
 *(.fini_array*)
 .fini_array    0x00000000080040f0        0x4 d:/st/stm32cubeide_1.7.0/stm32cubeide/plugins/com.st.stm32cube.ide.mcu.externaltools.gnu-tools-for-stm32.9-2020-q2-update.win32_2.0.0.202105311346/tools/bin/../lib/gcc/arm-none-eabi/9.3.1/thumb/v6-m/nofp/crtbegin.o
                [!provide]                        PROVIDE (__fini_array_end = .)
                0x00000000080040f4                . = ALIGN (0x4)
                0x00000000080040f4                _sidata = LOADADDR (.data)

.data           0x0000000020000000       0x2c load address 0x00000000080040f4
                0x0000000020000000                . = ALIGN (0x4)
                0x0000000020000000                _sdata = .
 *(.data)
 *(.data*)
 .data.SystemCoreClock
                0x0000000020000000        0x4 ./Core/Src/system_stm32f0xx.o
                0x0000000020000000                SystemCoreClock
 .data.uwTickPrio
                0x0000000020000004        0x4 ./Drivers/STM32F0xx_HAL_Driver/Src/stm32f0xx_hal.o
                0x0000000020000004                uwTickPrio
 .data.uwTickFreq
                0x0000000020000008        0x1 ./Drivers/STM32F0xx_HAL_Driver/Src/stm32f0xx_hal.o
                0x0000000020000008                uwTickFreq
 *fill*         0x0000000020000009        0x3 
 .data.MyObjGroup
                0x000000002000000c       0x10 ./TOUCHSENSING/App/tsl_user.o
                0x000000002000000c                MyObjGroup
 .data.TSL_Params
                0x000000002000001c       0x10 ./TOUCHSENSING/App/tsl_user.o
                0x000000002000001c                TSL_Params
 *(.RamFunc)
 *(.RamFunc*)
                0x000000002000002c                . = ALIGN (0x4)
                0x000000002000002c                _edata = .

.igot.plt       0x000000002000002c        0x0 load address 0x0000000008004120
 .igot.plt      0x000000002000002c        0x0 d:/st/stm32cubeide_1.7.0/stm32cubeide/plugins/com.st.stm32cube.ide.mcu.externaltools.gnu-tools-for-stm32.9-2020-q2-update.win32_2.0.0.202105311346/tools/bin/../lib/gcc/arm-none-eabi/9.3.1/thumb/v6-m/nofp/crtbegin.o
                0x000000002000002c                . = ALIGN (0x4)

.bss            0x000000002000002c      0x148 load address 0x0000000008004120
                0x000000002000002c                _sbss = .
                0x000000002000002c                __bss_start__ = _sbss
 *(.bss)
 .bss           0x000000002000002c       0x1c d:/st/stm32cubeide_1.7.0/stm32cubeide/plugins/com.st.stm32cube.ide.mcu.externaltools.gnu-tools-for-stm32.9-2020-q2-update.win32_2.0.0.202105311346/tools/bin/../lib/gcc/arm-none-eabi/9.3.1/thumb/v6-m/nofp/crtbegin.o
 *(.bss*)
 .bss.count_1s.6483
                0x0000000020000048        0x2 ./Middlewares/ST/STM32_TouchSensing_Library/src/tsl_time.o
 .bss.CalibDiv  0x000000002000004a        0x2 ./Middlewares/ST/STM32_TouchSensing_Library/src/tsl_touchkey.o
 .bss.idx_bank_it
                0x000000002000004c        0x4 ./TOUCHSENSING/App/tsl_user.o
                0x000000002000004c                idx_bank_it
 .bss.acq_done_it
                0x0000000020000050        0x4 ./TOUCHSENSING/App/tsl_user.o
                0x0000000020000050                acq_done_it
 .bss.config_done.6540
                0x0000000020000054        0x4 ./TOUCHSENSING/App/tsl_user.o
 .bss.idx_bank.6539
                0x0000000020000058        0x4 ./TOUCHSENSING/App/tsl_user.o
 *(COMMON)
 COMMON         0x000000002000005c       0xac ./Core/Src/main.o
                0x000000002000005c                ms
                0x0000000020000060                DR
                0x0000000020000068                DM
                0x0000000020000070                htim1
                0x00000000200000b8                DS
                0x00000000200000bc                DD
                0x00000000200000c2                sign_change
                0x00000000200000c4                htsc
 COMMON         0x0000000020000108        0x4 ./Drivers/STM32F0xx_HAL_Driver/Src/stm32f0xx_hal.o
                0x0000000020000108                uwTick
 COMMON         0x000000002000010c       0x18 ./Middlewares/ST/STM32_TouchSensing_Library/src/tsl_globals.o
                0x000000002000010c                TSL_Globals
 COMMON         0x0000000020000124       0x50 ./TOUCHSENSING/App/tsl_user.o
                0x0000000020000124                MyChannels_Data
                0x0000000020000148                MyTKeys_Param
                0x0000000020000166                ECSLastTick
                0x0000000020000168                MyTKeys_Data
                0x0000000020000174                . = ALIGN (0x4)
                0x0000000020000174                _ebss = .
                0x0000000020000174                __bss_end__ = _ebss

._user_heap_stack
                0x0000000020000174      0x604 load address 0x0000000008004120
                0x0000000020000178                . = ALIGN (0x8)
 *fill*         0x0000000020000174        0x4 
                [!provide]                        PROVIDE (end = .)
                0x0000000020000178                PROVIDE (_end = .)
                0x0000000020000378                . = (. + _Min_Heap_Size)
 *fill*         0x0000000020000178      0x200 
                0x0000000020000778                . = (. + _Min_Stack_Size)
 *fill*         0x0000000020000378      0x400 
                0x0000000020000778                . = ALIGN (0x8)

/DISCARD/
 libc.a(*)
 libm.a(*)
 libgcc.a(*)

.ARM.attributes
                0x0000000000000000       0x28
 *(.ARM.attributes)
 .ARM.attributes
                0x0000000000000000       0x1e d:/st/stm32cubeide_1.7.0/stm32cubeide/plugins/com.st.stm32cube.ide.mcu.externaltools.gnu-tools-for-stm32.9-2020-q2-update.win32_2.0.0.202105311346/tools/bin/../lib/gcc/arm-none-eabi/9.3.1/thumb/v6-m/nofp/crti.o
 .ARM.attributes
                0x000000000000001e       0x2c d:/st/stm32cubeide_1.7.0/stm32cubeide/plugins/com.st.stm32cube.ide.mcu.externaltools.gnu-tools-for-stm32.9-2020-q2-update.win32_2.0.0.202105311346/tools/bin/../lib/gcc/arm-none-eabi/9.3.1/thumb/v6-m/nofp/crtbegin.o
 .ARM.attributes
                0x000000000000004a       0x2c ./Core/Src/main.o
 .ARM.attributes
                0x0000000000000076       0x2c ./Core/Src/stm32f0xx_hal_msp.o
 .ARM.attributes
                0x00000000000000a2       0x2c ./Core/Src/stm32f0xx_it.o
 .ARM.attributes
                0x00000000000000ce       0x2c ./Core/Src/system_stm32f0xx.o
 .ARM.attributes
                0x00000000000000fa       0x21 ./Core/Startup/startup_stm32f051c8tx.o
 .ARM.attributes
                0x000000000000011b       0x2c ./Drivers/STM32F0xx_HAL_Driver/Src/stm32f0xx_hal.o
 .ARM.attributes
                0x0000000000000147       0x2c ./Drivers/STM32F0xx_HAL_Driver/Src/stm32f0xx_hal_cortex.o
 .ARM.attributes
                0x0000000000000173       0x2c ./Drivers/STM32F0xx_HAL_Driver/Src/stm32f0xx_hal_gpio.o
 .ARM.attributes
                0x000000000000019f       0x2c ./Drivers/STM32F0xx_HAL_Driver/Src/stm32f0xx_hal_rcc.o
 .ARM.attributes
                0x00000000000001cb       0x2c ./Drivers/STM32F0xx_HAL_Driver/Src/stm32f0xx_hal_tim.o
 .ARM.attributes
                0x00000000000001f7       0x2c ./Drivers/STM32F0xx_HAL_Driver/Src/stm32f0xx_hal_tim_ex.o
 .ARM.attributes
                0x0000000000000223       0x2c ./Drivers/STM32F0xx_HAL_Driver/Src/stm32f0xx_hal_tsc.o
 .ARM.attributes
                0x000000000000024f       0x2c ./Middlewares/ST/STM32_TouchSensing_Library/src/tsl.o
 .ARM.attributes
                0x000000000000027b       0x2c ./Middlewares/ST/STM32_TouchSensing_Library/src/tsl_acq.o
 .ARM.attributes
                0x00000000000002a7       0x2c ./Middlewares/ST/STM32_TouchSensing_Library/src/tsl_acq_tsc.o
 .ARM.attributes
                0x00000000000002d3       0x2c ./Middlewares/ST/STM32_TouchSensing_Library/src/tsl_dxs.o
 .ARM.attributes
                0x00000000000002ff       0x2c ./Middlewares/ST/STM32_TouchSensing_Library/src/tsl_ecs.o
 .ARM.attributes
                0x000000000000032b       0x31 ./Middlewares/ST/STM32_TouchSensing_Library/src/tsl_globals.o
 .ARM.attributes
                0x000000000000035c       0x2c ./Middlewares/ST/STM32_TouchSensing_Library/src/tsl_object.o
 .ARM.attributes
                0x0000000000000388       0x2c ./Middlewares/ST/STM32_TouchSensing_Library/src/tsl_time.o
 .ARM.attributes
                0x00000000000003b4       0x2c ./Middlewares/ST/STM32_TouchSensing_Library/src/tsl_touchkey.o
 .ARM.attributes
                0x00000000000003e0       0x2c ./TOUCHSENSING/App/touchsensing.o
 .ARM.attributes
                0x000000000000040c       0x2c ./TOUCHSENSING/App/tsl_user.o
 .ARM.attributes
                0x0000000000000438       0x2c d:/st/stm32cubeide_1.7.0/stm32cubeide/plugins/com.st.stm32cube.ide.mcu.externaltools.gnu-tools-for-stm32.9-2020-q2-update.win32_2.0.0.202105311346/tools/bin/../lib/gcc/arm-none-eabi/9.3.1/../../../../arm-none-eabi/lib/thumb/v6-m/nofp\libc_nano.a(lib_a-init.o)
 .ARM.attributes
                0x0000000000000464       0x2c d:/st/stm32cubeide_1.7.0/stm32cubeide/plugins/com.st.stm32cube.ide.mcu.externaltools.gnu-tools-for-stm32.9-2020-q2-update.win32_2.0.0.202105311346/tools/bin/../lib/gcc/arm-none-eabi/9.3.1/../../../../arm-none-eabi/lib/thumb/v6-m/nofp\libc_nano.a(lib_a-memset.o)
 .ARM.attributes
                0x0000000000000490       0x1e d:/st/stm32cubeide_1.7.0/stm32cubeide/plugins/com.st.stm32cube.ide.mcu.externaltools.gnu-tools-for-stm32.9-2020-q2-update.win32_2.0.0.202105311346/tools/bin/../lib/gcc/arm-none-eabi/9.3.1/thumb/v6-m/nofp\libgcc.a(_udivsi3.o)
 .ARM.attributes
                0x00000000000004ae       0x1e d:/st/stm32cubeide_1.7.0/stm32cubeide/plugins/com.st.stm32cube.ide.mcu.externaltools.gnu-tools-for-stm32.9-2020-q2-update.win32_2.0.0.202105311346/tools/bin/../lib/gcc/arm-none-eabi/9.3.1/thumb/v6-m/nofp\libgcc.a(_dvmd_tls.o)
 .ARM.attributes
                0x00000000000004cc       0x1e d:/st/stm32cubeide_1.7.0/stm32cubeide/plugins/com.st.stm32cube.ide.mcu.externaltools.gnu-tools-for-stm32.9-2020-q2-update.win32_2.0.0.202105311346/tools/bin/../lib/gcc/arm-none-eabi/9.3.1/thumb/v6-m/nofp/crtn.o
OUTPUT(TSC_RGB.elf elf32-littlearm)
LOAD linker stubs
LOAD d:/st/stm32cubeide_1.7.0/stm32cubeide/plugins/com.st.stm32cube.ide.mcu.externaltools.gnu-tools-for-stm32.9-2020-q2-update.win32_2.0.0.202105311346/tools/bin/../lib/gcc/arm-none-eabi/9.3.1/../../../../arm-none-eabi/lib/thumb/v6-m/nofp\libc.a
LOAD d:/st/stm32cubeide_1.7.0/stm32cubeide/plugins/com.st.stm32cube.ide.mcu.externaltools.gnu-tools-for-stm32.9-2020-q2-update.win32_2.0.0.202105311346/tools/bin/../lib/gcc/arm-none-eabi/9.3.1/../../../../arm-none-eabi/lib/thumb/v6-m/nofp\libm.a
LOAD d:/st/stm32cubeide_1.7.0/stm32cubeide/plugins/com.st.stm32cube.ide.mcu.externaltools.gnu-tools-for-stm32.9-2020-q2-update.win32_2.0.0.202105311346/tools/bin/../lib/gcc/arm-none-eabi/9.3.1/thumb/v6-m/nofp\libgcc.a

.debug_info     0x0000000000000000    0x11ded
 .debug_info    0x0000000000000000     0x192f ./Core/Src/main.o
 .debug_info    0x000000000000192f      0xda9 ./Core/Src/stm32f0xx_hal_msp.o
 .debug_info    0x00000000000026d8      0xa11 ./Core/Src/stm32f0xx_it.o
 .debug_info    0x00000000000030e9      0x2c3 ./Core/Src/system_stm32f0xx.o
 .debug_info    0x00000000000033ac       0x22 ./Core/Startup/startup_stm32f051c8tx.o
 .debug_info    0x00000000000033ce      0x6ff ./Drivers/STM32F0xx_HAL_Driver/Src/stm32f0xx_hal.o
 .debug_info    0x0000000000003acd      0x7d6 ./Drivers/STM32F0xx_HAL_Driver/Src/stm32f0xx_hal_cortex.o
 .debug_info    0x00000000000042a3      0x6e6 ./Drivers/STM32F0xx_HAL_Driver/Src/stm32f0xx_hal_gpio.o
 .debug_info    0x0000000000004989      0x8a4 ./Drivers/STM32F0xx_HAL_Driver/Src/stm32f0xx_hal_rcc.o
 .debug_info    0x000000000000522d     0x2ba9 ./Drivers/STM32F0xx_HAL_Driver/Src/stm32f0xx_hal_tim.o
 .debug_info    0x0000000000007dd6     0x1529 ./Drivers/STM32F0xx_HAL_Driver/Src/stm32f0xx_hal_tim_ex.o
 .debug_info    0x00000000000092ff      0x859 ./Drivers/STM32F0xx_HAL_Driver/Src/stm32f0xx_hal_tsc.o
 .debug_info    0x0000000000009b58      0x9f9 ./Middlewares/ST/STM32_TouchSensing_Library/src/tsl.o
 .debug_info    0x000000000000a551      0xc79 ./Middlewares/ST/STM32_TouchSensing_Library/src/tsl_acq.o
 .debug_info    0x000000000000b1ca      0xd87 ./Middlewares/ST/STM32_TouchSensing_Library/src/tsl_acq_tsc.o
 .debug_info    0x000000000000bf51      0xa60 ./Middlewares/ST/STM32_TouchSensing_Library/src/tsl_dxs.o
 .debug_info    0x000000000000c9b1      0xcc2 ./Middlewares/ST/STM32_TouchSensing_Library/src/tsl_ecs.o
 .debug_info    0x000000000000d673      0x99d ./Middlewares/ST/STM32_TouchSensing_Library/src/tsl_globals.o
 .debug_info    0x000000000000e010      0xafd ./Middlewares/ST/STM32_TouchSensing_Library/src/tsl_object.o
 .debug_info    0x000000000000eb0d      0xb02 ./Middlewares/ST/STM32_TouchSensing_Library/src/tsl_time.o
 .debug_info    0x000000000000f60f      0xc7c ./Middlewares/ST/STM32_TouchSensing_Library/src/tsl_touchkey.o
 .debug_info    0x000000000001028b      0xae3 ./TOUCHSENSING/App/touchsensing.o
 .debug_info    0x0000000000010d6e     0x107f ./TOUCHSENSING/App/tsl_user.o

.debug_abbrev   0x0000000000000000     0x2b58
 .debug_abbrev  0x0000000000000000      0x2c1 ./Core/Src/main.o
 .debug_abbrev  0x00000000000002c1      0x1ee ./Core/Src/stm32f0xx_hal_msp.o
 .debug_abbrev  0x00000000000004af      0x1ad ./Core/Src/stm32f0xx_it.o
 .debug_abbrev  0x000000000000065c      0x145 ./Core/Src/system_stm32f0xx.o
 .debug_abbrev  0x00000000000007a1       0x12 ./Core/Startup/startup_stm32f051c8tx.o
 .debug_abbrev  0x00000000000007b3      0x21e ./Drivers/STM32F0xx_HAL_Driver/Src/stm32f0xx_hal.o
 .debug_abbrev  0x00000000000009d1      0x2a9 ./Drivers/STM32F0xx_HAL_Driver/Src/stm32f0xx_hal_cortex.o
 .debug_abbrev  0x0000000000000c7a      0x1e8 ./Drivers/STM32F0xx_HAL_Driver/Src/stm32f0xx_hal_gpio.o
 .debug_abbrev  0x0000000000000e62      0x23b ./Drivers/STM32F0xx_HAL_Driver/Src/stm32f0xx_hal_rcc.o
 .debug_abbrev  0x000000000000109d      0x26f ./Drivers/STM32F0xx_HAL_Driver/Src/stm32f0xx_hal_tim.o
 .debug_abbrev  0x000000000000130c      0x277 ./Drivers/STM32F0xx_HAL_Driver/Src/stm32f0xx_hal_tim_ex.o
 .debug_abbrev  0x0000000000001583      0x200 ./Drivers/STM32F0xx_HAL_Driver/Src/stm32f0xx_hal_tsc.o
 .debug_abbrev  0x0000000000001783      0x161 ./Middlewares/ST/STM32_TouchSensing_Library/src/tsl.o
 .debug_abbrev  0x00000000000018e4      0x1e0 ./Middlewares/ST/STM32_TouchSensing_Library/src/tsl_acq.o
 .debug_abbrev  0x0000000000001ac4      0x282 ./Middlewares/ST/STM32_TouchSensing_Library/src/tsl_acq_tsc.o
 .debug_abbrev  0x0000000000001d46      0x150 ./Middlewares/ST/STM32_TouchSensing_Library/src/tsl_dxs.o
 .debug_abbrev  0x0000000000001e96      0x20d ./Middlewares/ST/STM32_TouchSensing_Library/src/tsl_ecs.o
 .debug_abbrev  0x00000000000020a3      0x12e ./Middlewares/ST/STM32_TouchSensing_Library/src/tsl_globals.o
 .debug_abbrev  0x00000000000021d1      0x197 ./Middlewares/ST/STM32_TouchSensing_Library/src/tsl_object.o
 .debug_abbrev  0x0000000000002368      0x1bd ./Middlewares/ST/STM32_TouchSensing_Library/src/tsl_time.o
 .debug_abbrev  0x0000000000002525      0x2a8 ./Middlewares/ST/STM32_TouchSensing_Library/src/tsl_touchkey.o
 .debug_abbrev  0x00000000000027cd      0x142 ./TOUCHSENSING/App/touchsensing.o
 .debug_abbrev  0x000000000000290f      0x249 ./TOUCHSENSING/App/tsl_user.o

.debug_aranges  0x0000000000000000      0xc48
 .debug_aranges
                0x0000000000000000       0x50 ./Core/Src/main.o
 .debug_aranges
                0x0000000000000050       0x40 ./Core/Src/stm32f0xx_hal_msp.o
 .debug_aranges
                0x0000000000000090       0x50 ./Core/Src/stm32f0xx_it.o
 .debug_aranges
                0x00000000000000e0       0x28 ./Core/Src/system_stm32f0xx.o
 .debug_aranges
                0x0000000000000108       0x28 ./Core/Startup/startup_stm32f051c8tx.o
 .debug_aranges
                0x0000000000000130       0xd0 ./Drivers/STM32F0xx_HAL_Driver/Src/stm32f0xx_hal.o
 .debug_aranges
                0x0000000000000200       0xc0 ./Drivers/STM32F0xx_HAL_Driver/Src/stm32f0xx_hal_cortex.o
 .debug_aranges
                0x00000000000002c0       0x58 ./Drivers/STM32F0xx_HAL_Driver/Src/stm32f0xx_hal_gpio.o
 .debug_aranges
                0x0000000000000318       0x80 ./Drivers/STM32F0xx_HAL_Driver/Src/stm32f0xx_hal_rcc.o
 .debug_aranges
                0x0000000000000398      0x3d0 ./Drivers/STM32F0xx_HAL_Driver/Src/stm32f0xx_hal_tim.o
 .debug_aranges
                0x0000000000000768      0x168 ./Drivers/STM32F0xx_HAL_Driver/Src/stm32f0xx_hal_tim_ex.o
 .debug_aranges
                0x00000000000008d0       0xa8 ./Drivers/STM32F0xx_HAL_Driver/Src/stm32f0xx_hal_tsc.o
 .debug_aranges
                0x0000000000000978       0x20 ./Middlewares/ST/STM32_TouchSensing_Library/src/tsl.o
 .debug_aranges
                0x0000000000000998       0x30 ./Middlewares/ST/STM32_TouchSensing_Library/src/tsl_acq.o
 .debug_aranges
                0x00000000000009c8       0x78 ./Middlewares/ST/STM32_TouchSensing_Library/src/tsl_acq_tsc.o
 .debug_aranges
                0x0000000000000a40       0x20 ./Middlewares/ST/STM32_TouchSensing_Library/src/tsl_dxs.o
 .debug_aranges
                0x0000000000000a60       0x30 ./Middlewares/ST/STM32_TouchSensing_Library/src/tsl_ecs.o
 .debug_aranges
                0x0000000000000a90       0x18 ./Middlewares/ST/STM32_TouchSensing_Library/src/tsl_globals.o
 .debug_aranges
                0x0000000000000aa8       0x30 ./Middlewares/ST/STM32_TouchSensing_Library/src/tsl_object.o
 .debug_aranges
                0x0000000000000ad8       0x30 ./Middlewares/ST/STM32_TouchSensing_Library/src/tsl_time.o
 .debug_aranges
                0x0000000000000b08       0xd0 ./Middlewares/ST/STM32_TouchSensing_Library/src/tsl_touchkey.o
 .debug_aranges
                0x0000000000000bd8       0x20 ./TOUCHSENSING/App/touchsensing.o
 .debug_aranges
                0x0000000000000bf8       0x50 ./TOUCHSENSING/App/tsl_user.o

.debug_ranges   0x0000000000000000      0xad8
 .debug_ranges  0x0000000000000000       0x40 ./Core/Src/main.o
 .debug_ranges  0x0000000000000040       0x30 ./Core/Src/stm32f0xx_hal_msp.o
 .debug_ranges  0x0000000000000070       0x40 ./Core/Src/stm32f0xx_it.o
 .debug_ranges  0x00000000000000b0       0x18 ./Core/Src/system_stm32f0xx.o
 .debug_ranges  0x00000000000000c8       0x20 ./Core/Startup/startup_stm32f051c8tx.o
 .debug_ranges  0x00000000000000e8       0xc0 ./Drivers/STM32F0xx_HAL_Driver/Src/stm32f0xx_hal.o
 .debug_ranges  0x00000000000001a8       0xb0 ./Drivers/STM32F0xx_HAL_Driver/Src/stm32f0xx_hal_cortex.o
 .debug_ranges  0x0000000000000258       0x48 ./Drivers/STM32F0xx_HAL_Driver/Src/stm32f0xx_hal_gpio.o
 .debug_ranges  0x00000000000002a0       0x70 ./Drivers/STM32F0xx_HAL_Driver/Src/stm32f0xx_hal_rcc.o
 .debug_ranges  0x0000000000000310      0x3c0 ./Drivers/STM32F0xx_HAL_Driver/Src/stm32f0xx_hal_tim.o
 .debug_ranges  0x00000000000006d0      0x158 ./Drivers/STM32F0xx_HAL_Driver/Src/stm32f0xx_hal_tim_ex.o
 .debug_ranges  0x0000000000000828       0x98 ./Drivers/STM32F0xx_HAL_Driver/Src/stm32f0xx_hal_tsc.o
 .debug_ranges  0x00000000000008c0       0x10 ./Middlewares/ST/STM32_TouchSensing_Library/src/tsl.o
 .debug_ranges  0x00000000000008d0       0x20 ./Middlewares/ST/STM32_TouchSensing_Library/src/tsl_acq.o
 .debug_ranges  0x00000000000008f0       0x68 ./Middlewares/ST/STM32_TouchSensing_Library/src/tsl_acq_tsc.o
 .debug_ranges  0x0000000000000958       0x10 ./Middlewares/ST/STM32_TouchSensing_Library/src/tsl_dxs.o
 .debug_ranges  0x0000000000000968       0x20 ./Middlewares/ST/STM32_TouchSensing_Library/src/tsl_ecs.o
 .debug_ranges  0x0000000000000988       0x20 ./Middlewares/ST/STM32_TouchSensing_Library/src/tsl_object.o
 .debug_ranges  0x00000000000009a8       0x20 ./Middlewares/ST/STM32_TouchSensing_Library/src/tsl_time.o
 .debug_ranges  0x00000000000009c8       0xc0 ./Middlewares/ST/STM32_TouchSensing_Library/src/tsl_touchkey.o
 .debug_ranges  0x0000000000000a88       0x10 ./TOUCHSENSING/App/touchsensing.o
 .debug_ranges  0x0000000000000a98       0x40 ./TOUCHSENSING/App/tsl_user.o

.debug_macro    0x0000000000000000    0x13471
 .debug_macro   0x0000000000000000      0x281 ./Core/Src/main.o
 .debug_macro   0x0000000000000281      0xa7e ./Core/Src/main.o
 .debug_macro   0x0000000000000cff      0x133 ./Core/Src/main.o
 .debug_macro   0x0000000000000e32       0x2e ./Core/Src/main.o
 .debug_macro   0x0000000000000e60       0x22 ./Core/Src/main.o
 .debug_macro   0x0000000000000e82       0x22 ./Core/Src/main.o
 .debug_macro   0x0000000000000ea4       0x8e ./Core/Src/main.o
 .debug_macro   0x0000000000000f32       0x51 ./Core/Src/main.o
 .debug_macro   0x0000000000000f83      0x103 ./Core/Src/main.o
 .debug_macro   0x0000000000001086       0x6a ./Core/Src/main.o
 .debug_macro   0x00000000000010f0      0x1df ./Core/Src/main.o
 .debug_macro   0x00000000000012cf       0x1c ./Core/Src/main.o
 .debug_macro   0x00000000000012eb       0x22 ./Core/Src/main.o
 .debug_macro   0x000000000000130d       0xb5 ./Core/Src/main.o
 .debug_macro   0x00000000000013c2      0x391 ./Core/Src/main.o
 .debug_macro   0x0000000000001753     0x8ce4 ./Core/Src/main.o
 .debug_macro   0x000000000000a437       0x66 ./Core/Src/main.o
 .debug_macro   0x000000000000a49d     0x34a6 ./Core/Src/main.o
 .debug_macro   0x000000000000d943      0x174 ./Core/Src/main.o
 .debug_macro   0x000000000000dab7       0x55 ./Core/Src/main.o
 .debug_macro   0x000000000000db0c      0x924 ./Core/Src/main.o
 .debug_macro   0x000000000000e430      0x251 ./Core/Src/main.o
 .debug_macro   0x000000000000e681      0x1af ./Core/Src/main.o
 .debug_macro   0x000000000000e830      0x114 ./Core/Src/main.o
 .debug_macro   0x000000000000e944      0x1a0 ./Core/Src/main.o
 .debug_macro   0x000000000000eae4      0x1ed ./Core/Src/main.o
 .debug_macro   0x000000000000ecd1       0x34 ./Core/Src/main.o
 .debug_macro   0x000000000000ed05       0x43 ./Core/Src/main.o
 .debug_macro   0x000000000000ed48       0x28 ./Core/Src/main.o
 .debug_macro   0x000000000000ed70       0xb0 ./Core/Src/main.o
 .debug_macro   0x000000000000ee20      0x199 ./Core/Src/main.o
 .debug_macro   0x000000000000efb9      0x22c ./Core/Src/main.o
 .debug_macro   0x000000000000f1e5       0x61 ./Core/Src/main.o
 .debug_macro   0x000000000000f246       0xa5 ./Core/Src/main.o
 .debug_macro   0x000000000000f2eb       0x4c ./Core/Src/main.o
 .debug_macro   0x000000000000f337      0x112 ./Core/Src/main.o
 .debug_macro   0x000000000000f449      0x8d8 ./Core/Src/main.o
 .debug_macro   0x000000000000fd21       0x28 ./Core/Src/main.o
 .debug_macro   0x000000000000fd49      0x3d7 ./Core/Src/main.o
 .debug_macro   0x0000000000010120      0x114 ./Core/Src/main.o
 .debug_macro   0x0000000000010234       0x70 ./Core/Src/main.o
 .debug_macro   0x00000000000102a4      0x19b ./Core/Src/main.o
 .debug_macro   0x000000000001043f       0x4c ./Core/Src/main.o
 .debug_macro   0x000000000001048b       0x16 ./Core/Src/main.o
 .debug_macro   0x00000000000104a1       0x1c ./Core/Src/main.o
 .debug_macro   0x00000000000104bd       0xd5 ./Core/Src/main.o
 .debug_macro   0x0000000000010592       0x1c ./Core/Src/main.o
 .debug_macro   0x00000000000105ae       0x88 ./Core/Src/main.o
 .debug_macro   0x0000000000010636      0x1c7 ./Core/Src/stm32f0xx_hal_msp.o
 .debug_macro   0x00000000000107fd      0x214 ./Core/Src/stm32f0xx_it.o
 .debug_macro   0x0000000000010a11      0x1b8 ./Core/Src/system_stm32f0xx.o
 .debug_macro   0x0000000000010bc9      0x1dc ./Drivers/STM32F0xx_HAL_Driver/Src/stm32f0xx_hal.o
 .debug_macro   0x0000000000010da5      0x1b8 ./Drivers/STM32F0xx_HAL_Driver/Src/stm32f0xx_hal_cortex.o
 .debug_macro   0x0000000000010f5d      0x1bf ./Drivers/STM32F0xx_HAL_Driver/Src/stm32f0xx_hal_gpio.o
 .debug_macro   0x000000000001111c      0x1ca ./Drivers/STM32F0xx_HAL_Driver/Src/stm32f0xx_hal_rcc.o
 .debug_macro   0x00000000000112e6      0x1b9 ./Drivers/STM32F0xx_HAL_Driver/Src/stm32f0xx_hal_tim.o
 .debug_macro   0x000000000001149f      0x1b8 ./Drivers/STM32F0xx_HAL_Driver/Src/stm32f0xx_hal_tim_ex.o
 .debug_macro   0x0000000000011657      0x1b9 ./Drivers/STM32F0xx_HAL_Driver/Src/stm32f0xx_hal_tsc.o
 .debug_macro   0x0000000000011810      0x268 ./Middlewares/ST/STM32_TouchSensing_Library/src/tsl.o
 .debug_macro   0x0000000000011a78      0x195 ./Middlewares/ST/STM32_TouchSensing_Library/src/tsl.o
 .debug_macro   0x0000000000011c0d      0x24a ./Middlewares/ST/STM32_TouchSensing_Library/src/tsl_acq.o
 .debug_macro   0x0000000000011e57       0x16 ./Middlewares/ST/STM32_TouchSensing_Library/src/tsl_acq.o
 .debug_macro   0x0000000000011e6d      0x246 ./Middlewares/ST/STM32_TouchSensing_Library/src/tsl_acq_tsc.o
 .debug_macro   0x00000000000120b3      0x286 ./Middlewares/ST/STM32_TouchSensing_Library/src/tsl_dxs.o
 .debug_macro   0x0000000000012339      0x27a ./Middlewares/ST/STM32_TouchSensing_Library/src/tsl_ecs.o
 .debug_macro   0x00000000000125b3      0x246 ./Middlewares/ST/STM32_TouchSensing_Library/src/tsl_globals.o
 .debug_macro   0x00000000000127f9      0x24a ./Middlewares/ST/STM32_TouchSensing_Library/src/tsl_object.o
 .debug_macro   0x0000000000012a43      0x24a ./Middlewares/ST/STM32_TouchSensing_Library/src/tsl_time.o
 .debug_macro   0x0000000000012c8d      0x2ec ./Middlewares/ST/STM32_TouchSensing_Library/src/tsl_touchkey.o
 .debug_macro   0x0000000000012f79      0x281 ./TOUCHSENSING/App/touchsensing.o
 .debug_macro   0x00000000000131fa      0x277 ./TOUCHSENSING/App/tsl_user.o

.debug_line     0x0000000000000000    0x1118d
 .debug_line    0x0000000000000000      0xa45 ./Core/Src/main.o
 .debug_line    0x0000000000000a45      0x786 ./Core/Src/stm32f0xx_hal_msp.o
 .debug_line    0x00000000000011cb      0x80d ./Core/Src/stm32f0xx_it.o
 .debug_line    0x00000000000019d8      0x736 ./Core/Src/system_stm32f0xx.o
 .debug_line    0x000000000000210e       0x89 ./Core/Startup/startup_stm32f051c8tx.o
 .debug_line    0x0000000000002197      0x941 ./Drivers/STM32F0xx_HAL_Driver/Src/stm32f0xx_hal.o
 .debug_line    0x0000000000002ad8      0x9ed ./Drivers/STM32F0xx_HAL_Driver/Src/stm32f0xx_hal_cortex.o
 .debug_line    0x00000000000034c5      0xabe ./Drivers/STM32F0xx_HAL_Driver/Src/stm32f0xx_hal_gpio.o
 .debug_line    0x0000000000003f83      0xd2d ./Drivers/STM32F0xx_HAL_Driver/Src/stm32f0xx_hal_rcc.o
 .debug_line    0x0000000000004cb0     0x3670 ./Drivers/STM32F0xx_HAL_Driver/Src/stm32f0xx_hal_tim.o
 .debug_line    0x0000000000008320     0x18df ./Drivers/STM32F0xx_HAL_Driver/Src/stm32f0xx_hal_tim_ex.o
 .debug_line    0x0000000000009bff      0xb5b ./Drivers/STM32F0xx_HAL_Driver/Src/stm32f0xx_hal_tsc.o
 .debug_line    0x000000000000a75a      0x820 ./Middlewares/ST/STM32_TouchSensing_Library/src/tsl.o
 .debug_line    0x000000000000af7a      0xae3 ./Middlewares/ST/STM32_TouchSensing_Library/src/tsl_acq.o
 .debug_line    0x000000000000ba5d      0x9c5 ./Middlewares/ST/STM32_TouchSensing_Library/src/tsl_acq_tsc.o
 .debug_line    0x000000000000c422      0x7ec ./Middlewares/ST/STM32_TouchSensing_Library/src/tsl_dxs.o
 .debug_line    0x000000000000cc0e      0xa36 ./Middlewares/ST/STM32_TouchSensing_Library/src/tsl_ecs.o
 .debug_line    0x000000000000d644      0x7ce ./Middlewares/ST/STM32_TouchSensing_Library/src/tsl_globals.o
 .debug_line    0x000000000000de12      0x90e ./Middlewares/ST/STM32_TouchSensing_Library/src/tsl_object.o
 .debug_line    0x000000000000e720      0x895 ./Middlewares/ST/STM32_TouchSensing_Library/src/tsl_time.o
 .debug_line    0x000000000000efb5     0x10bb ./Middlewares/ST/STM32_TouchSensing_Library/src/tsl_touchkey.o
 .debug_line    0x0000000000010070      0x808 ./TOUCHSENSING/App/touchsensing.o
 .debug_line    0x0000000000010878      0x915 ./TOUCHSENSING/App/tsl_user.o

.debug_str      0x0000000000000000    0x6e94e
 .debug_str     0x0000000000000000    0x6b541 ./Core/Src/main.o
                                      0x6b9e3 (size before relaxing)
 .debug_str     0x000000000006b541      0x1cb ./Core/Src/stm32f0xx_hal_msp.o
                                      0x69c3f (size before relaxing)
 .debug_str     0x000000000006b70c       0x95 ./Core/Src/stm32f0xx_it.o
                                      0x6a2e4 (size before relaxing)
 .debug_str     0x000000000006b7a1       0x5f ./Core/Src/system_stm32f0xx.o
                                      0x6915c (size before relaxing)
 .debug_str     0x000000000006b800       0x36 ./Core/Startup/startup_stm32f051c8tx.o
                                         0x6a (size before relaxing)
 .debug_str     0x000000000006b836      0x30c ./Drivers/STM32F0xx_HAL_Driver/Src/stm32f0xx_hal.o
                                      0x6969a (size before relaxing)
 .debug_str     0x000000000006bb42      0x1dc ./Drivers/STM32F0xx_HAL_Driver/Src/stm32f0xx_hal_cortex.o
                                      0x6954e (size before relaxing)
 .debug_str     0x000000000006bd1e      0x156 ./Drivers/STM32F0xx_HAL_Driver/Src/stm32f0xx_hal_gpio.o
                                      0x6933b (size before relaxing)
 .debug_str     0x000000000006be74      0x240 ./Drivers/STM32F0xx_HAL_Driver/Src/stm32f0xx_hal_rcc.o
                                      0x69566 (size before relaxing)
 .debug_str     0x000000000006c0b4      0xd91 ./Drivers/STM32F0xx_HAL_Driver/Src/stm32f0xx_hal_tim.o
                                      0x6a517 (size before relaxing)
 .debug_str     0x000000000006ce45      0x4ee ./Drivers/STM32F0xx_HAL_Driver/Src/stm32f0xx_hal_tim_ex.o
                                      0x69cc8 (size before relaxing)
 .debug_str     0x000000000006d333      0x254 ./Drivers/STM32F0xx_HAL_Driver/Src/stm32f0xx_hal_tsc.o
                                      0x695a8 (size before relaxing)
 .debug_str     0x000000000006d587       0x59 ./Middlewares/ST/STM32_TouchSensing_Library/src/tsl.o
                                      0x6abe1 (size before relaxing)
 .debug_str     0x000000000006d5e0      0x1ef ./Middlewares/ST/STM32_TouchSensing_Library/src/tsl_acq.o
                                      0x6ad5d (size before relaxing)
 .debug_str     0x000000000006d7cf      0x17a ./Middlewares/ST/STM32_TouchSensing_Library/src/tsl_acq_tsc.o
                                      0x6ae12 (size before relaxing)
 .debug_str     0x000000000006d949      0x21e ./Middlewares/ST/STM32_TouchSensing_Library/src/tsl_dxs.o
                                      0x6adce (size before relaxing)
 .debug_str     0x000000000006db67      0x1e6 ./Middlewares/ST/STM32_TouchSensing_Library/src/tsl_ecs.o
                                      0x6aec2 (size before relaxing)
 .debug_str     0x000000000006dd4d       0x3f ./Middlewares/ST/STM32_TouchSensing_Library/src/tsl_globals.o
                                      0x6ab60 (size before relaxing)
 .debug_str     0x000000000006dd8c       0x8c ./Middlewares/ST/STM32_TouchSensing_Library/src/tsl_object.o
                                      0x6ac43 (size before relaxing)
 .debug_str     0x000000000006de18       0xa6 ./Middlewares/ST/STM32_TouchSensing_Library/src/tsl_time.o
                                      0x6ac2a (size before relaxing)
 .debug_str     0x000000000006debe      0x896 ./Middlewares/ST/STM32_TouchSensing_Library/src/tsl_touchkey.o
                                      0x6b476 (size before relaxing)
 .debug_str     0x000000000006e754       0x38 ./TOUCHSENSING/App/touchsensing.o
                                      0x6aef0 (size before relaxing)
 .debug_str     0x000000000006e78c      0x1c2 ./TOUCHSENSING/App/tsl_user.o
                                      0x6b377 (size before relaxing)

.comment        0x0000000000000000       0x53
 .comment       0x0000000000000000       0x53 ./Core/Src/main.o
                                         0x54 (size before relaxing)
 .comment       0x0000000000000053       0x54 ./Core/Src/stm32f0xx_hal_msp.o
 .comment       0x0000000000000053       0x54 ./Core/Src/stm32f0xx_it.o
 .comment       0x0000000000000053       0x54 ./Core/Src/system_stm32f0xx.o
 .comment       0x0000000000000053       0x54 ./Drivers/STM32F0xx_HAL_Driver/Src/stm32f0xx_hal.o
 .comment       0x0000000000000053       0x54 ./Drivers/STM32F0xx_HAL_Driver/Src/stm32f0xx_hal_cortex.o
 .comment       0x0000000000000053       0x54 ./Drivers/STM32F0xx_HAL_Driver/Src/stm32f0xx_hal_gpio.o
 .comment       0x0000000000000053       0x54 ./Drivers/STM32F0xx_HAL_Driver/Src/stm32f0xx_hal_rcc.o
 .comment       0x0000000000000053       0x54 ./Drivers/STM32F0xx_HAL_Driver/Src/stm32f0xx_hal_tim.o
 .comment       0x0000000000000053       0x54 ./Drivers/STM32F0xx_HAL_Driver/Src/stm32f0xx_hal_tim_ex.o
 .comment       0x0000000000000053       0x54 ./Drivers/STM32F0xx_HAL_Driver/Src/stm32f0xx_hal_tsc.o
 .comment       0x0000000000000053       0x54 ./Middlewares/ST/STM32_TouchSensing_Library/src/tsl.o
 .comment       0x0000000000000053       0x54 ./Middlewares/ST/STM32_TouchSensing_Library/src/tsl_acq.o
 .comment       0x0000000000000053       0x54 ./Middlewares/ST/STM32_TouchSensing_Library/src/tsl_acq_tsc.o
 .comment       0x0000000000000053       0x54 ./Middlewares/ST/STM32_TouchSensing_Library/src/tsl_dxs.o
 .comment       0x0000000000000053       0x54 ./Middlewares/ST/STM32_TouchSensing_Library/src/tsl_ecs.o
 .comment       0x0000000000000053       0x54 ./Middlewares/ST/STM32_TouchSensing_Library/src/tsl_globals.o
 .comment       0x0000000000000053       0x54 ./Middlewares/ST/STM32_TouchSensing_Library/src/tsl_object.o
 .comment       0x0000000000000053       0x54 ./Middlewares/ST/STM32_TouchSensing_Library/src/tsl_time.o
 .comment       0x0000000000000053       0x54 ./Middlewares/ST/STM32_TouchSensing_Library/src/tsl_touchkey.o
 .comment       0x0000000000000053       0x54 ./TOUCHSENSING/App/touchsensing.o
 .comment       0x0000000000000053       0x54 ./TOUCHSENSING/App/tsl_user.o

.debug_frame    0x0000000000000000     0x291c
 .debug_frame   0x0000000000000000       0xe4 ./Core/Src/main.o
 .debug_frame   0x00000000000000e4       0xb0 ./Core/Src/stm32f0xx_hal_msp.o
 .debug_frame   0x0000000000000194       0xd4 ./Core/Src/stm32f0xx_it.o
 .debug_frame   0x0000000000000268       0x4c ./Core/Src/system_stm32f0xx.o
 .debug_frame   0x00000000000002b4      0x2a4 ./Drivers/STM32F0xx_HAL_Driver/Src/stm32f0xx_hal.o
 .debug_frame   0x0000000000000558      0x2a0 ./Drivers/STM32F0xx_HAL_Driver/Src/stm32f0xx_hal_cortex.o
 .debug_frame   0x00000000000007f8      0x110 ./Drivers/STM32F0xx_HAL_Driver/Src/stm32f0xx_hal_gpio.o
 .debug_frame   0x0000000000000908      0x198 ./Drivers/STM32F0xx_HAL_Driver/Src/stm32f0xx_hal_rcc.o
 .debug_frame   0x0000000000000aa0      0xf00 ./Drivers/STM32F0xx_HAL_Driver/Src/stm32f0xx_hal_tim.o
 .debug_frame   0x00000000000019a0      0x560 ./Drivers/STM32F0xx_HAL_Driver/Src/stm32f0xx_hal_tim_ex.o
 .debug_frame   0x0000000000001f00      0x250 ./Drivers/STM32F0xx_HAL_Driver/Src/stm32f0xx_hal_tsc.o
 .debug_frame   0x0000000000002150       0x30 ./Middlewares/ST/STM32_TouchSensing_Library/src/tsl.o
 .debug_frame   0x0000000000002180       0x78 ./Middlewares/ST/STM32_TouchSensing_Library/src/tsl_acq.o
 .debug_frame   0x00000000000021f8      0x184 ./Middlewares/ST/STM32_TouchSensing_Library/src/tsl_acq_tsc.o
 .debug_frame   0x000000000000237c       0x30 ./Middlewares/ST/STM32_TouchSensing_Library/src/tsl_dxs.o
 .debug_frame   0x00000000000023ac       0x74 ./Middlewares/ST/STM32_TouchSensing_Library/src/tsl_ecs.o
 .debug_frame   0x0000000000002420       0x70 ./Middlewares/ST/STM32_TouchSensing_Library/src/tsl_object.o
 .debug_frame   0x0000000000002490       0x6c ./Middlewares/ST/STM32_TouchSensing_Library/src/tsl_time.o
 .debug_frame   0x00000000000024fc      0x2a8 ./Middlewares/ST/STM32_TouchSensing_Library/src/tsl_touchkey.o
 .debug_frame   0x00000000000027a4       0x2c ./TOUCHSENSING/App/touchsensing.o
 .debug_frame   0x00000000000027d0       0xe0 ./TOUCHSENSING/App/tsl_user.o
 .debug_frame   0x00000000000028b0       0x2c d:/st/stm32cubeide_1.7.0/stm32cubeide/plugins/com.st.stm32cube.ide.mcu.externaltools.gnu-tools-for-stm32.9-2020-q2-update.win32_2.0.0.202105311346/tools/bin/../lib/gcc/arm-none-eabi/9.3.1/../../../../arm-none-eabi/lib/thumb/v6-m/nofp\libc_nano.a(lib_a-init.o)
 .debug_frame   0x00000000000028dc       0x20 d:/st/stm32cubeide_1.7.0/stm32cubeide/plugins/com.st.stm32cube.ide.mcu.externaltools.gnu-tools-for-stm32.9-2020-q2-update.win32_2.0.0.202105311346/tools/bin/../lib/gcc/arm-none-eabi/9.3.1/../../../../arm-none-eabi/lib/thumb/v6-m/nofp\libc_nano.a(lib_a-memset.o)
 .debug_frame   0x00000000000028fc       0x20 d:/st/stm32cubeide_1.7.0/stm32cubeide/plugins/com.st.stm32cube.ide.mcu.externaltools.gnu-tools-for-stm32.9-2020-q2-update.win32_2.0.0.202105311346/tools/bin/../lib/gcc/arm-none-eabi/9.3.1/thumb/v6-m/nofp\libgcc.a(_udivsi3.o)
