tsl_touchkey.c:98:6:TSL_tkey_Init	8	static
tsl_touchkey.c:128:6:TSL_tkey_Process	16	static
tsl_touchkey.c:189:6:TSL_tkey_SetStateCalibration	16	static
tsl_touchkey.c:221:6:TSL_tkey_SetStateOff	8	static
tsl_touchkey.c:234:6:TSL_tkey_SetStateBurstOnly	8	static
tsl_touchkey.c:247:20:TSL_tkey_GetStateId	8	static
tsl_touchkey.c:258:22:TSL_tkey_GetStateMask	16	static
tsl_touchkey.c:285:11:TSL_tkey_IsChanged	8	static
tsl_touchkey.c:301:6:TSL_tkey_DebReleaseProxStateProcess	8	static
tsl_touchkey.c:332:6:TSL_tkey_DebReleaseDetectStateProcess	8	static
tsl_touchkey.c:371:6:TSL_tkey_DebReleaseTouchStateProcess	8	static
tsl_touchkey.c:409:6:TSL_tkey_ReleaseStateProcess	8	static
tsl_touchkey.c:481:6:TSL_tkey_DebCalibrationStateProcess	8	static
tsl_touchkey.c:513:6:TSL_tkey_CalibrationStateProcess	16	static
tsl_touchkey.c:595:6:TSL_tkey_DebProxStateProcess	8	static
tsl_touchkey.c:644:6:TSL_tkey_DebProxDetectStateProcess	8	static
tsl_touchkey.c:692:6:TSL_tkey_DebProxTouchStateProcess	8	static
tsl_touchkey.c:740:6:TSL_tkey_ProxStateProcess	8	static
tsl_touchkey.c:816:6:TSL_tkey_DebDetectStateProcess	8	static
tsl_touchkey.c:868:6:TSL_tkey_DetectStateProcess	8	static
tsl_touchkey.c:945:6:TSL_tkey_TouchStateProcess	8	static
tsl_touchkey.c:1021:6:TSL_tkey_DebErrorStateProcess	16	static
tsl_touchkey.c:1071:6:TSL_tkey_DTOGetTime	8	static
